<html>
<body>
<pre>
<h1>µVision Build Log</h1>
<h2>Tool Versions:</h2>
IDE-Version: µVision V5.36.0.0
Copyright (C) 2021 ARM Ltd and ARM Germany GmbH. All rights reserved.
License Information: Sergey Zharkikh, BMSTU, LIC=----
 
Tool Versions:
Toolchain:       MDK-Lite  Version: 5.36.0.0
Toolchain Path:  C:\Keil_v5\ARM\ARMCC\Bin
C Compiler:      Armcc.exe V5.06 update 7 (build 960)
Assembler:       Armasm.exe V5.06 update 7 (build 960)
Linker/Locator:  ArmLink.exe V5.06 update 7 (build 960)
Library Manager: ArmAr.exe V5.06 update 7 (build 960)
Hex Converter:   FromElf.exe V5.06 update 7 (build 960)
CPU DLL:         SARMCM3.DLL V5.36.0.0
Dialog DLL:      DCM.DLL V1.17.3.0
Target DLL:      Segger\JL2CM3.dll V2.99.40.0
Dialog DLL:      TCM.DLL V1.53.0.0
 
<h2>Project:</h2>
C:\Keil_v5\Test\Homework_DSP\Task2\HW_Task2_UART_LCD.uvprojx
Project File Date:  11/05/2022

<h2>Output:</h2>
*** Using Compiler 'V5.06 update 7 (build 960)', folder: 'C:\Keil_v5\ARM\ARMCC\Bin'
Build target 'Main_Group'
compiling main.c...
.\prj_files\inc\uLCD_func.h(98): warning:  #1-D: last line of file ends without a newline
  #endif // __U_LCD_FUNC
.\prj_files\inc\uUART_func.h(7): warning:  #1-D: last line of file ends without a newline
  #endif // __U_UART_FUNC
.\prj_files\inc\uRST_CLK_init.h(5): warning:  #1-D: last line of file ends without a newline
  #endif // __URST_CLK_INIT
.\prj_files\inc\uTimer_init.h(7): warning:  #1-D: last line of file ends without a newline
  #endif // __UTIMER_INIT
C:\Users\user\AppData\Local\Arm\Packs\Keil\MDR1986BExx\2.0.3\Libraries\SPL\MDR32Fx\inc\MDR32F9Qx_port.h(225): warning:  #1215-D: #warning directive: "Legacy v1.5.3: @ref BitAction enumeration (Bit_RESET, Bit_SET) will be removed. Use @ref BitStatus."
      #warning "Legacy v1.5.3: @ref BitAction enumeration (Bit_RESET, Bit_SET) will be removed. Use @ref BitStatus."
C:\Users\user\AppData\Local\Arm\Packs\Keil\MDR1986BExx\2.0.3\Libraries\SPL\MDR32Fx\inc\MDR32F9Qx_port.h(286): warning:  #1215-D: #warning directive: "Legacy v1.5.3: BitAction enumeration (Bit_RESET, Bit_SET) will be removed. In PORT_WriteBit() function use @ref BitStatus instead of @ref BitAction"
      #warning "Legacy v1.5.3: BitAction enumeration (Bit_RESET, Bit_SET) will be removed. In PORT_WriteBit() function use @ref BitStatus instead of @ref BitAction"
.\prj_files\inc\uLED_fun.h(10): warning:  #1-D: last line of file ends without a newline
  #endif /*__U_LED_FUN_H */
C:\Users\user\AppData\Local\Arm\Packs\Keil\MDR1986BExx\2.0.3\Libraries\SPL\MDR32Fx\inc\MDR32F9Qx_timer.h(91): warning:  #1215-D: #warning directive: "Legacy v1.5.3: TIMER_EvSrc_None is deprecated and will be removed, use TIMER_EvSrc_TIM_CLK instead"
      #warning "Legacy v1.5.3: TIMER_EvSrc_None is deprecated and will be removed, use TIMER_EvSrc_TIM_CLK instead"
C:\Users\user\AppData\Local\Arm\Packs\Keil\MDR1986BExx\2.0.3\Libraries\SPL\MDR32Fx\inc\MDR32F9Qx_uart.h(47): warning:  #1215-D: #warning directive: "Legacy v1.5.3: BaudRateStatus enumeration is deprecated. Use @ref ErrorStatus instead"
      #warning "Legacy v1.5.3: BaudRateStatus enumeration is deprecated. Use @ref ErrorStatus instead"
prj_files\src\main.c(40): warning:  #223-D: function "sprintf" declared implicitly
  	sprintf(adcString,"CPU Freq %2d MHz",FREQ_CPU);
prj_files\src\main.c: 10 warnings, 0 errors
linking...
Program Size: Code=5456 RO-data=2048 RW-data=8 ZI-data=5216  
".\Objects\HW_Task2_UART_LCD.axf" - 0 Error(s), 10 Warning(s).

<h2>Software Packages used:</h2>

Package Vendor: ARM
                http://www.keil.com/pack/ARM.CMSIS.5.8.0.pack
                ARM.CMSIS.5.8.0
                CMSIS (Common Microcontroller Software Interface Standard)
   * Component: CORE Version: 5.5.0

Package Vendor: Keil
                https://ic.milandr.ru/soft/Keil.MDR1986BExx.2.0.3.pack
                Keil.MDR1986BExx.2.0.3
                Milandr MDR1986BExx Series Device Support, Drivers and Examples
   * Component: Startup Version: 2.0.3
   * Component: PORT Version: 2.0.3
   * Component: RST_CLK Version: 2.0.3
   * Component: TIMER Version: 2.0.3
   * Component: UART Version: 2.0.3

<h2>Collection of Component include folders:</h2>
  .\RTE\Device\MDR1901VC1
  .\RTE\_Main_Group
  C:\Users\user\AppData\Local\Arm\Packs\ARM\CMSIS\5.8.0\CMSIS\Core\Include
  C:\Users\user\AppData\Local\Arm\Packs\Keil\MDR1986BExx\2.0.3\Libraries\CMSIS\MDR32Fx\CoreSupport\CM3
  C:\Users\user\AppData\Local\Arm\Packs\Keil\MDR1986BExx\2.0.3\Libraries\CMSIS\MDR32Fx\DeviceSupport\MDR1901VC1T\inc
  C:\Users\user\AppData\Local\Arm\Packs\Keil\MDR1986BExx\2.0.3\Libraries\SPL\MDR32Fx\inc

<h2>Collection of Component Files used:</h2>

   * Component: ARM::CMSIS:CORE:5.5.0

   * Component: Keil::Device:Startup:2.0.3
      Source file:   Libraries\CMSIS\MDR32Fx\DeviceSupport\MDR1901VC1T\startup\arm\startup_MDR1901VC1T.S
      Include file:  Libraries\CMSIS\MDR32Fx\DeviceSupport\MDR1901VC1T\startup\arm\system_MDR1901VC1T.h
      Include file:  Libraries\CMSIS\MDR32Fx\DeviceSupport\MDR1901VC1T\inc\MDR1901VC1T.h
      Include file:  Libraries\SPL\MDR32Fx\MDR32F9Qx_config.h
      Source file:   Libraries\CMSIS\MDR32Fx\DeviceSupport\MDR1901VC1T\startup\arm\system_MDR1901VC1T.c
      Include file:  Libraries\SPL\MDR32Fx\inc\IRQ_Handler_Template\MDR1901VC1_IT.h
      Include file:  Libraries\CMSIS\MDR32Fx\CoreSupport\CM3\core_cm3.h
      Source file:   Libraries\SPL\MDR32Fx\src\IRQ_Handler_Template\MDR1901VC1_IT.c

   * Component: Keil::Drivers:PORT:2.0.3
      Include file:  Libraries\SPL\MDR32Fx\inc\MDR32F9Qx_port.h
      Source file:   Libraries\SPL\MDR32Fx\src\MDR32F9Qx_port.c

   * Component: Keil::Drivers:RST_CLK:2.0.3
      Include file:  Libraries\SPL\MDR32Fx\inc\MDR32F9Qx_rst_clk.h
      Source file:   Libraries\SPL\MDR32Fx\src\MDR32F9Qx_rst_clk.c

   * Component: Keil::Drivers:TIMER:2.0.3
      Include file:  Libraries\SPL\MDR32Fx\inc\MDR32F9Qx_timer.h
      Source file:   Libraries\SPL\MDR32Fx\src\MDR32F9Qx_timer.c

   * Component: Keil::Drivers:UART:2.0.3
      Source file:   Libraries\SPL\MDR32Fx\src\MDR32F9Qx_uart.c
      Include file:  Libraries\SPL\MDR32Fx\inc\MDR32F9Qx_uart.h
Build Time Elapsed:  00:00:01
</pre>
</body>
</html>
