<!doctype html public "-//w3c//dtd html 4.0 transitional//en">
<html><head>
<title>Static Call Graph - [.\Objects\HW_Task2_UART_LCD.axf]</title></head>
<body><HR>
<H1>Static Call Graph for image .\Objects\HW_Task2_UART_LCD.axf</H1><HR>
<BR><P>#&#060CALLGRAPH&#062# ARM Linker, 6160001: Last Updated: Fri Nov 18 10:13:13 2022
<BR><P>
<H3>Maximum Stack Usage =        128 bytes + Unknown(Functions without stacksize, Cycles, Untraceable Function Pointers)</H3><H3>
Call chain for Maximum Stack Depth:</H3>
__rt_entry_main &rArr; main &rArr; __2sprintf &rArr; _printf_char_common &rArr; __printf
<P>
<H3>
Functions with no stack information
</H3><UL>
 <LI><a href="#[2d]">__user_initial_stackheap</a>
</UL>
</UL>
<P>
<H3>
Mutually Recursive functions
</H3> <LI><a href="#[1]">NonMaskableInt_Handler</a>&nbsp;&nbsp;&nbsp;&rArr;&nbsp;&nbsp;&nbsp;<a href="#[1]">NonMaskableInt_Handler</a><BR>
 <LI><a href="#[2]">HardFault_Handler</a>&nbsp;&nbsp;&nbsp;&rArr;&nbsp;&nbsp;&nbsp;<a href="#[2]">HardFault_Handler</a><BR>
 <LI><a href="#[3]">MemoryManagement_Handler</a>&nbsp;&nbsp;&nbsp;&rArr;&nbsp;&nbsp;&nbsp;<a href="#[3]">MemoryManagement_Handler</a><BR>
 <LI><a href="#[4]">BusFault_Handler</a>&nbsp;&nbsp;&nbsp;&rArr;&nbsp;&nbsp;&nbsp;<a href="#[4]">BusFault_Handler</a><BR>
 <LI><a href="#[5]">UsageFault_Handler</a>&nbsp;&nbsp;&nbsp;&rArr;&nbsp;&nbsp;&nbsp;<a href="#[5]">UsageFault_Handler</a><BR>
 <LI><a href="#[6]">SVCall_Handler</a>&nbsp;&nbsp;&nbsp;&rArr;&nbsp;&nbsp;&nbsp;<a href="#[6]">SVCall_Handler</a><BR>
 <LI><a href="#[7]">PendSV_Handler</a>&nbsp;&nbsp;&nbsp;&rArr;&nbsp;&nbsp;&nbsp;<a href="#[7]">PendSV_Handler</a><BR>
 <LI><a href="#[8]">SysTick_Handler</a>&nbsp;&nbsp;&nbsp;&rArr;&nbsp;&nbsp;&nbsp;<a href="#[8]">SysTick_Handler</a><BR>
 <LI><a href="#[9]">SSP3_IRQHandler</a>&nbsp;&nbsp;&nbsp;&rArr;&nbsp;&nbsp;&nbsp;<a href="#[9]">SSP3_IRQHandler</a><BR>
 <LI><a href="#[a]">SSP4_IRQHandler</a>&nbsp;&nbsp;&nbsp;&rArr;&nbsp;&nbsp;&nbsp;<a href="#[a]">SSP4_IRQHandler</a><BR>
 <LI><a href="#[b]">USB_IRQHandler</a>&nbsp;&nbsp;&nbsp;&rArr;&nbsp;&nbsp;&nbsp;<a href="#[b]">USB_IRQHandler</a><BR>
 <LI><a href="#[c]">MCBSP1_IRQHandler</a>&nbsp;&nbsp;&nbsp;&rArr;&nbsp;&nbsp;&nbsp;<a href="#[c]">MCBSP1_IRQHandler</a><BR>
 <LI><a href="#[d]">MCBSP2_IRQHandler</a>&nbsp;&nbsp;&nbsp;&rArr;&nbsp;&nbsp;&nbsp;<a href="#[d]">MCBSP2_IRQHandler</a><BR>
 <LI><a href="#[e]">DMA_IRQHandler</a>&nbsp;&nbsp;&nbsp;&rArr;&nbsp;&nbsp;&nbsp;<a href="#[e]">DMA_IRQHandler</a><BR>
 <LI><a href="#[f]">UART1_IRQHandler</a>&nbsp;&nbsp;&nbsp;&rArr;&nbsp;&nbsp;&nbsp;<a href="#[f]">UART1_IRQHandler</a><BR>
 <LI><a href="#[10]">UART2_IRQHandler</a>&nbsp;&nbsp;&nbsp;&rArr;&nbsp;&nbsp;&nbsp;<a href="#[10]">UART2_IRQHandler</a><BR>
 <LI><a href="#[11]">SSP1_IRQHandler</a>&nbsp;&nbsp;&nbsp;&rArr;&nbsp;&nbsp;&nbsp;<a href="#[11]">SSP1_IRQHandler</a><BR>
 <LI><a href="#[12]">MCBSP3_IRQHandler</a>&nbsp;&nbsp;&nbsp;&rArr;&nbsp;&nbsp;&nbsp;<a href="#[12]">MCBSP3_IRQHandler</a><BR>
 <LI><a href="#[13]">I2C_IRQHandler</a>&nbsp;&nbsp;&nbsp;&rArr;&nbsp;&nbsp;&nbsp;<a href="#[13]">I2C_IRQHandler</a><BR>
 <LI><a href="#[14]">POWER_IRQHandler</a>&nbsp;&nbsp;&nbsp;&rArr;&nbsp;&nbsp;&nbsp;<a href="#[14]">POWER_IRQHandler</a><BR>
 <LI><a href="#[15]">WWDG_IRQHandler</a>&nbsp;&nbsp;&nbsp;&rArr;&nbsp;&nbsp;&nbsp;<a href="#[15]">WWDG_IRQHandler</a><BR>
 <LI><a href="#[16]">DMA_DSP_IRQHandler</a>&nbsp;&nbsp;&nbsp;&rArr;&nbsp;&nbsp;&nbsp;<a href="#[16]">DMA_DSP_IRQHandler</a><BR>
 <LI><a href="#[18]">TIMER2_IRQHandler</a>&nbsp;&nbsp;&nbsp;&rArr;&nbsp;&nbsp;&nbsp;<a href="#[18]">TIMER2_IRQHandler</a><BR>
 <LI><a href="#[19]">TIMER3_IRQHandler</a>&nbsp;&nbsp;&nbsp;&rArr;&nbsp;&nbsp;&nbsp;<a href="#[19]">TIMER3_IRQHandler</a><BR>
 <LI><a href="#[1a]">ADC_IRQHandler</a>&nbsp;&nbsp;&nbsp;&rArr;&nbsp;&nbsp;&nbsp;<a href="#[1a]">ADC_IRQHandler</a><BR>
 <LI><a href="#[1b]">SDIO_IRQHandler</a>&nbsp;&nbsp;&nbsp;&rArr;&nbsp;&nbsp;&nbsp;<a href="#[1b]">SDIO_IRQHandler</a><BR>
 <LI><a href="#[1c]">COMPARATOR_IRQHandler</a>&nbsp;&nbsp;&nbsp;&rArr;&nbsp;&nbsp;&nbsp;<a href="#[1c]">COMPARATOR_IRQHandler</a><BR>
 <LI><a href="#[1d]">SSP2_IRQHandler</a>&nbsp;&nbsp;&nbsp;&rArr;&nbsp;&nbsp;&nbsp;<a href="#[1d]">SSP2_IRQHandler</a><BR>
 <LI><a href="#[1e]">AUDIO_IP_IRQHandler</a>&nbsp;&nbsp;&nbsp;&rArr;&nbsp;&nbsp;&nbsp;<a href="#[1e]">AUDIO_IP_IRQHandler</a><BR>
 <LI><a href="#[1f]">DSP_CRPT_IRQHandler</a>&nbsp;&nbsp;&nbsp;&rArr;&nbsp;&nbsp;&nbsp;<a href="#[1f]">DSP_CRPT_IRQHandler</a><BR>
 <LI><a href="#[20]">DSP_TIMER_IRQHandler</a>&nbsp;&nbsp;&nbsp;&rArr;&nbsp;&nbsp;&nbsp;<a href="#[20]">DSP_TIMER_IRQHandler</a><BR>
 <LI><a href="#[21]">DSP_CORE_IRQHandler</a>&nbsp;&nbsp;&nbsp;&rArr;&nbsp;&nbsp;&nbsp;<a href="#[21]">DSP_CORE_IRQHandler</a><BR>
 <LI><a href="#[22]">DSP_STATE_IRQHandler</a>&nbsp;&nbsp;&nbsp;&rArr;&nbsp;&nbsp;&nbsp;<a href="#[22]">DSP_STATE_IRQHandler</a><BR>
 <LI><a href="#[23]">UART3_IRQHandler</a>&nbsp;&nbsp;&nbsp;&rArr;&nbsp;&nbsp;&nbsp;<a href="#[23]">UART3_IRQHandler</a><BR>
 <LI><a href="#[24]">BACKUP_IRQHandler</a>&nbsp;&nbsp;&nbsp;&rArr;&nbsp;&nbsp;&nbsp;<a href="#[24]">BACKUP_IRQHandler</a><BR>
 <LI><a href="#[25]">EXT_INT1_IRQHandler</a>&nbsp;&nbsp;&nbsp;&rArr;&nbsp;&nbsp;&nbsp;<a href="#[25]">EXT_INT1_IRQHandler</a><BR>
 <LI><a href="#[26]">EXT_INT2_IRQHandler</a>&nbsp;&nbsp;&nbsp;&rArr;&nbsp;&nbsp;&nbsp;<a href="#[26]">EXT_INT2_IRQHandler</a><BR>
 <LI><a href="#[27]">EXT_INT3_IRQHandler</a>&nbsp;&nbsp;&nbsp;&rArr;&nbsp;&nbsp;&nbsp;<a href="#[27]">EXT_INT3_IRQHandler</a><BR>
 <LI><a href="#[28]">EXT_INT4_IRQHandler</a>&nbsp;&nbsp;&nbsp;&rArr;&nbsp;&nbsp;&nbsp;<a href="#[28]">EXT_INT4_IRQHandler</a><BR>
</UL>
<P>
<H3>
Function Pointers
</H3><UL>
 <LI><a href="#[1a]">ADC_IRQHandler</a> from startup_mdr1901vc1t.o(.text) referenced from startup_mdr1901vc1t.o(RESET)
 <LI><a href="#[1e]">AUDIO_IP_IRQHandler</a> from startup_mdr1901vc1t.o(.text) referenced from startup_mdr1901vc1t.o(RESET)
 <LI><a href="#[24]">BACKUP_IRQHandler</a> from startup_mdr1901vc1t.o(.text) referenced from startup_mdr1901vc1t.o(RESET)
 <LI><a href="#[4]">BusFault_Handler</a> from startup_mdr1901vc1t.o(.text) referenced from startup_mdr1901vc1t.o(RESET)
 <LI><a href="#[1c]">COMPARATOR_IRQHandler</a> from startup_mdr1901vc1t.o(.text) referenced from startup_mdr1901vc1t.o(RESET)
 <LI><a href="#[16]">DMA_DSP_IRQHandler</a> from startup_mdr1901vc1t.o(.text) referenced from startup_mdr1901vc1t.o(RESET)
 <LI><a href="#[e]">DMA_IRQHandler</a> from startup_mdr1901vc1t.o(.text) referenced from startup_mdr1901vc1t.o(RESET)
 <LI><a href="#[21]">DSP_CORE_IRQHandler</a> from startup_mdr1901vc1t.o(.text) referenced from startup_mdr1901vc1t.o(RESET)
 <LI><a href="#[1f]">DSP_CRPT_IRQHandler</a> from startup_mdr1901vc1t.o(.text) referenced from startup_mdr1901vc1t.o(RESET)
 <LI><a href="#[22]">DSP_STATE_IRQHandler</a> from startup_mdr1901vc1t.o(.text) referenced from startup_mdr1901vc1t.o(RESET)
 <LI><a href="#[20]">DSP_TIMER_IRQHandler</a> from startup_mdr1901vc1t.o(.text) referenced from startup_mdr1901vc1t.o(RESET)
 <LI><a href="#[25]">EXT_INT1_IRQHandler</a> from startup_mdr1901vc1t.o(.text) referenced from startup_mdr1901vc1t.o(RESET)
 <LI><a href="#[26]">EXT_INT2_IRQHandler</a> from startup_mdr1901vc1t.o(.text) referenced from startup_mdr1901vc1t.o(RESET)
 <LI><a href="#[27]">EXT_INT3_IRQHandler</a> from startup_mdr1901vc1t.o(.text) referenced from startup_mdr1901vc1t.o(RESET)
 <LI><a href="#[28]">EXT_INT4_IRQHandler</a> from startup_mdr1901vc1t.o(.text) referenced from startup_mdr1901vc1t.o(RESET)
 <LI><a href="#[2]">HardFault_Handler</a> from startup_mdr1901vc1t.o(.text) referenced from startup_mdr1901vc1t.o(RESET)
 <LI><a href="#[13]">I2C_IRQHandler</a> from startup_mdr1901vc1t.o(.text) referenced from startup_mdr1901vc1t.o(RESET)
 <LI><a href="#[c]">MCBSP1_IRQHandler</a> from startup_mdr1901vc1t.o(.text) referenced from startup_mdr1901vc1t.o(RESET)
 <LI><a href="#[d]">MCBSP2_IRQHandler</a> from startup_mdr1901vc1t.o(.text) referenced from startup_mdr1901vc1t.o(RESET)
 <LI><a href="#[12]">MCBSP3_IRQHandler</a> from startup_mdr1901vc1t.o(.text) referenced from startup_mdr1901vc1t.o(RESET)
 <LI><a href="#[3]">MemoryManagement_Handler</a> from startup_mdr1901vc1t.o(.text) referenced from startup_mdr1901vc1t.o(RESET)
 <LI><a href="#[1]">NonMaskableInt_Handler</a> from startup_mdr1901vc1t.o(.text) referenced from startup_mdr1901vc1t.o(RESET)
 <LI><a href="#[14]">POWER_IRQHandler</a> from startup_mdr1901vc1t.o(.text) referenced from startup_mdr1901vc1t.o(RESET)
 <LI><a href="#[7]">PendSV_Handler</a> from startup_mdr1901vc1t.o(.text) referenced from startup_mdr1901vc1t.o(RESET)
 <LI><a href="#[0]">Reset_Handler</a> from startup_mdr1901vc1t.o(.text) referenced from startup_mdr1901vc1t.o(RESET)
 <LI><a href="#[1b]">SDIO_IRQHandler</a> from startup_mdr1901vc1t.o(.text) referenced from startup_mdr1901vc1t.o(RESET)
 <LI><a href="#[11]">SSP1_IRQHandler</a> from startup_mdr1901vc1t.o(.text) referenced from startup_mdr1901vc1t.o(RESET)
 <LI><a href="#[1d]">SSP2_IRQHandler</a> from startup_mdr1901vc1t.o(.text) referenced from startup_mdr1901vc1t.o(RESET)
 <LI><a href="#[9]">SSP3_IRQHandler</a> from startup_mdr1901vc1t.o(.text) referenced from startup_mdr1901vc1t.o(RESET)
 <LI><a href="#[a]">SSP4_IRQHandler</a> from startup_mdr1901vc1t.o(.text) referenced from startup_mdr1901vc1t.o(RESET)
 <LI><a href="#[6]">SVCall_Handler</a> from startup_mdr1901vc1t.o(.text) referenced from startup_mdr1901vc1t.o(RESET)
 <LI><a href="#[8]">SysTick_Handler</a> from startup_mdr1901vc1t.o(.text) referenced from startup_mdr1901vc1t.o(RESET)
 <LI><a href="#[29]">SystemInit</a> from system_mdr1901vc1t.o(.text.SystemInit) referenced from startup_mdr1901vc1t.o(.text)
 <LI><a href="#[17]">TIMER1_IRQHandler</a> from main.o(.text.TIMER1_IRQHandler) referenced from startup_mdr1901vc1t.o(RESET)
 <LI><a href="#[18]">TIMER2_IRQHandler</a> from startup_mdr1901vc1t.o(.text) referenced from startup_mdr1901vc1t.o(RESET)
 <LI><a href="#[19]">TIMER3_IRQHandler</a> from startup_mdr1901vc1t.o(.text) referenced from startup_mdr1901vc1t.o(RESET)
 <LI><a href="#[f]">UART1_IRQHandler</a> from startup_mdr1901vc1t.o(.text) referenced from startup_mdr1901vc1t.o(RESET)
 <LI><a href="#[10]">UART2_IRQHandler</a> from startup_mdr1901vc1t.o(.text) referenced from startup_mdr1901vc1t.o(RESET)
 <LI><a href="#[23]">UART3_IRQHandler</a> from startup_mdr1901vc1t.o(.text) referenced from startup_mdr1901vc1t.o(RESET)
 <LI><a href="#[b]">USB_IRQHandler</a> from startup_mdr1901vc1t.o(.text) referenced from startup_mdr1901vc1t.o(RESET)
 <LI><a href="#[5]">UsageFault_Handler</a> from startup_mdr1901vc1t.o(.text) referenced from startup_mdr1901vc1t.o(RESET)
 <LI><a href="#[15]">WWDG_IRQHandler</a> from startup_mdr1901vc1t.o(.text) referenced from startup_mdr1901vc1t.o(RESET)
 <LI><a href="#[2a]">__main</a> from __main.o(!!!main) referenced from startup_mdr1901vc1t.o(.text)
 <LI><a href="#[2c]">_printf_input_char</a> from _printf_char_common.o(.text) referenced from _printf_char_common.o(.text)
 <LI><a href="#[2b]">_sputc</a> from _sputc.o(.text) referenced from noretval__2sprintf.o(.text)
</UL>
<P>
<H3>
Global Symbols
</H3>
<P><STRONG><a name="[2a]"></a>__main</STRONG> (Thumb, 8 bytes, Stack size 0 bytes, __main.o(!!!main))
<BR><BR>[Calls]<UL><LI><a href="#[2f]">&gt;&gt;</a>&nbsp;&nbsp;&nbsp;__rt_entry
<LI><a href="#[2e]">&gt;&gt;</a>&nbsp;&nbsp;&nbsp;__scatterload
</UL>
<BR>[Address Reference Count : 1]<UL><LI> startup_mdr1901vc1t.o(.text)
</UL>
<P><STRONG><a name="[2e]"></a>__scatterload</STRONG> (Thumb, 0 bytes, Stack size unknown bytes, __scatter.o(!!!scatter))
<BR><BR>[Called By]<UL><LI><a href="#[2a]">&gt;&gt;</a>&nbsp;&nbsp;&nbsp;__main
</UL>

<P><STRONG><a name="[30]"></a>__scatterload_rt2</STRONG> (Thumb, 44 bytes, Stack size unknown bytes, __scatter.o(!!!scatter), UNUSED)
<BR><BR>[Calls]<UL><LI><a href="#[2f]">&gt;&gt;</a>&nbsp;&nbsp;&nbsp;__rt_entry
</UL>

<P><STRONG><a name="[77]"></a>__scatterload_rt2_thumb_only</STRONG> (Thumb, 0 bytes, Stack size unknown bytes, __scatter.o(!!!scatter), UNUSED)

<P><STRONG><a name="[78]"></a>__scatterload_null</STRONG> (Thumb, 0 bytes, Stack size unknown bytes, __scatter.o(!!!scatter), UNUSED)

<P><STRONG><a name="[31]"></a>__scatterload_copy</STRONG> (Thumb, 26 bytes, Stack size unknown bytes, __scatter_copy.o(!!handler_copy), UNUSED)
<BR><BR>[Calls]<UL><LI><a href="#[31]">&gt;&gt;</a>&nbsp;&nbsp;&nbsp;__scatterload_copy
</UL>
<BR>[Called By]<UL><LI><a href="#[31]">&gt;&gt;</a>&nbsp;&nbsp;&nbsp;__scatterload_copy
</UL>

<P><STRONG><a name="[79]"></a>__scatterload_zeroinit</STRONG> (Thumb, 28 bytes, Stack size unknown bytes, __scatter_zi.o(!!handler_zi), UNUSED)

<P><STRONG><a name="[32]"></a>_printf_d</STRONG> (Thumb, 0 bytes, Stack size unknown bytes, _printf_d.o(.ARM.Collect$$_printf_percent$$00000009))
<BR><BR>[Stack]<UL><LI>Max Depth = 72 + Unknown Stack Size
<LI>Call Chain = _printf_d &rArr; _printf_int_dec &rArr; _printf_int_common &rArr; _printf_post_padding
</UL>
<BR>[Calls]<UL><LI><a href="#[33]">&gt;&gt;</a>&nbsp;&nbsp;&nbsp;_printf_int_dec
</UL>

<P><STRONG><a name="[44]"></a>_printf_percent</STRONG> (Thumb, 0 bytes, Stack size unknown bytes, _printf_percent.o(.ARM.Collect$$_printf_percent$$00000000))
<BR><BR>[Called By]<UL><LI><a href="#[42]">&gt;&gt;</a>&nbsp;&nbsp;&nbsp;__printf
</UL>

<P><STRONG><a name="[7a]"></a>_printf_percent_end</STRONG> (Thumb, 0 bytes, Stack size unknown bytes, _printf_percent_end.o(.ARM.Collect$$_printf_percent$$00000017))

<P><STRONG><a name="[37]"></a>__rt_lib_init</STRONG> (Thumb, 0 bytes, Stack size unknown bytes, libinit.o(.ARM.Collect$$libinit$$00000000))
<BR><BR>[Called By]<UL><LI><a href="#[36]">&gt;&gt;</a>&nbsp;&nbsp;&nbsp;__rt_entry_li
</UL>

<P><STRONG><a name="[7b]"></a>__rt_lib_init_alloca_1</STRONG> (Thumb, 0 bytes, Stack size unknown bytes, libinit2.o(.ARM.Collect$$libinit$$0000002E))

<P><STRONG><a name="[7c]"></a>__rt_lib_init_argv_1</STRONG> (Thumb, 0 bytes, Stack size unknown bytes, libinit2.o(.ARM.Collect$$libinit$$0000002C))

<P><STRONG><a name="[7d]"></a>__rt_lib_init_atexit_1</STRONG> (Thumb, 0 bytes, Stack size unknown bytes, libinit2.o(.ARM.Collect$$libinit$$0000001B))

<P><STRONG><a name="[7e]"></a>__rt_lib_init_clock_1</STRONG> (Thumb, 0 bytes, Stack size unknown bytes, libinit2.o(.ARM.Collect$$libinit$$00000021))

<P><STRONG><a name="[7f]"></a>__rt_lib_init_cpp_1</STRONG> (Thumb, 0 bytes, Stack size unknown bytes, libinit2.o(.ARM.Collect$$libinit$$00000032))

<P><STRONG><a name="[80]"></a>__rt_lib_init_exceptions_1</STRONG> (Thumb, 0 bytes, Stack size unknown bytes, libinit2.o(.ARM.Collect$$libinit$$00000030))

<P><STRONG><a name="[81]"></a>__rt_lib_init_fp_1</STRONG> (Thumb, 0 bytes, Stack size unknown bytes, libinit2.o(.ARM.Collect$$libinit$$00000002))

<P><STRONG><a name="[82]"></a>__rt_lib_init_fp_trap_1</STRONG> (Thumb, 0 bytes, Stack size unknown bytes, libinit2.o(.ARM.Collect$$libinit$$0000001F))

<P><STRONG><a name="[83]"></a>__rt_lib_init_getenv_1</STRONG> (Thumb, 0 bytes, Stack size unknown bytes, libinit2.o(.ARM.Collect$$libinit$$00000023))

<P><STRONG><a name="[84]"></a>__rt_lib_init_heap_1</STRONG> (Thumb, 0 bytes, Stack size unknown bytes, libinit2.o(.ARM.Collect$$libinit$$0000000A))

<P><STRONG><a name="[85]"></a>__rt_lib_init_lc_collate_1</STRONG> (Thumb, 0 bytes, Stack size unknown bytes, libinit2.o(.ARM.Collect$$libinit$$00000011))

<P><STRONG><a name="[86]"></a>__rt_lib_init_lc_ctype_1</STRONG> (Thumb, 0 bytes, Stack size unknown bytes, libinit2.o(.ARM.Collect$$libinit$$00000013))

<P><STRONG><a name="[87]"></a>__rt_lib_init_lc_monetary_1</STRONG> (Thumb, 0 bytes, Stack size unknown bytes, libinit2.o(.ARM.Collect$$libinit$$00000015))

<P><STRONG><a name="[88]"></a>__rt_lib_init_lc_numeric_1</STRONG> (Thumb, 0 bytes, Stack size unknown bytes, libinit2.o(.ARM.Collect$$libinit$$00000017))

<P><STRONG><a name="[89]"></a>__rt_lib_init_lc_time_1</STRONG> (Thumb, 0 bytes, Stack size unknown bytes, libinit2.o(.ARM.Collect$$libinit$$00000019))

<P><STRONG><a name="[8a]"></a>__rt_lib_init_preinit_1</STRONG> (Thumb, 0 bytes, Stack size unknown bytes, libinit2.o(.ARM.Collect$$libinit$$00000004))

<P><STRONG><a name="[8b]"></a>__rt_lib_init_rand_1</STRONG> (Thumb, 0 bytes, Stack size unknown bytes, libinit2.o(.ARM.Collect$$libinit$$0000000E))

<P><STRONG><a name="[8c]"></a>__rt_lib_init_return</STRONG> (Thumb, 0 bytes, Stack size unknown bytes, libinit2.o(.ARM.Collect$$libinit$$00000033))

<P><STRONG><a name="[8d]"></a>__rt_lib_init_signal_1</STRONG> (Thumb, 0 bytes, Stack size unknown bytes, libinit2.o(.ARM.Collect$$libinit$$0000001D))

<P><STRONG><a name="[8e]"></a>__rt_lib_init_stdio_1</STRONG> (Thumb, 0 bytes, Stack size unknown bytes, libinit2.o(.ARM.Collect$$libinit$$00000025))

<P><STRONG><a name="[8f]"></a>__rt_lib_init_user_alloc_1</STRONG> (Thumb, 0 bytes, Stack size unknown bytes, libinit2.o(.ARM.Collect$$libinit$$0000000C))

<P><STRONG><a name="[3c]"></a>__rt_lib_shutdown</STRONG> (Thumb, 0 bytes, Stack size unknown bytes, libshutdown.o(.ARM.Collect$$libshutdown$$00000000))
<BR><BR>[Called By]<UL><LI><a href="#[3b]">&gt;&gt;</a>&nbsp;&nbsp;&nbsp;__rt_exit_ls
</UL>

<P><STRONG><a name="[90]"></a>__rt_lib_shutdown_cpp_1</STRONG> (Thumb, 0 bytes, Stack size unknown bytes, libshutdown2.o(.ARM.Collect$$libshutdown$$00000002))

<P><STRONG><a name="[91]"></a>__rt_lib_shutdown_fp_trap_1</STRONG> (Thumb, 0 bytes, Stack size unknown bytes, libshutdown2.o(.ARM.Collect$$libshutdown$$00000007))

<P><STRONG><a name="[92]"></a>__rt_lib_shutdown_heap_1</STRONG> (Thumb, 0 bytes, Stack size unknown bytes, libshutdown2.o(.ARM.Collect$$libshutdown$$0000000F))

<P><STRONG><a name="[93]"></a>__rt_lib_shutdown_return</STRONG> (Thumb, 0 bytes, Stack size unknown bytes, libshutdown2.o(.ARM.Collect$$libshutdown$$00000010))

<P><STRONG><a name="[94]"></a>__rt_lib_shutdown_signal_1</STRONG> (Thumb, 0 bytes, Stack size unknown bytes, libshutdown2.o(.ARM.Collect$$libshutdown$$0000000A))

<P><STRONG><a name="[95]"></a>__rt_lib_shutdown_stdio_1</STRONG> (Thumb, 0 bytes, Stack size unknown bytes, libshutdown2.o(.ARM.Collect$$libshutdown$$00000004))

<P><STRONG><a name="[96]"></a>__rt_lib_shutdown_user_alloc_1</STRONG> (Thumb, 0 bytes, Stack size unknown bytes, libshutdown2.o(.ARM.Collect$$libshutdown$$0000000C))

<P><STRONG><a name="[2f]"></a>__rt_entry</STRONG> (Thumb, 0 bytes, Stack size unknown bytes, __rtentry.o(.ARM.Collect$$rtentry$$00000000))
<BR><BR>[Called By]<UL><LI><a href="#[2a]">&gt;&gt;</a>&nbsp;&nbsp;&nbsp;__main
<LI><a href="#[30]">&gt;&gt;</a>&nbsp;&nbsp;&nbsp;__scatterload_rt2
</UL>

<P><STRONG><a name="[97]"></a>__rt_entry_presh_1</STRONG> (Thumb, 0 bytes, Stack size unknown bytes, __rtentry2.o(.ARM.Collect$$rtentry$$00000002))

<P><STRONG><a name="[34]"></a>__rt_entry_sh</STRONG> (Thumb, 0 bytes, Stack size unknown bytes, __rtentry4.o(.ARM.Collect$$rtentry$$00000004))
<BR><BR>[Stack]<UL><LI>Max Depth = 8 + Unknown Stack Size
<LI>Call Chain = __rt_entry_sh &rArr; __user_setup_stackheap
</UL>
<BR>[Calls]<UL><LI><a href="#[35]">&gt;&gt;</a>&nbsp;&nbsp;&nbsp;__user_setup_stackheap
</UL>

<P><STRONG><a name="[36]"></a>__rt_entry_li</STRONG> (Thumb, 0 bytes, Stack size unknown bytes, __rtentry2.o(.ARM.Collect$$rtentry$$0000000A))
<BR><BR>[Calls]<UL><LI><a href="#[37]">&gt;&gt;</a>&nbsp;&nbsp;&nbsp;__rt_lib_init
</UL>

<P><STRONG><a name="[98]"></a>__rt_entry_postsh_1</STRONG> (Thumb, 0 bytes, Stack size unknown bytes, __rtentry2.o(.ARM.Collect$$rtentry$$00000009))

<P><STRONG><a name="[38]"></a>__rt_entry_main</STRONG> (Thumb, 0 bytes, Stack size unknown bytes, __rtentry2.o(.ARM.Collect$$rtentry$$0000000D))
<BR><BR>[Stack]<UL><LI>Max Depth = 128 + Unknown Stack Size
<LI>Call Chain = __rt_entry_main &rArr; main &rArr; __2sprintf &rArr; _printf_char_common &rArr; __printf
</UL>
<BR>[Calls]<UL><LI><a href="#[3a]">&gt;&gt;</a>&nbsp;&nbsp;&nbsp;exit
<LI><a href="#[39]">&gt;&gt;</a>&nbsp;&nbsp;&nbsp;main
</UL>

<P><STRONG><a name="[99]"></a>__rt_entry_postli_1</STRONG> (Thumb, 0 bytes, Stack size unknown bytes, __rtentry2.o(.ARM.Collect$$rtentry$$0000000C))

<P><STRONG><a name="[48]"></a>__rt_exit</STRONG> (Thumb, 0 bytes, Stack size unknown bytes, rtexit.o(.ARM.Collect$$rtexit$$00000000))
<BR><BR>[Called By]<UL><LI><a href="#[3a]">&gt;&gt;</a>&nbsp;&nbsp;&nbsp;exit
</UL>

<P><STRONG><a name="[3b]"></a>__rt_exit_ls</STRONG> (Thumb, 0 bytes, Stack size unknown bytes, rtexit2.o(.ARM.Collect$$rtexit$$00000003))
<BR><BR>[Calls]<UL><LI><a href="#[3c]">&gt;&gt;</a>&nbsp;&nbsp;&nbsp;__rt_lib_shutdown
</UL>

<P><STRONG><a name="[9a]"></a>__rt_exit_prels_1</STRONG> (Thumb, 0 bytes, Stack size unknown bytes, rtexit2.o(.ARM.Collect$$rtexit$$00000002))

<P><STRONG><a name="[3d]"></a>__rt_exit_exit</STRONG> (Thumb, 0 bytes, Stack size unknown bytes, rtexit2.o(.ARM.Collect$$rtexit$$00000004))
<BR><BR>[Calls]<UL><LI><a href="#[3e]">&gt;&gt;</a>&nbsp;&nbsp;&nbsp;_sys_exit
</UL>

<P><STRONG><a name="[0]"></a>Reset_Handler</STRONG> (Thumb, 8 bytes, Stack size 0 bytes, startup_mdr1901vc1t.o(.text))
<BR>[Address Reference Count : 1]<UL><LI> startup_mdr1901vc1t.o(RESET)
</UL>
<P><STRONG><a name="[1]"></a>NonMaskableInt_Handler</STRONG> (Thumb, 2 bytes, Stack size 0 bytes, startup_mdr1901vc1t.o(.text))
<BR><BR>[Calls]<UL><LI><a href="#[1]">&gt;&gt;</a>&nbsp;&nbsp;&nbsp;NonMaskableInt_Handler
</UL>
<BR>[Called By]<UL><LI><a href="#[1]">&gt;&gt;</a>&nbsp;&nbsp;&nbsp;NonMaskableInt_Handler
</UL>
<BR>[Address Reference Count : 1]<UL><LI> startup_mdr1901vc1t.o(RESET)
</UL>
<P><STRONG><a name="[2]"></a>HardFault_Handler</STRONG> (Thumb, 2 bytes, Stack size 0 bytes, startup_mdr1901vc1t.o(.text))
<BR><BR>[Calls]<UL><LI><a href="#[2]">&gt;&gt;</a>&nbsp;&nbsp;&nbsp;HardFault_Handler
</UL>
<BR>[Called By]<UL><LI><a href="#[2]">&gt;&gt;</a>&nbsp;&nbsp;&nbsp;HardFault_Handler
</UL>
<BR>[Address Reference Count : 1]<UL><LI> startup_mdr1901vc1t.o(RESET)
</UL>
<P><STRONG><a name="[3]"></a>MemoryManagement_Handler</STRONG> (Thumb, 2 bytes, Stack size 0 bytes, startup_mdr1901vc1t.o(.text))
<BR><BR>[Calls]<UL><LI><a href="#[3]">&gt;&gt;</a>&nbsp;&nbsp;&nbsp;MemoryManagement_Handler
</UL>
<BR>[Called By]<UL><LI><a href="#[3]">&gt;&gt;</a>&nbsp;&nbsp;&nbsp;MemoryManagement_Handler
</UL>
<BR>[Address Reference Count : 1]<UL><LI> startup_mdr1901vc1t.o(RESET)
</UL>
<P><STRONG><a name="[4]"></a>BusFault_Handler</STRONG> (Thumb, 2 bytes, Stack size 0 bytes, startup_mdr1901vc1t.o(.text))
<BR><BR>[Calls]<UL><LI><a href="#[4]">&gt;&gt;</a>&nbsp;&nbsp;&nbsp;BusFault_Handler
</UL>
<BR>[Called By]<UL><LI><a href="#[4]">&gt;&gt;</a>&nbsp;&nbsp;&nbsp;BusFault_Handler
</UL>
<BR>[Address Reference Count : 1]<UL><LI> startup_mdr1901vc1t.o(RESET)
</UL>
<P><STRONG><a name="[5]"></a>UsageFault_Handler</STRONG> (Thumb, 2 bytes, Stack size 0 bytes, startup_mdr1901vc1t.o(.text))
<BR><BR>[Calls]<UL><LI><a href="#[5]">&gt;&gt;</a>&nbsp;&nbsp;&nbsp;UsageFault_Handler
</UL>
<BR>[Called By]<UL><LI><a href="#[5]">&gt;&gt;</a>&nbsp;&nbsp;&nbsp;UsageFault_Handler
</UL>
<BR>[Address Reference Count : 1]<UL><LI> startup_mdr1901vc1t.o(RESET)
</UL>
<P><STRONG><a name="[6]"></a>SVCall_Handler</STRONG> (Thumb, 2 bytes, Stack size 0 bytes, startup_mdr1901vc1t.o(.text))
<BR><BR>[Calls]<UL><LI><a href="#[6]">&gt;&gt;</a>&nbsp;&nbsp;&nbsp;SVCall_Handler
</UL>
<BR>[Called By]<UL><LI><a href="#[6]">&gt;&gt;</a>&nbsp;&nbsp;&nbsp;SVCall_Handler
</UL>
<BR>[Address Reference Count : 1]<UL><LI> startup_mdr1901vc1t.o(RESET)
</UL>
<P><STRONG><a name="[7]"></a>PendSV_Handler</STRONG> (Thumb, 2 bytes, Stack size 0 bytes, startup_mdr1901vc1t.o(.text))
<BR><BR>[Calls]<UL><LI><a href="#[7]">&gt;&gt;</a>&nbsp;&nbsp;&nbsp;PendSV_Handler
</UL>
<BR>[Called By]<UL><LI><a href="#[7]">&gt;&gt;</a>&nbsp;&nbsp;&nbsp;PendSV_Handler
</UL>
<BR>[Address Reference Count : 1]<UL><LI> startup_mdr1901vc1t.o(RESET)
</UL>
<P><STRONG><a name="[8]"></a>SysTick_Handler</STRONG> (Thumb, 2 bytes, Stack size 0 bytes, startup_mdr1901vc1t.o(.text))
<BR><BR>[Calls]<UL><LI><a href="#[8]">&gt;&gt;</a>&nbsp;&nbsp;&nbsp;SysTick_Handler
</UL>
<BR>[Called By]<UL><LI><a href="#[8]">&gt;&gt;</a>&nbsp;&nbsp;&nbsp;SysTick_Handler
</UL>
<BR>[Address Reference Count : 1]<UL><LI> startup_mdr1901vc1t.o(RESET)
</UL>
<P><STRONG><a name="[9]"></a>SSP3_IRQHandler</STRONG> (Thumb, 2 bytes, Stack size 0 bytes, startup_mdr1901vc1t.o(.text))
<BR><BR>[Calls]<UL><LI><a href="#[9]">&gt;&gt;</a>&nbsp;&nbsp;&nbsp;SSP3_IRQHandler
</UL>
<BR>[Called By]<UL><LI><a href="#[9]">&gt;&gt;</a>&nbsp;&nbsp;&nbsp;SSP3_IRQHandler
</UL>
<BR>[Address Reference Count : 1]<UL><LI> startup_mdr1901vc1t.o(RESET)
</UL>
<P><STRONG><a name="[a]"></a>SSP4_IRQHandler</STRONG> (Thumb, 2 bytes, Stack size 0 bytes, startup_mdr1901vc1t.o(.text))
<BR><BR>[Calls]<UL><LI><a href="#[a]">&gt;&gt;</a>&nbsp;&nbsp;&nbsp;SSP4_IRQHandler
</UL>
<BR>[Called By]<UL><LI><a href="#[a]">&gt;&gt;</a>&nbsp;&nbsp;&nbsp;SSP4_IRQHandler
</UL>
<BR>[Address Reference Count : 1]<UL><LI> startup_mdr1901vc1t.o(RESET)
</UL>
<P><STRONG><a name="[b]"></a>USB_IRQHandler</STRONG> (Thumb, 2 bytes, Stack size 0 bytes, startup_mdr1901vc1t.o(.text))
<BR><BR>[Calls]<UL><LI><a href="#[b]">&gt;&gt;</a>&nbsp;&nbsp;&nbsp;USB_IRQHandler
</UL>
<BR>[Called By]<UL><LI><a href="#[b]">&gt;&gt;</a>&nbsp;&nbsp;&nbsp;USB_IRQHandler
</UL>
<BR>[Address Reference Count : 1]<UL><LI> startup_mdr1901vc1t.o(RESET)
</UL>
<P><STRONG><a name="[c]"></a>MCBSP1_IRQHandler</STRONG> (Thumb, 2 bytes, Stack size 0 bytes, startup_mdr1901vc1t.o(.text))
<BR><BR>[Calls]<UL><LI><a href="#[c]">&gt;&gt;</a>&nbsp;&nbsp;&nbsp;MCBSP1_IRQHandler
</UL>
<BR>[Called By]<UL><LI><a href="#[c]">&gt;&gt;</a>&nbsp;&nbsp;&nbsp;MCBSP1_IRQHandler
</UL>
<BR>[Address Reference Count : 1]<UL><LI> startup_mdr1901vc1t.o(RESET)
</UL>
<P><STRONG><a name="[d]"></a>MCBSP2_IRQHandler</STRONG> (Thumb, 2 bytes, Stack size 0 bytes, startup_mdr1901vc1t.o(.text))
<BR><BR>[Calls]<UL><LI><a href="#[d]">&gt;&gt;</a>&nbsp;&nbsp;&nbsp;MCBSP2_IRQHandler
</UL>
<BR>[Called By]<UL><LI><a href="#[d]">&gt;&gt;</a>&nbsp;&nbsp;&nbsp;MCBSP2_IRQHandler
</UL>
<BR>[Address Reference Count : 1]<UL><LI> startup_mdr1901vc1t.o(RESET)
</UL>
<P><STRONG><a name="[e]"></a>DMA_IRQHandler</STRONG> (Thumb, 2 bytes, Stack size 0 bytes, startup_mdr1901vc1t.o(.text))
<BR><BR>[Calls]<UL><LI><a href="#[e]">&gt;&gt;</a>&nbsp;&nbsp;&nbsp;DMA_IRQHandler
</UL>
<BR>[Called By]<UL><LI><a href="#[e]">&gt;&gt;</a>&nbsp;&nbsp;&nbsp;DMA_IRQHandler
</UL>
<BR>[Address Reference Count : 1]<UL><LI> startup_mdr1901vc1t.o(RESET)
</UL>
<P><STRONG><a name="[f]"></a>UART1_IRQHandler</STRONG> (Thumb, 2 bytes, Stack size 0 bytes, startup_mdr1901vc1t.o(.text))
<BR><BR>[Calls]<UL><LI><a href="#[f]">&gt;&gt;</a>&nbsp;&nbsp;&nbsp;UART1_IRQHandler
</UL>
<BR>[Called By]<UL><LI><a href="#[f]">&gt;&gt;</a>&nbsp;&nbsp;&nbsp;UART1_IRQHandler
</UL>
<BR>[Address Reference Count : 1]<UL><LI> startup_mdr1901vc1t.o(RESET)
</UL>
<P><STRONG><a name="[10]"></a>UART2_IRQHandler</STRONG> (Thumb, 2 bytes, Stack size 0 bytes, startup_mdr1901vc1t.o(.text))
<BR><BR>[Calls]<UL><LI><a href="#[10]">&gt;&gt;</a>&nbsp;&nbsp;&nbsp;UART2_IRQHandler
</UL>
<BR>[Called By]<UL><LI><a href="#[10]">&gt;&gt;</a>&nbsp;&nbsp;&nbsp;UART2_IRQHandler
</UL>
<BR>[Address Reference Count : 1]<UL><LI> startup_mdr1901vc1t.o(RESET)
</UL>
<P><STRONG><a name="[11]"></a>SSP1_IRQHandler</STRONG> (Thumb, 2 bytes, Stack size 0 bytes, startup_mdr1901vc1t.o(.text))
<BR><BR>[Calls]<UL><LI><a href="#[11]">&gt;&gt;</a>&nbsp;&nbsp;&nbsp;SSP1_IRQHandler
</UL>
<BR>[Called By]<UL><LI><a href="#[11]">&gt;&gt;</a>&nbsp;&nbsp;&nbsp;SSP1_IRQHandler
</UL>
<BR>[Address Reference Count : 1]<UL><LI> startup_mdr1901vc1t.o(RESET)
</UL>
<P><STRONG><a name="[12]"></a>MCBSP3_IRQHandler</STRONG> (Thumb, 2 bytes, Stack size 0 bytes, startup_mdr1901vc1t.o(.text))
<BR><BR>[Calls]<UL><LI><a href="#[12]">&gt;&gt;</a>&nbsp;&nbsp;&nbsp;MCBSP3_IRQHandler
</UL>
<BR>[Called By]<UL><LI><a href="#[12]">&gt;&gt;</a>&nbsp;&nbsp;&nbsp;MCBSP3_IRQHandler
</UL>
<BR>[Address Reference Count : 1]<UL><LI> startup_mdr1901vc1t.o(RESET)
</UL>
<P><STRONG><a name="[13]"></a>I2C_IRQHandler</STRONG> (Thumb, 2 bytes, Stack size 0 bytes, startup_mdr1901vc1t.o(.text))
<BR><BR>[Calls]<UL><LI><a href="#[13]">&gt;&gt;</a>&nbsp;&nbsp;&nbsp;I2C_IRQHandler
</UL>
<BR>[Called By]<UL><LI><a href="#[13]">&gt;&gt;</a>&nbsp;&nbsp;&nbsp;I2C_IRQHandler
</UL>
<BR>[Address Reference Count : 1]<UL><LI> startup_mdr1901vc1t.o(RESET)
</UL>
<P><STRONG><a name="[14]"></a>POWER_IRQHandler</STRONG> (Thumb, 2 bytes, Stack size 0 bytes, startup_mdr1901vc1t.o(.text))
<BR><BR>[Calls]<UL><LI><a href="#[14]">&gt;&gt;</a>&nbsp;&nbsp;&nbsp;POWER_IRQHandler
</UL>
<BR>[Called By]<UL><LI><a href="#[14]">&gt;&gt;</a>&nbsp;&nbsp;&nbsp;POWER_IRQHandler
</UL>
<BR>[Address Reference Count : 1]<UL><LI> startup_mdr1901vc1t.o(RESET)
</UL>
<P><STRONG><a name="[15]"></a>WWDG_IRQHandler</STRONG> (Thumb, 2 bytes, Stack size 0 bytes, startup_mdr1901vc1t.o(.text))
<BR><BR>[Calls]<UL><LI><a href="#[15]">&gt;&gt;</a>&nbsp;&nbsp;&nbsp;WWDG_IRQHandler
</UL>
<BR>[Called By]<UL><LI><a href="#[15]">&gt;&gt;</a>&nbsp;&nbsp;&nbsp;WWDG_IRQHandler
</UL>
<BR>[Address Reference Count : 1]<UL><LI> startup_mdr1901vc1t.o(RESET)
</UL>
<P><STRONG><a name="[16]"></a>DMA_DSP_IRQHandler</STRONG> (Thumb, 2 bytes, Stack size 0 bytes, startup_mdr1901vc1t.o(.text))
<BR><BR>[Calls]<UL><LI><a href="#[16]">&gt;&gt;</a>&nbsp;&nbsp;&nbsp;DMA_DSP_IRQHandler
</UL>
<BR>[Called By]<UL><LI><a href="#[16]">&gt;&gt;</a>&nbsp;&nbsp;&nbsp;DMA_DSP_IRQHandler
</UL>
<BR>[Address Reference Count : 1]<UL><LI> startup_mdr1901vc1t.o(RESET)
</UL>
<P><STRONG><a name="[18]"></a>TIMER2_IRQHandler</STRONG> (Thumb, 2 bytes, Stack size 0 bytes, startup_mdr1901vc1t.o(.text))
<BR><BR>[Calls]<UL><LI><a href="#[18]">&gt;&gt;</a>&nbsp;&nbsp;&nbsp;TIMER2_IRQHandler
</UL>
<BR>[Called By]<UL><LI><a href="#[18]">&gt;&gt;</a>&nbsp;&nbsp;&nbsp;TIMER2_IRQHandler
</UL>
<BR>[Address Reference Count : 1]<UL><LI> startup_mdr1901vc1t.o(RESET)
</UL>
<P><STRONG><a name="[19]"></a>TIMER3_IRQHandler</STRONG> (Thumb, 2 bytes, Stack size 0 bytes, startup_mdr1901vc1t.o(.text))
<BR><BR>[Calls]<UL><LI><a href="#[19]">&gt;&gt;</a>&nbsp;&nbsp;&nbsp;TIMER3_IRQHandler
</UL>
<BR>[Called By]<UL><LI><a href="#[19]">&gt;&gt;</a>&nbsp;&nbsp;&nbsp;TIMER3_IRQHandler
</UL>
<BR>[Address Reference Count : 1]<UL><LI> startup_mdr1901vc1t.o(RESET)
</UL>
<P><STRONG><a name="[1a]"></a>ADC_IRQHandler</STRONG> (Thumb, 2 bytes, Stack size 0 bytes, startup_mdr1901vc1t.o(.text))
<BR><BR>[Calls]<UL><LI><a href="#[1a]">&gt;&gt;</a>&nbsp;&nbsp;&nbsp;ADC_IRQHandler
</UL>
<BR>[Called By]<UL><LI><a href="#[1a]">&gt;&gt;</a>&nbsp;&nbsp;&nbsp;ADC_IRQHandler
</UL>
<BR>[Address Reference Count : 1]<UL><LI> startup_mdr1901vc1t.o(RESET)
</UL>
<P><STRONG><a name="[1b]"></a>SDIO_IRQHandler</STRONG> (Thumb, 2 bytes, Stack size 0 bytes, startup_mdr1901vc1t.o(.text))
<BR><BR>[Calls]<UL><LI><a href="#[1b]">&gt;&gt;</a>&nbsp;&nbsp;&nbsp;SDIO_IRQHandler
</UL>
<BR>[Called By]<UL><LI><a href="#[1b]">&gt;&gt;</a>&nbsp;&nbsp;&nbsp;SDIO_IRQHandler
</UL>
<BR>[Address Reference Count : 1]<UL><LI> startup_mdr1901vc1t.o(RESET)
</UL>
<P><STRONG><a name="[1c]"></a>COMPARATOR_IRQHandler</STRONG> (Thumb, 2 bytes, Stack size 0 bytes, startup_mdr1901vc1t.o(.text))
<BR><BR>[Calls]<UL><LI><a href="#[1c]">&gt;&gt;</a>&nbsp;&nbsp;&nbsp;COMPARATOR_IRQHandler
</UL>
<BR>[Called By]<UL><LI><a href="#[1c]">&gt;&gt;</a>&nbsp;&nbsp;&nbsp;COMPARATOR_IRQHandler
</UL>
<BR>[Address Reference Count : 1]<UL><LI> startup_mdr1901vc1t.o(RESET)
</UL>
<P><STRONG><a name="[1d]"></a>SSP2_IRQHandler</STRONG> (Thumb, 2 bytes, Stack size 0 bytes, startup_mdr1901vc1t.o(.text))
<BR><BR>[Calls]<UL><LI><a href="#[1d]">&gt;&gt;</a>&nbsp;&nbsp;&nbsp;SSP2_IRQHandler
</UL>
<BR>[Called By]<UL><LI><a href="#[1d]">&gt;&gt;</a>&nbsp;&nbsp;&nbsp;SSP2_IRQHandler
</UL>
<BR>[Address Reference Count : 1]<UL><LI> startup_mdr1901vc1t.o(RESET)
</UL>
<P><STRONG><a name="[1e]"></a>AUDIO_IP_IRQHandler</STRONG> (Thumb, 2 bytes, Stack size 0 bytes, startup_mdr1901vc1t.o(.text))
<BR><BR>[Calls]<UL><LI><a href="#[1e]">&gt;&gt;</a>&nbsp;&nbsp;&nbsp;AUDIO_IP_IRQHandler
</UL>
<BR>[Called By]<UL><LI><a href="#[1e]">&gt;&gt;</a>&nbsp;&nbsp;&nbsp;AUDIO_IP_IRQHandler
</UL>
<BR>[Address Reference Count : 1]<UL><LI> startup_mdr1901vc1t.o(RESET)
</UL>
<P><STRONG><a name="[1f]"></a>DSP_CRPT_IRQHandler</STRONG> (Thumb, 2 bytes, Stack size 0 bytes, startup_mdr1901vc1t.o(.text))
<BR><BR>[Calls]<UL><LI><a href="#[1f]">&gt;&gt;</a>&nbsp;&nbsp;&nbsp;DSP_CRPT_IRQHandler
</UL>
<BR>[Called By]<UL><LI><a href="#[1f]">&gt;&gt;</a>&nbsp;&nbsp;&nbsp;DSP_CRPT_IRQHandler
</UL>
<BR>[Address Reference Count : 1]<UL><LI> startup_mdr1901vc1t.o(RESET)
</UL>
<P><STRONG><a name="[20]"></a>DSP_TIMER_IRQHandler</STRONG> (Thumb, 2 bytes, Stack size 0 bytes, startup_mdr1901vc1t.o(.text))
<BR><BR>[Calls]<UL><LI><a href="#[20]">&gt;&gt;</a>&nbsp;&nbsp;&nbsp;DSP_TIMER_IRQHandler
</UL>
<BR>[Called By]<UL><LI><a href="#[20]">&gt;&gt;</a>&nbsp;&nbsp;&nbsp;DSP_TIMER_IRQHandler
</UL>
<BR>[Address Reference Count : 1]<UL><LI> startup_mdr1901vc1t.o(RESET)
</UL>
<P><STRONG><a name="[21]"></a>DSP_CORE_IRQHandler</STRONG> (Thumb, 2 bytes, Stack size 0 bytes, startup_mdr1901vc1t.o(.text))
<BR><BR>[Calls]<UL><LI><a href="#[21]">&gt;&gt;</a>&nbsp;&nbsp;&nbsp;DSP_CORE_IRQHandler
</UL>
<BR>[Called By]<UL><LI><a href="#[21]">&gt;&gt;</a>&nbsp;&nbsp;&nbsp;DSP_CORE_IRQHandler
</UL>
<BR>[Address Reference Count : 1]<UL><LI> startup_mdr1901vc1t.o(RESET)
</UL>
<P><STRONG><a name="[22]"></a>DSP_STATE_IRQHandler</STRONG> (Thumb, 2 bytes, Stack size 0 bytes, startup_mdr1901vc1t.o(.text))
<BR><BR>[Calls]<UL><LI><a href="#[22]">&gt;&gt;</a>&nbsp;&nbsp;&nbsp;DSP_STATE_IRQHandler
</UL>
<BR>[Called By]<UL><LI><a href="#[22]">&gt;&gt;</a>&nbsp;&nbsp;&nbsp;DSP_STATE_IRQHandler
</UL>
<BR>[Address Reference Count : 1]<UL><LI> startup_mdr1901vc1t.o(RESET)
</UL>
<P><STRONG><a name="[23]"></a>UART3_IRQHandler</STRONG> (Thumb, 2 bytes, Stack size 0 bytes, startup_mdr1901vc1t.o(.text))
<BR><BR>[Calls]<UL><LI><a href="#[23]">&gt;&gt;</a>&nbsp;&nbsp;&nbsp;UART3_IRQHandler
</UL>
<BR>[Called By]<UL><LI><a href="#[23]">&gt;&gt;</a>&nbsp;&nbsp;&nbsp;UART3_IRQHandler
</UL>
<BR>[Address Reference Count : 1]<UL><LI> startup_mdr1901vc1t.o(RESET)
</UL>
<P><STRONG><a name="[24]"></a>BACKUP_IRQHandler</STRONG> (Thumb, 2 bytes, Stack size 0 bytes, startup_mdr1901vc1t.o(.text))
<BR><BR>[Calls]<UL><LI><a href="#[24]">&gt;&gt;</a>&nbsp;&nbsp;&nbsp;BACKUP_IRQHandler
</UL>
<BR>[Called By]<UL><LI><a href="#[24]">&gt;&gt;</a>&nbsp;&nbsp;&nbsp;BACKUP_IRQHandler
</UL>
<BR>[Address Reference Count : 1]<UL><LI> startup_mdr1901vc1t.o(RESET)
</UL>
<P><STRONG><a name="[25]"></a>EXT_INT1_IRQHandler</STRONG> (Thumb, 2 bytes, Stack size 0 bytes, startup_mdr1901vc1t.o(.text))
<BR><BR>[Calls]<UL><LI><a href="#[25]">&gt;&gt;</a>&nbsp;&nbsp;&nbsp;EXT_INT1_IRQHandler
</UL>
<BR>[Called By]<UL><LI><a href="#[25]">&gt;&gt;</a>&nbsp;&nbsp;&nbsp;EXT_INT1_IRQHandler
</UL>
<BR>[Address Reference Count : 1]<UL><LI> startup_mdr1901vc1t.o(RESET)
</UL>
<P><STRONG><a name="[26]"></a>EXT_INT2_IRQHandler</STRONG> (Thumb, 2 bytes, Stack size 0 bytes, startup_mdr1901vc1t.o(.text))
<BR><BR>[Calls]<UL><LI><a href="#[26]">&gt;&gt;</a>&nbsp;&nbsp;&nbsp;EXT_INT2_IRQHandler
</UL>
<BR>[Called By]<UL><LI><a href="#[26]">&gt;&gt;</a>&nbsp;&nbsp;&nbsp;EXT_INT2_IRQHandler
</UL>
<BR>[Address Reference Count : 1]<UL><LI> startup_mdr1901vc1t.o(RESET)
</UL>
<P><STRONG><a name="[27]"></a>EXT_INT3_IRQHandler</STRONG> (Thumb, 2 bytes, Stack size 0 bytes, startup_mdr1901vc1t.o(.text))
<BR><BR>[Calls]<UL><LI><a href="#[27]">&gt;&gt;</a>&nbsp;&nbsp;&nbsp;EXT_INT3_IRQHandler
</UL>
<BR>[Called By]<UL><LI><a href="#[27]">&gt;&gt;</a>&nbsp;&nbsp;&nbsp;EXT_INT3_IRQHandler
</UL>
<BR>[Address Reference Count : 1]<UL><LI> startup_mdr1901vc1t.o(RESET)
</UL>
<P><STRONG><a name="[28]"></a>EXT_INT4_IRQHandler</STRONG> (Thumb, 2 bytes, Stack size 0 bytes, startup_mdr1901vc1t.o(.text))
<BR><BR>[Calls]<UL><LI><a href="#[28]">&gt;&gt;</a>&nbsp;&nbsp;&nbsp;EXT_INT4_IRQHandler
</UL>
<BR>[Called By]<UL><LI><a href="#[28]">&gt;&gt;</a>&nbsp;&nbsp;&nbsp;EXT_INT4_IRQHandler
</UL>
<BR>[Address Reference Count : 1]<UL><LI> startup_mdr1901vc1t.o(RESET)
</UL>
<P><STRONG><a name="[2d]"></a>__user_initial_stackheap</STRONG> (Thumb, 0 bytes, Stack size unknown bytes, startup_mdr1901vc1t.o(.text))
<BR><BR>[Called By]<UL><LI><a href="#[35]">&gt;&gt;</a>&nbsp;&nbsp;&nbsp;__user_setup_stackheap
</UL>

<P><STRONG><a name="[3f]"></a>__2sprintf</STRONG> (Thumb, 34 bytes, Stack size 32 bytes, noretval__2sprintf.o(.text))
<BR><BR>[Stack]<UL><LI>Max Depth = 128 + Unknown Stack Size
<LI>Call Chain = __2sprintf &rArr; _printf_char_common &rArr; __printf
</UL>
<BR>[Calls]<UL><LI><a href="#[2b]">&gt;&gt;</a>&nbsp;&nbsp;&nbsp;_sputc
<LI><a href="#[40]">&gt;&gt;</a>&nbsp;&nbsp;&nbsp;_printf_char_common
</UL>
<BR>[Called By]<UL><LI><a href="#[39]">&gt;&gt;</a>&nbsp;&nbsp;&nbsp;main
</UL>

<P><STRONG><a name="[45]"></a>_printf_pre_padding</STRONG> (Thumb, 44 bytes, Stack size 16 bytes, _printf_pad.o(.text))
<BR><BR>[Stack]<UL><LI>Max Depth = 16<LI>Call Chain = _printf_pre_padding
</UL>
<BR>[Called By]<UL><LI><a href="#[41]">&gt;&gt;</a>&nbsp;&nbsp;&nbsp;_printf_int_common
</UL>

<P><STRONG><a name="[46]"></a>_printf_post_padding</STRONG> (Thumb, 34 bytes, Stack size 16 bytes, _printf_pad.o(.text))
<BR><BR>[Stack]<UL><LI>Max Depth = 16<LI>Call Chain = _printf_post_padding
</UL>
<BR>[Called By]<UL><LI><a href="#[41]">&gt;&gt;</a>&nbsp;&nbsp;&nbsp;_printf_int_common
</UL>

<P><STRONG><a name="[33]"></a>_printf_int_dec</STRONG> (Thumb, 104 bytes, Stack size 24 bytes, _printf_dec.o(.text))
<BR><BR>[Stack]<UL><LI>Max Depth = 72<LI>Call Chain = _printf_int_dec &rArr; _printf_int_common &rArr; _printf_post_padding
</UL>
<BR>[Calls]<UL><LI><a href="#[41]">&gt;&gt;</a>&nbsp;&nbsp;&nbsp;_printf_int_common
</UL>
<BR>[Called By]<UL><LI><a href="#[32]">&gt;&gt;</a>&nbsp;&nbsp;&nbsp;_printf_d
</UL>

<P><STRONG><a name="[42]"></a>__printf</STRONG> (Thumb, 270 bytes, Stack size 32 bytes, __printf_wp.o(.text))
<BR><BR>[Stack]<UL><LI>Max Depth = 32 + Unknown Stack Size
<LI>Call Chain = __printf
</UL>
<BR>[Calls]<UL><LI><a href="#[44]">&gt;&gt;</a>&nbsp;&nbsp;&nbsp;_printf_percent
<LI><a href="#[43]">&gt;&gt;</a>&nbsp;&nbsp;&nbsp;_is_digit
</UL>
<BR>[Called By]<UL><LI><a href="#[40]">&gt;&gt;</a>&nbsp;&nbsp;&nbsp;_printf_char_common
</UL>

<P><STRONG><a name="[9b]"></a>__use_two_region_memory</STRONG> (Thumb, 2 bytes, Stack size 0 bytes, heapauxi.o(.text), UNUSED)

<P><STRONG><a name="[9c]"></a>__rt_heap_escrow$2region</STRONG> (Thumb, 2 bytes, Stack size 0 bytes, heapauxi.o(.text), UNUSED)

<P><STRONG><a name="[9d]"></a>__rt_heap_expand$2region</STRONG> (Thumb, 2 bytes, Stack size 0 bytes, heapauxi.o(.text), UNUSED)

<P><STRONG><a name="[41]"></a>_printf_int_common</STRONG> (Thumb, 178 bytes, Stack size 32 bytes, _printf_intcommon.o(.text))
<BR><BR>[Stack]<UL><LI>Max Depth = 48<LI>Call Chain = _printf_int_common &rArr; _printf_post_padding
</UL>
<BR>[Calls]<UL><LI><a href="#[46]">&gt;&gt;</a>&nbsp;&nbsp;&nbsp;_printf_post_padding
<LI><a href="#[45]">&gt;&gt;</a>&nbsp;&nbsp;&nbsp;_printf_pre_padding
</UL>
<BR>[Called By]<UL><LI><a href="#[33]">&gt;&gt;</a>&nbsp;&nbsp;&nbsp;_printf_int_dec
</UL>

<P><STRONG><a name="[40]"></a>_printf_char_common</STRONG> (Thumb, 32 bytes, Stack size 64 bytes, _printf_char_common.o(.text))
<BR><BR>[Stack]<UL><LI>Max Depth = 96 + Unknown Stack Size
<LI>Call Chain = _printf_char_common &rArr; __printf
</UL>
<BR>[Calls]<UL><LI><a href="#[42]">&gt;&gt;</a>&nbsp;&nbsp;&nbsp;__printf
</UL>
<BR>[Called By]<UL><LI><a href="#[3f]">&gt;&gt;</a>&nbsp;&nbsp;&nbsp;__2sprintf
</UL>

<P><STRONG><a name="[2b]"></a>_sputc</STRONG> (Thumb, 10 bytes, Stack size 0 bytes, _sputc.o(.text))
<BR><BR>[Called By]<UL><LI><a href="#[3f]">&gt;&gt;</a>&nbsp;&nbsp;&nbsp;__2sprintf
</UL>
<BR>[Address Reference Count : 1]<UL><LI> noretval__2sprintf.o(.text)
</UL>
<P><STRONG><a name="[35]"></a>__user_setup_stackheap</STRONG> (Thumb, 74 bytes, Stack size 8 bytes, sys_stackheap_outer.o(.text))
<BR><BR>[Stack]<UL><LI>Max Depth = 8 + Unknown Stack Size
<LI>Call Chain = __user_setup_stackheap
</UL>
<BR>[Calls]<UL><LI><a href="#[47]">&gt;&gt;</a>&nbsp;&nbsp;&nbsp;__user_perproc_libspace
<LI><a href="#[2d]">&gt;&gt;</a>&nbsp;&nbsp;&nbsp;__user_initial_stackheap
</UL>
<BR>[Called By]<UL><LI><a href="#[34]">&gt;&gt;</a>&nbsp;&nbsp;&nbsp;__rt_entry_sh
</UL>

<P><STRONG><a name="[3a]"></a>exit</STRONG> (Thumb, 18 bytes, Stack size 8 bytes, exit.o(.text))
<BR><BR>[Stack]<UL><LI>Max Depth = 8 + Unknown Stack Size
<LI>Call Chain = exit
</UL>
<BR>[Calls]<UL><LI><a href="#[48]">&gt;&gt;</a>&nbsp;&nbsp;&nbsp;__rt_exit
</UL>
<BR>[Called By]<UL><LI><a href="#[38]">&gt;&gt;</a>&nbsp;&nbsp;&nbsp;__rt_entry_main
</UL>

<P><STRONG><a name="[9e]"></a>__user_libspace</STRONG> (Thumb, 8 bytes, Stack size 0 bytes, libspace.o(.text), UNUSED)

<P><STRONG><a name="[47]"></a>__user_perproc_libspace</STRONG> (Thumb, 0 bytes, Stack size 0 bytes, libspace.o(.text))
<BR><BR>[Called By]<UL><LI><a href="#[35]">&gt;&gt;</a>&nbsp;&nbsp;&nbsp;__user_setup_stackheap
</UL>

<P><STRONG><a name="[9f]"></a>__user_perthread_libspace</STRONG> (Thumb, 0 bytes, Stack size 0 bytes, libspace.o(.text), UNUSED)

<P><STRONG><a name="[3e]"></a>_sys_exit</STRONG> (Thumb, 8 bytes, Stack size 0 bytes, sys_exit.o(.text))
<BR><BR>[Called By]<UL><LI><a href="#[3d]">&gt;&gt;</a>&nbsp;&nbsp;&nbsp;__rt_exit_exit
</UL>

<P><STRONG><a name="[a0]"></a>__I$use$semihosting</STRONG> (Thumb, 0 bytes, Stack size 0 bytes, use_no_semi.o(.text), UNUSED)

<P><STRONG><a name="[a1]"></a>__use_no_semihosting_swi</STRONG> (Thumb, 2 bytes, Stack size 0 bytes, use_no_semi.o(.text), UNUSED)

<P><STRONG><a name="[a2]"></a>__semihosting_library_function</STRONG> (Thumb, 0 bytes, Stack size unknown bytes, indicate_semi.o(.text), UNUSED)

<P><STRONG><a name="[60]"></a>PORT_Init</STRONG> (Thumb, 290 bytes, Stack size 60 bytes, mdr32f9qx_port.o(.text.PORT_Init))
<BR><BR>[Stack]<UL><LI>Max Depth = 60<LI>Call Chain = PORT_Init
</UL>
<BR>[Called By]<UL><LI><a href="#[5e]">&gt;&gt;</a>&nbsp;&nbsp;&nbsp;m_MLT_Pin_Cfg
<LI><a href="#[68]">&gt;&gt;</a>&nbsp;&nbsp;&nbsp;m_initLEDs
<LI><a href="#[63]">&gt;&gt;</a>&nbsp;&nbsp;&nbsp;m_UART_Init
</UL>

<P><STRONG><a name="[50]"></a>PORT_ReadInputData</STRONG> (Thumb, 4 bytes, Stack size 0 bytes, mdr32f9qx_port.o(.text.PORT_ReadInputData))
<BR><BR>[Called By]<UL><LI><a href="#[4b]">&gt;&gt;</a>&nbsp;&nbsp;&nbsp;m_LED_toggle
</UL>

<P><STRONG><a name="[5a]"></a>PORT_ResetBits</STRONG> (Thumb, 24 bytes, Stack size 0 bytes, mdr32f9qx_port.o(.text.PORT_ResetBits))
<BR><BR>[Called By]<UL><LI><a href="#[57]">&gt;&gt;</a>&nbsp;&nbsp;&nbsp;m_MLT_Write_Data
<LI><a href="#[54]">&gt;&gt;</a>&nbsp;&nbsp;&nbsp;m_MLT_Set_Page
<LI><a href="#[55]">&gt;&gt;</a>&nbsp;&nbsp;&nbsp;m_MLT_Set_Address
<LI><a href="#[56]">&gt;&gt;</a>&nbsp;&nbsp;&nbsp;m_MLT_Read_Status
<LI><a href="#[5f]">&gt;&gt;</a>&nbsp;&nbsp;&nbsp;m_MLT_LCD_Init
<LI><a href="#[58]">&gt;&gt;</a>&nbsp;&nbsp;&nbsp;m_MLT_Disp_On
</UL>

<P><STRONG><a name="[59]"></a>PORT_SetBits</STRONG> (Thumb, 18 bytes, Stack size 0 bytes, mdr32f9qx_port.o(.text.PORT_SetBits))
<BR><BR>[Called By]<UL><LI><a href="#[57]">&gt;&gt;</a>&nbsp;&nbsp;&nbsp;m_MLT_Write_Data
<LI><a href="#[54]">&gt;&gt;</a>&nbsp;&nbsp;&nbsp;m_MLT_Set_Page
<LI><a href="#[55]">&gt;&gt;</a>&nbsp;&nbsp;&nbsp;m_MLT_Set_Address
<LI><a href="#[56]">&gt;&gt;</a>&nbsp;&nbsp;&nbsp;m_MLT_Read_Status
<LI><a href="#[5f]">&gt;&gt;</a>&nbsp;&nbsp;&nbsp;m_MLT_LCD_Init
<LI><a href="#[58]">&gt;&gt;</a>&nbsp;&nbsp;&nbsp;m_MLT_Disp_On
</UL>

<P><STRONG><a name="[64]"></a>PORT_StructInit</STRONG> (Thumb, 20 bytes, Stack size 0 bytes, mdr32f9qx_port.o(.text.PORT_StructInit))
<BR><BR>[Called By]<UL><LI><a href="#[68]">&gt;&gt;</a>&nbsp;&nbsp;&nbsp;m_initLEDs
<LI><a href="#[63]">&gt;&gt;</a>&nbsp;&nbsp;&nbsp;m_UART_Init
</UL>

<P><STRONG><a name="[51]"></a>PORT_Write</STRONG> (Thumb, 18 bytes, Stack size 0 bytes, mdr32f9qx_port.o(.text.PORT_Write))
<BR><BR>[Called By]<UL><LI><a href="#[4b]">&gt;&gt;</a>&nbsp;&nbsp;&nbsp;m_LED_toggle
</UL>

<P><STRONG><a name="[4f]"></a>RST_CLK_GetClocksFreq</STRONG> (Thumb, 274 bytes, Stack size 24 bytes, mdr32f9qx_rst_clk.o(.text.RST_CLK_GetClocksFreq))
<BR><BR>[Stack]<UL><LI>Max Depth = 24<LI>Call Chain = RST_CLK_GetClocksFreq
</UL>
<BR>[Called By]<UL><LI><a href="#[4e]">&gt;&gt;</a>&nbsp;&nbsp;&nbsp;UART_Init
</UL>

<P><STRONG><a name="[49]"></a>SystemCoreClockUpdate</STRONG> (Thumb, 110 bytes, Stack size 0 bytes, system_mdr1901vc1t.o(.text.SystemCoreClockUpdate))
<BR><BR>[Called By]<UL><LI><a href="#[29]">&gt;&gt;</a>&nbsp;&nbsp;&nbsp;SystemInit
</UL>

<P><STRONG><a name="[29]"></a>SystemInit</STRONG> (Thumb, 42 bytes, Stack size 8 bytes, system_mdr1901vc1t.o(.text.SystemInit))
<BR><BR>[Stack]<UL><LI>Max Depth = 8<LI>Call Chain = SystemInit
</UL>
<BR>[Calls]<UL><LI><a href="#[49]">&gt;&gt;</a>&nbsp;&nbsp;&nbsp;SystemCoreClockUpdate
</UL>
<BR>[Address Reference Count : 1]<UL><LI> startup_mdr1901vc1t.o(.text)
</UL>
<P><STRONG><a name="[17]"></a>TIMER1_IRQHandler</STRONG> (Thumb, 82 bytes, Stack size 16 bytes, main.o(.text.TIMER1_IRQHandler))
<BR><BR>[Stack]<UL><LI>Max Depth = 32<LI>Call Chain = TIMER1_IRQHandler &rArr; m_LED_toggle
</UL>
<BR>[Calls]<UL><LI><a href="#[4b]">&gt;&gt;</a>&nbsp;&nbsp;&nbsp;m_LED_toggle
<LI><a href="#[4d]">&gt;&gt;</a>&nbsp;&nbsp;&nbsp;UART_SendData
<LI><a href="#[4a]">&gt;&gt;</a>&nbsp;&nbsp;&nbsp;TIMER_GetITStatus
<LI><a href="#[4c]">&gt;&gt;</a>&nbsp;&nbsp;&nbsp;TIMER_ClearFlag
</UL>
<BR>[Address Reference Count : 1]<UL><LI> startup_mdr1901vc1t.o(RESET)
</UL>
<P><STRONG><a name="[6b]"></a>TIMER_BRGInit</STRONG> (Thumb, 106 bytes, Stack size 0 bytes, mdr32f9qx_timer.o(.text.TIMER_BRGInit))
<BR><BR>[Called By]<UL><LI><a href="#[69]">&gt;&gt;</a>&nbsp;&nbsp;&nbsp;m_setUpTimer
</UL>

<P><STRONG><a name="[4c]"></a>TIMER_ClearFlag</STRONG> (Thumb, 6 bytes, Stack size 0 bytes, mdr32f9qx_timer.o(.text.TIMER_ClearFlag))
<BR><BR>[Called By]<UL><LI><a href="#[17]">&gt;&gt;</a>&nbsp;&nbsp;&nbsp;TIMER1_IRQHandler
</UL>

<P><STRONG><a name="[70]"></a>TIMER_Cmd</STRONG> (Thumb, 16 bytes, Stack size 0 bytes, mdr32f9qx_timer.o(.text.TIMER_Cmd))
<BR><BR>[Called By]<UL><LI><a href="#[69]">&gt;&gt;</a>&nbsp;&nbsp;&nbsp;m_setUpTimer
</UL>

<P><STRONG><a name="[6e]"></a>TIMER_CntInit</STRONG> (Thumb, 56 bytes, Stack size 0 bytes, mdr32f9qx_timer.o(.text.TIMER_CntInit))
<BR><BR>[Called By]<UL><LI><a href="#[69]">&gt;&gt;</a>&nbsp;&nbsp;&nbsp;m_setUpTimer
</UL>

<P><STRONG><a name="[6a]"></a>TIMER_DeInit</STRONG> (Thumb, 68 bytes, Stack size 0 bytes, mdr32f9qx_timer.o(.text.TIMER_DeInit))
<BR><BR>[Called By]<UL><LI><a href="#[69]">&gt;&gt;</a>&nbsp;&nbsp;&nbsp;m_setUpTimer
</UL>

<P><STRONG><a name="[4a]"></a>TIMER_GetITStatus</STRONG> (Thumb, 14 bytes, Stack size 0 bytes, mdr32f9qx_timer.o(.text.TIMER_GetITStatus))
<BR><BR>[Called By]<UL><LI><a href="#[17]">&gt;&gt;</a>&nbsp;&nbsp;&nbsp;TIMER1_IRQHandler
</UL>

<P><STRONG><a name="[6f]"></a>TIMER_ITConfig</STRONG> (Thumb, 20 bytes, Stack size 0 bytes, mdr32f9qx_timer.o(.text.TIMER_ITConfig))
<BR><BR>[Called By]<UL><LI><a href="#[69]">&gt;&gt;</a>&nbsp;&nbsp;&nbsp;m_setUpTimer
</UL>

<P><STRONG><a name="[65]"></a>UART_BRGInit</STRONG> (Thumb, 106 bytes, Stack size 0 bytes, mdr32f9qx_uart.o(.text.UART_BRGInit))
<BR><BR>[Called By]<UL><LI><a href="#[63]">&gt;&gt;</a>&nbsp;&nbsp;&nbsp;m_UART_Init
</UL>

<P><STRONG><a name="[67]"></a>UART_Cmd</STRONG> (Thumb, 22 bytes, Stack size 0 bytes, mdr32f9qx_uart.o(.text.UART_Cmd))
<BR><BR>[Called By]<UL><LI><a href="#[63]">&gt;&gt;</a>&nbsp;&nbsp;&nbsp;m_UART_Init
</UL>

<P><STRONG><a name="[66]"></a>UART_DeInit</STRONG> (Thumb, 34 bytes, Stack size 0 bytes, mdr32f9qx_uart.o(.text.UART_DeInit))
<BR><BR>[Called By]<UL><LI><a href="#[63]">&gt;&gt;</a>&nbsp;&nbsp;&nbsp;m_UART_Init
</UL>

<P><STRONG><a name="[4e]"></a>UART_Init</STRONG> (Thumb, 142 bytes, Stack size 40 bytes, mdr32f9qx_uart.o(.text.UART_Init))
<BR><BR>[Stack]<UL><LI>Max Depth = 64<LI>Call Chain = UART_Init &rArr; RST_CLK_GetClocksFreq
</UL>
<BR>[Calls]<UL><LI><a href="#[4f]">&gt;&gt;</a>&nbsp;&nbsp;&nbsp;RST_CLK_GetClocksFreq
</UL>
<BR>[Called By]<UL><LI><a href="#[63]">&gt;&gt;</a>&nbsp;&nbsp;&nbsp;m_UART_Init
</UL>

<P><STRONG><a name="[4d]"></a>UART_SendData</STRONG> (Thumb, 4 bytes, Stack size 0 bytes, mdr32f9qx_uart.o(.text.UART_SendData))
<BR><BR>[Called By]<UL><LI><a href="#[17]">&gt;&gt;</a>&nbsp;&nbsp;&nbsp;TIMER1_IRQHandler
</UL>

<P><STRONG><a name="[4b]"></a>m_LED_toggle</STRONG> (Thumb, 28 bytes, Stack size 16 bytes, u_led_func.o(.text.m_LED_toggle))
<BR><BR>[Stack]<UL><LI>Max Depth = 16<LI>Call Chain = m_LED_toggle
</UL>
<BR>[Calls]<UL><LI><a href="#[51]">&gt;&gt;</a>&nbsp;&nbsp;&nbsp;PORT_Write
<LI><a href="#[50]">&gt;&gt;</a>&nbsp;&nbsp;&nbsp;PORT_ReadInputData
</UL>
<BR>[Called By]<UL><LI><a href="#[17]">&gt;&gt;</a>&nbsp;&nbsp;&nbsp;TIMER1_IRQHandler
</UL>

<P><STRONG><a name="[52]"></a>m_MLT_Clear_Chip</STRONG> (Thumb, 24 bytes, Stack size 16 bytes, ulcd_func.o(.text.m_MLT_Clear_Chip))
<BR><BR>[Stack]<UL><LI>Max Depth = 60<LI>Call Chain = m_MLT_Clear_Chip &rArr; m_MLT_Clear_Page &rArr; m_MLT_Write_Data &rArr; m_MLT_Delay
</UL>
<BR>[Calls]<UL><LI><a href="#[53]">&gt;&gt;</a>&nbsp;&nbsp;&nbsp;m_MLT_Clear_Page
</UL>
<BR>[Called By]<UL><LI><a href="#[5d]">&gt;&gt;</a>&nbsp;&nbsp;&nbsp;m_MLT_Init
</UL>

<P><STRONG><a name="[53]"></a>m_MLT_Clear_Page</STRONG> (Thumb, 50 bytes, Stack size 16 bytes, ulcd_func.o(.text.m_MLT_Clear_Page))
<BR><BR>[Stack]<UL><LI>Max Depth = 44<LI>Call Chain = m_MLT_Clear_Page &rArr; m_MLT_Write_Data &rArr; m_MLT_Delay
</UL>
<BR>[Calls]<UL><LI><a href="#[57]">&gt;&gt;</a>&nbsp;&nbsp;&nbsp;m_MLT_Write_Data
<LI><a href="#[54]">&gt;&gt;</a>&nbsp;&nbsp;&nbsp;m_MLT_Set_Page
<LI><a href="#[55]">&gt;&gt;</a>&nbsp;&nbsp;&nbsp;m_MLT_Set_Address
<LI><a href="#[56]">&gt;&gt;</a>&nbsp;&nbsp;&nbsp;m_MLT_Read_Status
</UL>
<BR>[Called By]<UL><LI><a href="#[52]">&gt;&gt;</a>&nbsp;&nbsp;&nbsp;m_MLT_Clear_Chip
</UL>

<P><STRONG><a name="[5b]"></a>m_MLT_Delay</STRONG> (Thumb, 18 bytes, Stack size 4 bytes, ulcd_func.o(.text.m_MLT_Delay))
<BR><BR>[Stack]<UL><LI>Max Depth = 4<LI>Call Chain = m_MLT_Delay
</UL>
<BR>[Called By]<UL><LI><a href="#[57]">&gt;&gt;</a>&nbsp;&nbsp;&nbsp;m_MLT_Write_Data
<LI><a href="#[54]">&gt;&gt;</a>&nbsp;&nbsp;&nbsp;m_MLT_Set_Page
<LI><a href="#[55]">&gt;&gt;</a>&nbsp;&nbsp;&nbsp;m_MLT_Set_Address
<LI><a href="#[56]">&gt;&gt;</a>&nbsp;&nbsp;&nbsp;m_MLT_Read_Status
<LI><a href="#[5f]">&gt;&gt;</a>&nbsp;&nbsp;&nbsp;m_MLT_LCD_Init
<LI><a href="#[58]">&gt;&gt;</a>&nbsp;&nbsp;&nbsp;m_MLT_Disp_On
</UL>

<P><STRONG><a name="[58]"></a>m_MLT_Disp_On</STRONG> (Thumb, 150 bytes, Stack size 24 bytes, ulcd_func.o(.text.m_MLT_Disp_On))
<BR><BR>[Stack]<UL><LI>Max Depth = 28<LI>Call Chain = m_MLT_Disp_On &rArr; m_MLT_Delay
</UL>
<BR>[Calls]<UL><LI><a href="#[5c]">&gt;&gt;</a>&nbsp;&nbsp;&nbsp;m_MLT_Set_Data_Bits
<LI><a href="#[5b]">&gt;&gt;</a>&nbsp;&nbsp;&nbsp;m_MLT_Delay
<LI><a href="#[59]">&gt;&gt;</a>&nbsp;&nbsp;&nbsp;PORT_SetBits
<LI><a href="#[5a]">&gt;&gt;</a>&nbsp;&nbsp;&nbsp;PORT_ResetBits
</UL>
<BR>[Called By]<UL><LI><a href="#[5d]">&gt;&gt;</a>&nbsp;&nbsp;&nbsp;m_MLT_Init
</UL>

<P><STRONG><a name="[5d]"></a>m_MLT_Init</STRONG> (Thumb, 64 bytes, Stack size 8 bytes, ulcd_func.o(.text.m_MLT_Init))
<BR><BR>[Stack]<UL><LI>Max Depth = 100<LI>Call Chain = m_MLT_Init &rArr; m_MLT_Pin_Cfg &rArr; PORT_Init
</UL>
<BR>[Calls]<UL><LI><a href="#[56]">&gt;&gt;</a>&nbsp;&nbsp;&nbsp;m_MLT_Read_Status
<LI><a href="#[5e]">&gt;&gt;</a>&nbsp;&nbsp;&nbsp;m_MLT_Pin_Cfg
<LI><a href="#[5f]">&gt;&gt;</a>&nbsp;&nbsp;&nbsp;m_MLT_LCD_Init
<LI><a href="#[58]">&gt;&gt;</a>&nbsp;&nbsp;&nbsp;m_MLT_Disp_On
<LI><a href="#[52]">&gt;&gt;</a>&nbsp;&nbsp;&nbsp;m_MLT_Clear_Chip
</UL>
<BR>[Called By]<UL><LI><a href="#[39]">&gt;&gt;</a>&nbsp;&nbsp;&nbsp;main
</UL>

<P><STRONG><a name="[5f]"></a>m_MLT_LCD_Init</STRONG> (Thumb, 68 bytes, Stack size 8 bytes, ulcd_func.o(.text.m_MLT_LCD_Init))
<BR><BR>[Stack]<UL><LI>Max Depth = 36<LI>Call Chain = m_MLT_LCD_Init &rArr; m_MLT_Read_Status &rArr; m_MLT_Delay
</UL>
<BR>[Calls]<UL><LI><a href="#[56]">&gt;&gt;</a>&nbsp;&nbsp;&nbsp;m_MLT_Read_Status
<LI><a href="#[5b]">&gt;&gt;</a>&nbsp;&nbsp;&nbsp;m_MLT_Delay
<LI><a href="#[59]">&gt;&gt;</a>&nbsp;&nbsp;&nbsp;PORT_SetBits
<LI><a href="#[5a]">&gt;&gt;</a>&nbsp;&nbsp;&nbsp;PORT_ResetBits
</UL>
<BR>[Called By]<UL><LI><a href="#[5d]">&gt;&gt;</a>&nbsp;&nbsp;&nbsp;m_MLT_Init
</UL>

<P><STRONG><a name="[5e]"></a>m_MLT_Pin_Cfg</STRONG> (Thumb, 110 bytes, Stack size 32 bytes, ulcd_func.o(.text.m_MLT_Pin_Cfg))
<BR><BR>[Stack]<UL><LI>Max Depth = 92<LI>Call Chain = m_MLT_Pin_Cfg &rArr; PORT_Init
</UL>
<BR>[Calls]<UL><LI><a href="#[60]">&gt;&gt;</a>&nbsp;&nbsp;&nbsp;PORT_Init
</UL>
<BR>[Called By]<UL><LI><a href="#[5d]">&gt;&gt;</a>&nbsp;&nbsp;&nbsp;m_MLT_Init
</UL>

<P><STRONG><a name="[61]"></a>m_MLT_Put_Char</STRONG> (Thumb, 104 bytes, Stack size 24 bytes, ulcd_func.o(.text.m_MLT_Put_Char))
<BR><BR>[Stack]<UL><LI>Max Depth = 52<LI>Call Chain = m_MLT_Put_Char &rArr; m_MLT_Write_Data &rArr; m_MLT_Delay
</UL>
<BR>[Calls]<UL><LI><a href="#[57]">&gt;&gt;</a>&nbsp;&nbsp;&nbsp;m_MLT_Write_Data
<LI><a href="#[54]">&gt;&gt;</a>&nbsp;&nbsp;&nbsp;m_MLT_Set_Page
<LI><a href="#[55]">&gt;&gt;</a>&nbsp;&nbsp;&nbsp;m_MLT_Set_Address
<LI><a href="#[56]">&gt;&gt;</a>&nbsp;&nbsp;&nbsp;m_MLT_Read_Status
</UL>
<BR>[Called By]<UL><LI><a href="#[62]">&gt;&gt;</a>&nbsp;&nbsp;&nbsp;m_MLT_Put_String
</UL>

<P><STRONG><a name="[62]"></a>m_MLT_Put_String</STRONG> (Thumb, 54 bytes, Stack size 16 bytes, ulcd_func.o(.text.m_MLT_Put_String))
<BR><BR>[Stack]<UL><LI>Max Depth = 68<LI>Call Chain = m_MLT_Put_String &rArr; m_MLT_Put_Char &rArr; m_MLT_Write_Data &rArr; m_MLT_Delay
</UL>
<BR>[Calls]<UL><LI><a href="#[61]">&gt;&gt;</a>&nbsp;&nbsp;&nbsp;m_MLT_Put_Char
</UL>
<BR>[Called By]<UL><LI><a href="#[39]">&gt;&gt;</a>&nbsp;&nbsp;&nbsp;main
</UL>

<P><STRONG><a name="[56]"></a>m_MLT_Read_Status</STRONG> (Thumb, 144 bytes, Stack size 24 bytes, ulcd_func.o(.text.m_MLT_Read_Status))
<BR><BR>[Stack]<UL><LI>Max Depth = 28<LI>Call Chain = m_MLT_Read_Status &rArr; m_MLT_Delay
</UL>
<BR>[Calls]<UL><LI><a href="#[5b]">&gt;&gt;</a>&nbsp;&nbsp;&nbsp;m_MLT_Delay
<LI><a href="#[59]">&gt;&gt;</a>&nbsp;&nbsp;&nbsp;PORT_SetBits
<LI><a href="#[5a]">&gt;&gt;</a>&nbsp;&nbsp;&nbsp;PORT_ResetBits
</UL>
<BR>[Called By]<UL><LI><a href="#[61]">&gt;&gt;</a>&nbsp;&nbsp;&nbsp;m_MLT_Put_Char
<LI><a href="#[5f]">&gt;&gt;</a>&nbsp;&nbsp;&nbsp;m_MLT_LCD_Init
<LI><a href="#[53]">&gt;&gt;</a>&nbsp;&nbsp;&nbsp;m_MLT_Clear_Page
<LI><a href="#[5d]">&gt;&gt;</a>&nbsp;&nbsp;&nbsp;m_MLT_Init
</UL>

<P><STRONG><a name="[55]"></a>m_MLT_Set_Address</STRONG> (Thumb, 154 bytes, Stack size 24 bytes, ulcd_func.o(.text.m_MLT_Set_Address))
<BR><BR>[Stack]<UL><LI>Max Depth = 28<LI>Call Chain = m_MLT_Set_Address &rArr; m_MLT_Delay
</UL>
<BR>[Calls]<UL><LI><a href="#[5c]">&gt;&gt;</a>&nbsp;&nbsp;&nbsp;m_MLT_Set_Data_Bits
<LI><a href="#[5b]">&gt;&gt;</a>&nbsp;&nbsp;&nbsp;m_MLT_Delay
<LI><a href="#[59]">&gt;&gt;</a>&nbsp;&nbsp;&nbsp;PORT_SetBits
<LI><a href="#[5a]">&gt;&gt;</a>&nbsp;&nbsp;&nbsp;PORT_ResetBits
</UL>
<BR>[Called By]<UL><LI><a href="#[61]">&gt;&gt;</a>&nbsp;&nbsp;&nbsp;m_MLT_Put_Char
<LI><a href="#[53]">&gt;&gt;</a>&nbsp;&nbsp;&nbsp;m_MLT_Clear_Page
</UL>

<P><STRONG><a name="[5c]"></a>m_MLT_Set_Data_Bits</STRONG> (Thumb, 24 bytes, Stack size 0 bytes, ulcd_func.o(.text.m_MLT_Set_Data_Bits))
<BR><BR>[Called By]<UL><LI><a href="#[57]">&gt;&gt;</a>&nbsp;&nbsp;&nbsp;m_MLT_Write_Data
<LI><a href="#[54]">&gt;&gt;</a>&nbsp;&nbsp;&nbsp;m_MLT_Set_Page
<LI><a href="#[55]">&gt;&gt;</a>&nbsp;&nbsp;&nbsp;m_MLT_Set_Address
<LI><a href="#[58]">&gt;&gt;</a>&nbsp;&nbsp;&nbsp;m_MLT_Disp_On
</UL>

<P><STRONG><a name="[54]"></a>m_MLT_Set_Page</STRONG> (Thumb, 154 bytes, Stack size 24 bytes, ulcd_func.o(.text.m_MLT_Set_Page))
<BR><BR>[Stack]<UL><LI>Max Depth = 28<LI>Call Chain = m_MLT_Set_Page &rArr; m_MLT_Delay
</UL>
<BR>[Calls]<UL><LI><a href="#[5c]">&gt;&gt;</a>&nbsp;&nbsp;&nbsp;m_MLT_Set_Data_Bits
<LI><a href="#[5b]">&gt;&gt;</a>&nbsp;&nbsp;&nbsp;m_MLT_Delay
<LI><a href="#[59]">&gt;&gt;</a>&nbsp;&nbsp;&nbsp;PORT_SetBits
<LI><a href="#[5a]">&gt;&gt;</a>&nbsp;&nbsp;&nbsp;PORT_ResetBits
</UL>
<BR>[Called By]<UL><LI><a href="#[61]">&gt;&gt;</a>&nbsp;&nbsp;&nbsp;m_MLT_Put_Char
<LI><a href="#[53]">&gt;&gt;</a>&nbsp;&nbsp;&nbsp;m_MLT_Clear_Page
</UL>

<P><STRONG><a name="[57]"></a>m_MLT_Write_Data</STRONG> (Thumb, 152 bytes, Stack size 24 bytes, ulcd_func.o(.text.m_MLT_Write_Data))
<BR><BR>[Stack]<UL><LI>Max Depth = 28<LI>Call Chain = m_MLT_Write_Data &rArr; m_MLT_Delay
</UL>
<BR>[Calls]<UL><LI><a href="#[5c]">&gt;&gt;</a>&nbsp;&nbsp;&nbsp;m_MLT_Set_Data_Bits
<LI><a href="#[5b]">&gt;&gt;</a>&nbsp;&nbsp;&nbsp;m_MLT_Delay
<LI><a href="#[59]">&gt;&gt;</a>&nbsp;&nbsp;&nbsp;PORT_SetBits
<LI><a href="#[5a]">&gt;&gt;</a>&nbsp;&nbsp;&nbsp;PORT_ResetBits
</UL>
<BR>[Called By]<UL><LI><a href="#[61]">&gt;&gt;</a>&nbsp;&nbsp;&nbsp;m_MLT_Put_Char
<LI><a href="#[53]">&gt;&gt;</a>&nbsp;&nbsp;&nbsp;m_MLT_Clear_Page
</UL>

<P><STRONG><a name="[63]"></a>m_UART_Init</STRONG> (Thumb, 138 bytes, Stack size 56 bytes, uuart_func.o(.text.m_UART_Init))
<BR><BR>[Stack]<UL><LI>Max Depth = 120<LI>Call Chain = m_UART_Init &rArr; UART_Init &rArr; RST_CLK_GetClocksFreq
</UL>
<BR>[Calls]<UL><LI><a href="#[4e]">&gt;&gt;</a>&nbsp;&nbsp;&nbsp;UART_Init
<LI><a href="#[66]">&gt;&gt;</a>&nbsp;&nbsp;&nbsp;UART_DeInit
<LI><a href="#[67]">&gt;&gt;</a>&nbsp;&nbsp;&nbsp;UART_Cmd
<LI><a href="#[65]">&gt;&gt;</a>&nbsp;&nbsp;&nbsp;UART_BRGInit
<LI><a href="#[64]">&gt;&gt;</a>&nbsp;&nbsp;&nbsp;PORT_StructInit
<LI><a href="#[60]">&gt;&gt;</a>&nbsp;&nbsp;&nbsp;PORT_Init
</UL>
<BR>[Called By]<UL><LI><a href="#[39]">&gt;&gt;</a>&nbsp;&nbsp;&nbsp;main
</UL>

<P><STRONG><a name="[68]"></a>m_initLEDs</STRONG> (Thumb, 54 bytes, Stack size 24 bytes, u_led_func.o(.text.m_initLEDs))
<BR><BR>[Stack]<UL><LI>Max Depth = 84<LI>Call Chain = m_initLEDs &rArr; PORT_Init
</UL>
<BR>[Calls]<UL><LI><a href="#[64]">&gt;&gt;</a>&nbsp;&nbsp;&nbsp;PORT_StructInit
<LI><a href="#[60]">&gt;&gt;</a>&nbsp;&nbsp;&nbsp;PORT_Init
</UL>
<BR>[Called By]<UL><LI><a href="#[39]">&gt;&gt;</a>&nbsp;&nbsp;&nbsp;main
</UL>

<P><STRONG><a name="[71]"></a>m_setUpFreq</STRONG> (Thumb, 66 bytes, Stack size 0 bytes, urst_clk_init.o(.text.m_setUpFreq))
<BR><BR>[Called By]<UL><LI><a href="#[39]">&gt;&gt;</a>&nbsp;&nbsp;&nbsp;main
</UL>

<P><STRONG><a name="[69]"></a>m_setUpTimer</STRONG> (Thumb, 100 bytes, Stack size 40 bytes, utimer_init.o(.text.m_setUpTimer))
<BR><BR>[Stack]<UL><LI>Max Depth = 56<LI>Call Chain = m_setUpTimer &rArr; __aeabi_fmul
</UL>
<BR>[Calls]<UL><LI><a href="#[6c]">&gt;&gt;</a>&nbsp;&nbsp;&nbsp;__aeabi_fmul
<LI><a href="#[6d]">&gt;&gt;</a>&nbsp;&nbsp;&nbsp;__aeabi_f2iz
<LI><a href="#[6f]">&gt;&gt;</a>&nbsp;&nbsp;&nbsp;TIMER_ITConfig
<LI><a href="#[6a]">&gt;&gt;</a>&nbsp;&nbsp;&nbsp;TIMER_DeInit
<LI><a href="#[6e]">&gt;&gt;</a>&nbsp;&nbsp;&nbsp;TIMER_CntInit
<LI><a href="#[70]">&gt;&gt;</a>&nbsp;&nbsp;&nbsp;TIMER_Cmd
<LI><a href="#[6b]">&gt;&gt;</a>&nbsp;&nbsp;&nbsp;TIMER_BRGInit
</UL>
<BR>[Called By]<UL><LI><a href="#[39]">&gt;&gt;</a>&nbsp;&nbsp;&nbsp;main
</UL>

<P><STRONG><a name="[39]"></a>main</STRONG> (Thumb, 136 bytes, Stack size 0 bytes, main.o(.text.main))
<BR><BR>[Stack]<UL><LI>Max Depth = 128 + Unknown Stack Size
<LI>Call Chain = main &rArr; __2sprintf &rArr; _printf_char_common &rArr; __printf
</UL>
<BR>[Calls]<UL><LI><a href="#[3f]">&gt;&gt;</a>&nbsp;&nbsp;&nbsp;__2sprintf
<LI><a href="#[69]">&gt;&gt;</a>&nbsp;&nbsp;&nbsp;m_setUpTimer
<LI><a href="#[71]">&gt;&gt;</a>&nbsp;&nbsp;&nbsp;m_setUpFreq
<LI><a href="#[68]">&gt;&gt;</a>&nbsp;&nbsp;&nbsp;m_initLEDs
<LI><a href="#[63]">&gt;&gt;</a>&nbsp;&nbsp;&nbsp;m_UART_Init
<LI><a href="#[62]">&gt;&gt;</a>&nbsp;&nbsp;&nbsp;m_MLT_Put_String
<LI><a href="#[5d]">&gt;&gt;</a>&nbsp;&nbsp;&nbsp;m_MLT_Init
<LI><a href="#[72]">&gt;&gt;</a>&nbsp;&nbsp;&nbsp;__NVIC_EnableIRQ
</UL>
<BR>[Called By]<UL><LI><a href="#[38]">&gt;&gt;</a>&nbsp;&nbsp;&nbsp;__rt_entry_main
</UL>

<P><STRONG><a name="[43]"></a>_is_digit</STRONG> (Thumb, 14 bytes, Stack size 0 bytes, __printf_wp.o(i._is_digit))
<BR><BR>[Called By]<UL><LI><a href="#[42]">&gt;&gt;</a>&nbsp;&nbsp;&nbsp;__printf
</UL>

<P><STRONG><a name="[6d]"></a>__aeabi_f2iz</STRONG> (Thumb, 0 bytes, Stack size 16 bytes, ffix.o(x$fpl$ffix))
<BR><BR>[Stack]<UL><LI>Max Depth = 16<LI>Call Chain = __aeabi_f2iz
</UL>
<BR>[Called By]<UL><LI><a href="#[69]">&gt;&gt;</a>&nbsp;&nbsp;&nbsp;m_setUpTimer
</UL>

<P><STRONG><a name="[73]"></a>_ffix</STRONG> (Thumb, 54 bytes, Stack size 16 bytes, ffix.o(x$fpl$ffix), UNUSED)
<BR><BR>[Calls]<UL><LI><a href="#[74]">&gt;&gt;</a>&nbsp;&nbsp;&nbsp;__fpl_fnaninf
</UL>

<P><STRONG><a name="[6c]"></a>__aeabi_fmul</STRONG> (Thumb, 0 bytes, Stack size 16 bytes, fmul.o(x$fpl$fmul))
<BR><BR>[Stack]<UL><LI>Max Depth = 16<LI>Call Chain = __aeabi_fmul
</UL>
<BR>[Called By]<UL><LI><a href="#[69]">&gt;&gt;</a>&nbsp;&nbsp;&nbsp;m_setUpTimer
</UL>

<P><STRONG><a name="[75]"></a>_fmul</STRONG> (Thumb, 258 bytes, Stack size 16 bytes, fmul.o(x$fpl$fmul), UNUSED)
<BR><BR>[Calls]<UL><LI><a href="#[76]">&gt;&gt;</a>&nbsp;&nbsp;&nbsp;__fpl_fretinf
<LI><a href="#[74]">&gt;&gt;</a>&nbsp;&nbsp;&nbsp;__fpl_fnaninf
</UL>

<P><STRONG><a name="[74]"></a>__fpl_fnaninf</STRONG> (Thumb, 140 bytes, Stack size 8 bytes, fnaninf.o(x$fpl$fnaninf), UNUSED)
<BR><BR>[Called By]<UL><LI><a href="#[75]">&gt;&gt;</a>&nbsp;&nbsp;&nbsp;_fmul
<LI><a href="#[73]">&gt;&gt;</a>&nbsp;&nbsp;&nbsp;_ffix
</UL>

<P><STRONG><a name="[76]"></a>__fpl_fretinf</STRONG> (Thumb, 10 bytes, Stack size 0 bytes, fretinf.o(x$fpl$fretinf), UNUSED)
<BR><BR>[Called By]<UL><LI><a href="#[75]">&gt;&gt;</a>&nbsp;&nbsp;&nbsp;_fmul
</UL>
<P>
<H3>
Local Symbols
</H3>
<P><STRONG><a name="[72]"></a>__NVIC_EnableIRQ</STRONG> (Thumb, 16 bytes, Stack size 0 bytes, main.o(.text.__NVIC_EnableIRQ))
<BR><BR>[Called By]<UL><LI><a href="#[39]">&gt;&gt;</a>&nbsp;&nbsp;&nbsp;main
</UL>

<P><STRONG><a name="[2c]"></a>_printf_input_char</STRONG> (Thumb, 10 bytes, Stack size 0 bytes, _printf_char_common.o(.text))
<BR>[Address Reference Count : 1]<UL><LI> _printf_char_common.o(.text)
</UL><P>
<H3>
Undefined Global Symbols
</H3><HR></body></html>
