Component: ARM Compiler 6.16 Tool: armlink [5dfeaa00]

==============================================================================

Section Cross References

    main.o(.text) refers (Special) to _printf_d.o(.ARM.Collect$$_printf_percent$$00000009) for _printf_d
    main.o(.text) refers (Special) to _printf_dec.o(.text) for _printf_int_dec
    main.o(.text) refers (Special) to _printf_percent.o(.ARM.Collect$$_printf_percent$$00000000) for _printf_percent
    main.o(.text.TIMER1_IRQHandler) refers (Special) to _printf_d.o(.ARM.Collect$$_printf_percent$$00000009) for _printf_d
    main.o(.text.TIMER1_IRQHandler) refers (Special) to _printf_dec.o(.text) for _printf_int_dec
    main.o(.text.TIMER1_IRQHandler) refers (Special) to _printf_percent.o(.ARM.Collect$$_printf_percent$$00000000) for _printf_percent
    main.o(.text.TIMER1_IRQHandler) refers to mdr32f9qx_timer.o(.text.TIMER_GetITStatus) for TIMER_GetITStatus
    main.o(.text.TIMER1_IRQHandler) refers to u_led_func.o(.text.m_LED_toggle) for m_LED_toggle
    main.o(.text.TIMER1_IRQHandler) refers to main.o(.bss.counter_handler) for counter_handler
    main.o(.text.TIMER1_IRQHandler) refers to mdr32f9qx_timer.o(.text.TIMER_ClearFlag) for TIMER_ClearFlag
    main.o(.ARM.exidx.text.TIMER1_IRQHandler) refers (Special) to _printf_d.o(.ARM.Collect$$_printf_percent$$00000009) for _printf_d
    main.o(.ARM.exidx.text.TIMER1_IRQHandler) refers (Special) to _printf_dec.o(.text) for _printf_int_dec
    main.o(.ARM.exidx.text.TIMER1_IRQHandler) refers (Special) to _printf_percent.o(.ARM.Collect$$_printf_percent$$00000000) for _printf_percent
    main.o(.ARM.exidx.text.TIMER1_IRQHandler) refers to main.o(.text.TIMER1_IRQHandler) for [Anonymous Symbol]
    main.o(.text.main) refers (Special) to _printf_d.o(.ARM.Collect$$_printf_percent$$00000009) for _printf_d
    main.o(.text.main) refers (Special) to _printf_dec.o(.text) for _printf_int_dec
    main.o(.text.main) refers (Special) to _printf_percent.o(.ARM.Collect$$_printf_percent$$00000000) for _printf_percent
    main.o(.text.main) refers to urst_clk_init.o(.text.m_setUpFreq) for m_setUpFreq
    main.o(.text.main) refers to u_led_func.o(.text.m_initLEDs) for m_initLEDs
    main.o(.text.main) refers to ulcd_func.o(.text.m_MLT_Init) for m_MLT_Init
    main.o(.text.main) refers to utimer_init.o(.text.m_setUpTimer) for m_setUpTimer
    main.o(.text.main) refers to uuart_func.o(.text.m_UART_Init) for m_UART_Init
    main.o(.text.main) refers to ulcd_func.o(.text.m_MLT_Put_String) for m_MLT_Put_String
    main.o(.text.main) refers to noretval__2sprintf.o(.text) for __2sprintf
    main.o(.text.main) refers to main.o(.bss.counter_handler) for counter_handler
    main.o(.ARM.exidx.text.main) refers (Special) to _printf_d.o(.ARM.Collect$$_printf_percent$$00000009) for _printf_d
    main.o(.ARM.exidx.text.main) refers (Special) to _printf_dec.o(.text) for _printf_int_dec
    main.o(.ARM.exidx.text.main) refers (Special) to _printf_percent.o(.ARM.Collect$$_printf_percent$$00000000) for _printf_percent
    main.o(.ARM.exidx.text.main) refers to main.o(.text.main) for [Anonymous Symbol]
    main.o(.bss.Data_receive) refers (Special) to _printf_d.o(.ARM.Collect$$_printf_percent$$00000009) for _printf_d
    main.o(.bss.Data_receive) refers (Special) to _printf_dec.o(.text) for _printf_int_dec
    main.o(.bss.Data_receive) refers (Special) to _printf_percent.o(.ARM.Collect$$_printf_percent$$00000000) for _printf_percent
    main.o(.bss.counter_handler) refers (Special) to _printf_d.o(.ARM.Collect$$_printf_percent$$00000009) for _printf_d
    main.o(.bss.counter_handler) refers (Special) to _printf_dec.o(.text) for _printf_int_dec
    main.o(.bss.counter_handler) refers (Special) to _printf_percent.o(.ARM.Collect$$_printf_percent$$00000000) for _printf_percent
    main.o(.ARM.use_no_argv) refers (Special) to _printf_d.o(.ARM.Collect$$_printf_percent$$00000009) for _printf_d
    main.o(.ARM.use_no_argv) refers (Special) to _printf_dec.o(.text) for _printf_int_dec
    main.o(.ARM.use_no_argv) refers (Special) to _printf_percent.o(.ARM.Collect$$_printf_percent$$00000000) for _printf_percent
    ulcd_func.o(.text.m_MLT_Init) refers to ulcd_func.o(.text.m_MLT_Pin_Cfg) for m_MLT_Pin_Cfg
    ulcd_func.o(.text.m_MLT_Init) refers to ulcd_func.o(.text.m_MLT_LCD_Init) for m_MLT_LCD_Init
    ulcd_func.o(.text.m_MLT_Init) refers to ulcd_func.o(.text.m_MLT_Read_Status) for m_MLT_Read_Status
    ulcd_func.o(.text.m_MLT_Init) refers to ulcd_func.o(.text.m_MLT_Disp_On) for m_MLT_Disp_On
    ulcd_func.o(.text.m_MLT_Init) refers to ulcd_func.o(.text.m_MLT_Clear_Chip) for m_MLT_Clear_Chip
    ulcd_func.o(.ARM.exidx.text.m_MLT_Init) refers to ulcd_func.o(.text.m_MLT_Init) for [Anonymous Symbol]
    ulcd_func.o(.text.m_MLT_Pin_Cfg) refers to mdr32f9qx_port.o(.text.PORT_Init) for PORT_Init
    ulcd_func.o(.ARM.exidx.text.m_MLT_Pin_Cfg) refers to ulcd_func.o(.text.m_MLT_Pin_Cfg) for [Anonymous Symbol]
[...]
    __rtentry2.o(.ARM.exidx) refers to __rtentry2.o(.ARM.Collect$$rtentry$$0000000B) for .ARM.Collect$$rtentry$$0000000B
    __rtentry2.o(.ARM.exidx) refers to __rtentry2.o(.ARM.Collect$$rtentry$$0000000D) for .ARM.Collect$$rtentry$$0000000D
    __rtentry4.o(.ARM.Collect$$rtentry$$00000004) refers to sys_stackheap_outer.o(.text) for __user_setup_stackheap
    __rtentry4.o(.ARM.exidx) refers to __rtentry4.o(.ARM.Collect$$rtentry$$00000004) for .ARM.Collect$$rtentry$$00000004
    sys_stackheap_outer.o(.text) refers to libspace.o(.text) for __user_perproc_libspace
    sys_stackheap_outer.o(.text) refers to startup_mdr1901vc1t.o(.text) for __user_initial_stackheap
    exit.o(.text) refers to rtexit.o(.ARM.Collect$$rtexit$$00000000) for __rt_exit
    libinit.o(.ARM.Collect$$libinit$$00000000) refers (Special) to libinit2.o(.ARM.Collect$$libinit$$0000002E) for __rt_lib_init_alloca_1
    libinit.o(.ARM.Collect$$libinit$$00000000) refers (Special) to libinit2.o(.ARM.Collect$$libinit$$0000002C) for __rt_lib_init_argv_1
    libinit.o(.ARM.Collect$$libinit$$00000000) refers (Special) to libinit2.o(.ARM.Collect$$libinit$$0000001B) for __rt_lib_init_atexit_1
    libinit.o(.ARM.Collect$$libinit$$00000000) refers (Special) to libinit2.o(.ARM.Collect$$libinit$$00000021) for __rt_lib_init_clock_1
    libinit.o(.ARM.Collect$$libinit$$00000000) refers (Special) to libinit2.o(.ARM.Collect$$libinit$$00000032) for __rt_lib_init_cpp_1
    libinit.o(.ARM.Collect$$libinit$$00000000) refers (Special) to libinit2.o(.ARM.Collect$$libinit$$00000030) for __rt_lib_init_exceptions_1
    libinit.o(.ARM.Collect$$libinit$$00000000) refers (Special) to libinit2.o(.ARM.Collect$$libinit$$00000002) for __rt_lib_init_fp_1
    libinit.o(.ARM.Collect$$libinit$$00000000) refers (Special) to libinit2.o(.ARM.Collect$$libinit$$0000001F) for __rt_lib_init_fp_trap_1
    libinit.o(.ARM.Collect$$libinit$$00000000) refers (Special) to libinit2.o(.ARM.Collect$$libinit$$00000023) for __rt_lib_init_getenv_1
    libinit.o(.ARM.Collect$$libinit$$00000000) refers (Special) to libinit2.o(.ARM.Collect$$libinit$$0000000A) for __rt_lib_init_heap_1
    libinit.o(.ARM.Collect$$libinit$$00000000) refers (Special) to libinit2.o(.ARM.Collect$$libinit$$00000011) for __rt_lib_init_lc_collate_1
    libinit.o(.ARM.Collect$$libinit$$00000000) refers (Special) to libinit2.o(.ARM.Collect$$libinit$$00000013) for __rt_lib_init_lc_ctype_1
    libinit.o(.ARM.Collect$$libinit$$00000000) refers (Special) to libinit2.o(.ARM.Collect$$libinit$$00000015) for __rt_lib_init_lc_monetary_1
    libinit.o(.ARM.Collect$$libinit$$00000000) refers (Special) to libinit2.o(.ARM.Collect$$libinit$$00000017) for __rt_lib_init_lc_numeric_1
    libinit.o(.ARM.Collect$$libinit$$00000000) refers (Special) to libinit2.o(.ARM.Collect$$libinit$$00000019) for __rt_lib_init_lc_time_1
    libinit.o(.ARM.Collect$$libinit$$00000000) refers (Special) to libinit2.o(.ARM.Collect$$libinit$$00000004) for __rt_lib_init_preinit_1
    libinit.o(.ARM.Collect$$libinit$$00000000) refers (Special) to libinit2.o(.ARM.Collect$$libinit$$0000000E) for __rt_lib_init_rand_1
    libinit.o(.ARM.Collect$$libinit$$00000000) refers (Special) to libinit2.o(.ARM.Collect$$libinit$$00000033) for __rt_lib_init_return
    libinit.o(.ARM.Collect$$libinit$$00000000) refers (Special) to libinit2.o(.ARM.Collect$$libinit$$0000001D) for __rt_lib_init_signal_1
    libinit.o(.ARM.Collect$$libinit$$00000000) refers (Special) to libinit2.o(.ARM.Collect$$libinit$$00000025) for __rt_lib_init_stdio_1
    libinit.o(.ARM.Collect$$libinit$$00000000) refers (Special) to libinit2.o(.ARM.Collect$$libinit$$0000000C) for __rt_lib_init_user_alloc_1
    libspace.o(.text) refers to libspace.o(.bss) for __libspace_start
    rtexit.o(.ARM.Collect$$rtexit$$00000000) refers (Special) to rtexit2.o(.ARM.Collect$$rtexit$$00000004) for __rt_exit_exit
    rtexit.o(.ARM.Collect$$rtexit$$00000000) refers (Special) to rtexit2.o(.ARM.Collect$$rtexit$$00000003) for __rt_exit_ls
    rtexit.o(.ARM.Collect$$rtexit$$00000000) refers (Special) to rtexit2.o(.ARM.Collect$$rtexit$$00000002) for __rt_exit_prels_1
    rtexit.o(.ARM.exidx) refers (Special) to rtexit2.o(.ARM.Collect$$rtexit$$00000004) for __rt_exit_exit
    rtexit.o(.ARM.exidx) refers (Special) to rtexit2.o(.ARM.Collect$$rtexit$$00000003) for __rt_exit_ls
    rtexit.o(.ARM.exidx) refers (Special) to rtexit2.o(.ARM.Collect$$rtexit$$00000002) for __rt_exit_prels_1
    rtexit.o(.ARM.exidx) refers to rtexit.o(.ARM.Collect$$rtexit$$00000000) for .ARM.Collect$$rtexit$$00000000
    libinit2.o(.ARM.Collect$$libinit$$00000010) refers to libinit2.o(.ARM.Collect$$libinit$$0000000F) for .ARM.Collect$$libinit$$0000000F
    libinit2.o(.ARM.Collect$$libinit$$00000012) refers to libinit2.o(.ARM.Collect$$libinit$$0000000F) for .ARM.Collect$$libinit$$0000000F
    libinit2.o(.ARM.Collect$$libinit$$00000014) refers to libinit2.o(.ARM.Collect$$libinit$$0000000F) for .ARM.Collect$$libinit$$0000000F
    libinit2.o(.ARM.Collect$$libinit$$00000016) refers to libinit2.o(.ARM.Collect$$libinit$$0000000F) for .ARM.Collect$$libinit$$0000000F
    libinit2.o(.ARM.Collect$$libinit$$00000018) refers to libinit2.o(.ARM.Collect$$libinit$$0000000F) for .ARM.Collect$$libinit$$0000000F
    libinit2.o(.ARM.Collect$$libinit$$00000026) refers to argv_veneer.o(.emb_text) for __ARM_argv_veneer
    libinit2.o(.ARM.Collect$$libinit$$00000027) refers to argv_veneer.o(.emb_text) for __ARM_argv_veneer
    rtexit2.o(.ARM.Collect$$rtexit$$00000003) refers to libshutdown.o(.ARM.Collect$$libshutdown$$00000000) for __rt_lib_shutdown
    rtexit2.o(.ARM.Collect$$rtexit$$00000004) refers to sys_exit.o(.text) for _sys_exit
    rtexit2.o(.ARM.exidx) refers to rtexit2.o(.ARM.Collect$$rtexit$$00000001) for .ARM.Collect$$rtexit$$00000001
    rtexit2.o(.ARM.exidx) refers to rtexit2.o(.ARM.Collect$$rtexit$$00000003) for .ARM.Collect$$rtexit$$00000003
    rtexit2.o(.ARM.exidx) refers to rtexit2.o(.ARM.Collect$$rtexit$$00000004) for .ARM.Collect$$rtexit$$00000004
    argv_veneer.o(.emb_text) refers to no_argv.o(.text) for __ARM_get_argv
    sys_exit.o(.text) refers (Special) to use_no_semi.o(.text) for __I$use$semihosting
    sys_exit.o(.text) refers (Special) to indicate_semi.o(.text) for __semihosting_library_function
    sys_exit_hlt.o(.text) refers (Special) to use_no_semi.o(.text) for __I$use$semihosting
    sys_exit_hlt.o(.text) refers (Special) to indicate_semi.o(.text) for __semihosting_library_function
    _get_argv_nomalloc.o(.text) refers (Special) to hrguard.o(.text) for __heap_region$guard
    _get_argv_nomalloc.o(.text) refers to defsig_rtmem_outer.o(.text) for __rt_SIGRTMEM
    _get_argv_nomalloc.o(.text) refers to sys_command.o(.text) for _sys_command_string
    libshutdown.o(.ARM.Collect$$libshutdown$$00000000) refers (Special) to libshutdown2.o(.ARM.Collect$$libshutdown$$00000002) for __rt_lib_shutdown_cpp_1
    libshutdown.o(.ARM.Collect$$libshutdown$$00000000) refers (Special) to libshutdown2.o(.ARM.Collect$$libshutdown$$00000007) for __rt_lib_shutdown_fp_trap_1
    libshutdown.o(.ARM.Collect$$libshutdown$$00000000) refers (Special) to libshutdown2.o(.ARM.Collect$$libshutdown$$0000000F) for __rt_lib_shutdown_heap_1
    libshutdown.o(.ARM.Collect$$libshutdown$$00000000) refers (Special) to libshutdown2.o(.ARM.Collect$$libshutdown$$00000010) for __rt_lib_shutdown_return
    libshutdown.o(.ARM.Collect$$libshutdown$$00000000) refers (Special) to libshutdown2.o(.ARM.Collect$$libshutdown$$0000000A) for __rt_lib_shutdown_signal_1
    libshutdown.o(.ARM.Collect$$libshutdown$$00000000) refers (Special) to libshutdown2.o(.ARM.Collect$$libshutdown$$00000004) for __rt_lib_shutdown_stdio_1
    libshutdown.o(.ARM.Collect$$libshutdown$$00000000) refers (Special) to libshutdown2.o(.ARM.Collect$$libshutdown$$0000000C) for __rt_lib_shutdown_user_alloc_1
    sys_command.o(.text) refers (Special) to use_no_semi.o(.text) for __I$use$semihosting
    sys_command.o(.text) refers (Special) to indicate_semi.o(.text) for __semihosting_library_function
    sys_command_hlt.o(.text) refers (Special) to use_no_semi.o(.text) for __I$use$semihosting
    sys_command_hlt.o(.text) refers (Special) to indicate_semi.o(.text) for __semihosting_library_function
    defsig_rtmem_outer.o(.text) refers to defsig_rtmem_inner.o(.text) for __rt_SIGRTMEM_inner
    defsig_rtmem_outer.o(.text) refers to defsig_exit.o(.text) for __sig_exit
    defsig_rtmem_formal.o(.text) refers to rt_raise.o(.text) for __rt_raise
    rt_raise.o(.text) refers to __raise.o(.text) for __raise
    rt_raise.o(.text) refers to sys_exit.o(.text) for _sys_exit
    defsig_exit.o(.text) refers to sys_exit.o(.text) for _sys_exit
    defsig_rtmem_inner.o(.text) refers to defsig_general.o(.text) for __default_signal_display
    __raise.o(.text) refers to defsig.o(CL$$defsig) for __default_signal_handler
    defsig_general.o(.text) refers to sys_wrch.o(.text) for _ttywrch
    sys_wrch.o(.text) refers (Special) to use_no_semi.o(.text) for __I$use$semihosting
    sys_wrch.o(.text) refers (Special) to indicate_semi.o(.text) for __semihosting_library_function
    sys_wrch_hlt.o(.text) refers (Special) to use_no_semi.o(.text) for __I$use$semihosting
    sys_wrch_hlt.o(.text) refers (Special) to indicate_semi.o(.text) for __semihosting_library_function
    defsig.o(CL$$defsig) refers to defsig_rtmem_inner.o(.text) for __rt_SIGRTMEM_inner
    defsig_abrt_inner.o(.text) refers to defsig_general.o(.text) for __default_signal_display
    defsig_fpe_inner.o(.text) refers to defsig_general.o(.text) for __default_signal_display
    defsig_rtred_inner.o(.text) refers to defsig_general.o(.text) for __default_signal_display
    defsig_stak_inner.o(.text) refers to defsig_general.o(.text) for __default_signal_display
    defsig_pvfn_inner.o(.text) refers to defsig_general.o(.text) for __default_signal_display
    defsig_cppl_inner.o(.text) refers to defsig_general.o(.text) for __default_signal_display
    defsig_segv_inner.o(.text) refers to defsig_general.o(.text) for __default_signal_display
    defsig_other.o(.text) refers to defsig_general.o(.text) for __default_signal_display


==============================================================================

Removing Unused input sections from the image.

    Removing main.o(.text), (0 bytes).
    Removing main.o(.ARM.exidx.text.TIMER1_IRQHandler), (8 bytes).
    Removing main.o(.ARM.exidx.text.main), (8 bytes).
    Removing main.o(.bss.Data_receive), (4 bytes).
    Removing main.o(.ARM.use_no_argv), (4 bytes).
    Removing ulcd_func.o(.text), (0 bytes).
    Removing ulcd_func.o(.ARM.exidx.text.m_MLT_Init), (8 bytes).
    Removing ulcd_func.o(.ARM.exidx.text.m_MLT_Pin_Cfg), (8 bytes).
    Removing ulcd_func.o(.ARM.exidx.text.m_MLT_LCD_Init), (8 bytes).
    Removing ulcd_func.o(.ARM.exidx.text.m_MLT_Read_Status), (8 bytes).
    Removing ulcd_func.o(.ARM.exidx.text.m_MLT_Disp_On), (8 bytes).
    Removing ulcd_func.o(.ARM.exidx.text.m_MLT_Clear_Chip), (8 bytes).
    Removing ulcd_func.o(.ARM.exidx.text.m_MLT_Delay), (8 bytes).
    Removing ulcd_func.o(.ARM.exidx.text.m_MLT_Set_Data_Bits), (8 bytes).
    Removing ulcd_func.o(.text.m_MLT_Disp_Off), (150 bytes).
    Removing ulcd_func.o(.ARM.exidx.text.m_MLT_Disp_Off), (8 bytes).
    Removing ulcd_func.o(.ARM.exidx.text.m_MLT_Set_Page), (8 bytes).
    Removing ulcd_func.o(.ARM.exidx.text.m_MLT_Set_Address), (8 bytes).
    Removing ulcd_func.o(.ARM.exidx.text.m_MLT_Write_Data), (8 bytes).
    Removing ulcd_func.o(.text.m_MLT_Read_Data), (156 bytes).
    Removing ulcd_func.o(.ARM.exidx.text.m_MLT_Read_Data), (8 bytes).
    Removing ulcd_func.o(.ARM.exidx.text.m_MLT_Clear_Page), (8 bytes).
    Removing ulcd_func.o(.ARM.exidx.text.m_MLT_Put_Char), (8 bytes).
    Removing ulcd_func.o(.ARM.exidx.text.m_MLT_Put_String), (8 bytes).
    Removing ulcd_func.o(.text.m_MLT_Scroll_String), (122 bytes).
    Removing ulcd_func.o(.ARM.exidx.text.m_MLT_Scroll_String), (8 bytes).
    Removing ulcd_func.o(.text.m_MLT_Put_Image), (150 bytes).
    Removing ulcd_func.o(.ARM.exidx.text.m_MLT_Put_Image), (8 bytes).
    Removing uuart_func.o(.text), (0 bytes).
    Removing uuart_func.o(.ARM.exidx.text.m_UART_Init), (8 bytes).
    Removing uuart_func.o(.text.m_UartSetBaud), (58 bytes).
    Removing uuart_func.o(.ARM.exidx.text.m_UartSetBaud), (8 bytes).
    Removing urst_clk_init.o(.text), (0 bytes).
    Removing urst_clk_init.o(.ARM.exidx.text.m_setUpFreq), (8 bytes).
    Removing utimer_init.o(.text), (0 bytes).
    Removing utimer_init.o(.ARM.exidx.text.m_setUpTimer), (8 bytes).
    Removing utimer_init.o(.ARM.exidx.text.__NVIC_EnableIRQ), (8 bytes).
    Removing utimer_init.o(.ARM.exidx.text.__NVIC_SetPriority), (8 bytes).
    Removing u_led_func.o(.text), (0 bytes).
    Removing u_led_func.o(.ARM.exidx.text.m_initLEDs), (8 bytes).
    Removing u_led_func.o(.text.m_LED_off), (16 bytes).
    Removing u_led_func.o(.ARM.exidx.text.m_LED_off), (8 bytes).
    Removing u_led_func.o(.text.m_LED_on), (16 bytes).
    Removing u_led_func.o(.ARM.exidx.text.m_LED_on), (8 bytes).
    Removing u_led_func.o(.ARM.exidx.text.m_LED_toggle), (8 bytes).
    Removing system_mdr1901vc1t.o(.text), (0 bytes).
    Removing system_mdr1901vc1t.o(.ARM.exidx.text.SystemCoreClockUpdate), (8 bytes).
    Removing system_mdr1901vc1t.o(.ARM.exidx.text.SystemInit), (8 bytes).
    Removing mdr32f9qx_port.o(.text), (0 bytes).
    Removing mdr32f9qx_port.o(.text.PORT_DeInit), (20 bytes).
    Removing mdr32f9qx_port.o(.ARM.exidx.text.PORT_DeInit), (8 bytes).
    Removing mdr32f9qx_port.o(.ARM.exidx.text.PORT_Init), (8 bytes).
    Removing mdr32f9qx_port.o(.ARM.exidx.text.PORT_StructInit), (8 bytes).
    Removing mdr32f9qx_port.o(.text.PORT_ReadInputDataBit), (10 bytes).
    Removing mdr32f9qx_port.o(.ARM.exidx.text.PORT_ReadInputDataBit), (8 bytes).
    Removing mdr32f9qx_port.o(.ARM.exidx.text.PORT_ReadInputData), (8 bytes).
    Removing mdr32f9qx_port.o(.ARM.exidx.text.PORT_SetBits), (8 bytes).
    Removing mdr32f9qx_port.o(.ARM.exidx.text.PORT_ResetBits), (8 bytes).
    Removing mdr32f9qx_port.o(.text.PORT_WriteBit), (44 bytes).
    Removing mdr32f9qx_port.o(.ARM.exidx.text.PORT_WriteBit), (8 bytes).
    Removing mdr32f9qx_port.o(.ARM.exidx.text.PORT_Write), (8 bytes).
    Removing mdr32f9qx_rst_clk.o(.text), (0 bytes).
    Removing mdr32f9qx_rst_clk.o(.text.RST_CLK_DeInit), (42 bytes).
    Removing mdr32f9qx_rst_clk.o(.ARM.exidx.text.RST_CLK_DeInit), (8 bytes).
    Removing mdr32f9qx_rst_clk.o(.text.RST_CLK_WarmDeInit), (80 bytes).
    Removing mdr32f9qx_rst_clk.o(.ARM.exidx.text.RST_CLK_WarmDeInit), (8 bytes).
    Removing mdr32f9qx_rst_clk.o(.text.RST_CLK_PCLKcmd), (24 bytes).
    Removing mdr32f9qx_rst_clk.o(.ARM.exidx.text.RST_CLK_PCLKcmd), (8 bytes).
    Removing mdr32f9qx_rst_clk.o(.text.RST_CLK_HSIcmd), (12 bytes).
    Removing mdr32f9qx_rst_clk.o(.ARM.exidx.text.RST_CLK_HSIcmd), (8 bytes).
    Removing mdr32f9qx_rst_clk.o(.text.RST_CLK_HSIstatus), (48 bytes).
    Removing mdr32f9qx_rst_clk.o(.ARM.exidx.text.RST_CLK_HSIstatus), (8 bytes).
    Removing mdr32f9qx_rst_clk.o(.text.RST_CLK_CPUclkSelection), (18 bytes).
    Removing mdr32f9qx_rst_clk.o(.ARM.exidx.text.RST_CLK_CPUclkSelection), (8 bytes).
    Removing mdr32f9qx_rst_clk.o(.text.RST_CLK_HSEconfig), (38 bytes).
    Removing mdr32f9qx_rst_clk.o(.ARM.exidx.text.RST_CLK_HSEconfig), (8 bytes).
    Removing mdr32f9qx_rst_clk.o(.text.RST_CLK_HSEstatus), (48 bytes).
    Removing mdr32f9qx_rst_clk.o(.ARM.exidx.text.RST_CLK_HSEstatus), (8 bytes).
    Removing mdr32f9qx_rst_clk.o(.text.RST_CLK_GetFlagStatus), (38 bytes).
    Removing mdr32f9qx_rst_clk.o(.ARM.exidx.text.RST_CLK_GetFlagStatus), (8 bytes).
    Removing mdr32f9qx_rst_clk.o(.text.RST_CLK_LSEconfig), (40 bytes).
    Removing mdr32f9qx_rst_clk.o(.ARM.exidx.text.RST_CLK_LSEconfig), (8 bytes).
    Removing mdr32f9qx_rst_clk.o(.text.RST_CLK_LSEstatus), (48 bytes).
    Removing mdr32f9qx_rst_clk.o(.ARM.exidx.text.RST_CLK_LSEstatus), (8 bytes).
    Removing mdr32f9qx_rst_clk.o(.text.RST_CLK_HSIadjust), (22 bytes).
    Removing mdr32f9qx_rst_clk.o(.ARM.exidx.text.RST_CLK_HSIadjust), (8 bytes).
    Removing mdr32f9qx_rst_clk.o(.text.RST_CLK_LSIcmd), (12 bytes).
    Removing mdr32f9qx_rst_clk.o(.ARM.exidx.text.RST_CLK_LSIcmd), (8 bytes).
    Removing mdr32f9qx_rst_clk.o(.text.RST_CLK_LSIadjust), (22 bytes).
    Removing mdr32f9qx_rst_clk.o(.ARM.exidx.text.RST_CLK_LSIadjust), (8 bytes).
    Removing mdr32f9qx_rst_clk.o(.text.RST_CLK_LSIstatus), (48 bytes).
    Removing mdr32f9qx_rst_clk.o(.ARM.exidx.text.RST_CLK_LSIstatus), (8 bytes).
    Removing mdr32f9qx_rst_clk.o(.text.RST_CLK_CPU_PLLconfig), (54 bytes).
    Removing mdr32f9qx_rst_clk.o(.ARM.exidx.text.RST_CLK_CPU_PLLconfig), (8 bytes).
    Removing mdr32f9qx_rst_clk.o(.text.RST_CLK_CPU_PLLuse), (12 bytes).
    Removing mdr32f9qx_rst_clk.o(.ARM.exidx.text.RST_CLK_CPU_PLLuse), (8 bytes).
    Removing mdr32f9qx_rst_clk.o(.text.RST_CLK_CPU_PLLcmd), (10 bytes).
    Removing mdr32f9qx_rst_clk.o(.ARM.exidx.text.RST_CLK_CPU_PLLcmd), (8 bytes).
    Removing mdr32f9qx_rst_clk.o(.text.RST_CLK_CPU_PLLstatus), (48 bytes).
    Removing mdr32f9qx_rst_clk.o(.ARM.exidx.text.RST_CLK_CPU_PLLstatus), (8 bytes).
    Removing mdr32f9qx_rst_clk.o(.text.RST_CLK_CPUclkPrescaler), (20 bytes).
    Removing mdr32f9qx_rst_clk.o(.ARM.exidx.text.RST_CLK_CPUclkPrescaler), (8 bytes).
    Removing mdr32f9qx_rst_clk.o(.text.RST_CLK_USB_PLLconfig), (54 bytes).
    Removing mdr32f9qx_rst_clk.o(.ARM.exidx.text.RST_CLK_USB_PLLconfig), (8 bytes).
    Removing mdr32f9qx_rst_clk.o(.text.RST_CLK_USB_PLLuse), (12 bytes).
    Removing mdr32f9qx_rst_clk.o(.ARM.exidx.text.RST_CLK_USB_PLLuse), (8 bytes).
    Removing mdr32f9qx_rst_clk.o(.text.RST_CLK_USB_PLLcmd), (10 bytes).
    Removing mdr32f9qx_rst_clk.o(.ARM.exidx.text.RST_CLK_USB_PLLcmd), (8 bytes).
    Removing mdr32f9qx_rst_clk.o(.text.RST_CLK_USB_PLLstatus), (48 bytes).
    Removing mdr32f9qx_rst_clk.o(.ARM.exidx.text.RST_CLK_USB_PLLstatus), (8 bytes).
    Removing mdr32f9qx_rst_clk.o(.text.RST_CLK_USBclkPrescaler), (12 bytes).
    Removing mdr32f9qx_rst_clk.o(.ARM.exidx.text.RST_CLK_USBclkPrescaler), (8 bytes).
    Removing mdr32f9qx_rst_clk.o(.text.RST_CLK_USBclkEnable), (12 bytes).
    Removing mdr32f9qx_rst_clk.o(.ARM.exidx.text.RST_CLK_USBclkEnable), (8 bytes).
    Removing mdr32f9qx_rst_clk.o(.text.RST_CLK_ADCclkSelection), (18 bytes).
    Removing mdr32f9qx_rst_clk.o(.ARM.exidx.text.RST_CLK_ADCclkSelection), (8 bytes).
    Removing mdr32f9qx_rst_clk.o(.text.RST_CLK_ADCclkPrescaler), (20 bytes).
    Removing mdr32f9qx_rst_clk.o(.ARM.exidx.text.RST_CLK_ADCclkPrescaler), (8 bytes).
    Removing mdr32f9qx_rst_clk.o(.text.RST_CLK_ADCclkEnable), (12 bytes).
    Removing mdr32f9qx_rst_clk.o(.ARM.exidx.text.RST_CLK_ADCclkEnable), (8 bytes).
    Removing mdr32f9qx_rst_clk.o(.text.RST_CLK_HSIclkPrescaler), (20 bytes).
    Removing mdr32f9qx_rst_clk.o(.ARM.exidx.text.RST_CLK_HSIclkPrescaler), (8 bytes).
    Removing mdr32f9qx_rst_clk.o(.text.RST_CLK_RTC_HSIclkEnable), (12 bytes).
    Removing mdr32f9qx_rst_clk.o(.ARM.exidx.text.RST_CLK_RTC_HSIclkEnable), (8 bytes).
    Removing mdr32f9qx_rst_clk.o(.text.RST_CLK_HSEclkPrescaler), (18 bytes).
    Removing mdr32f9qx_rst_clk.o(.ARM.exidx.text.RST_CLK_HSEclkPrescaler), (8 bytes).
    Removing mdr32f9qx_rst_clk.o(.text.RST_CLK_RTC_HSEclkEnable), (12 bytes).
    Removing mdr32f9qx_rst_clk.o(.ARM.exidx.text.RST_CLK_RTC_HSEclkEnable), (8 bytes).
    Removing mdr32f9qx_rst_clk.o(.text.RST_CLK_CPUclkSelectionC1), (18 bytes).
    Removing mdr32f9qx_rst_clk.o(.ARM.exidx.text.RST_CLK_CPUclkSelectionC1), (8 bytes).
    Removing mdr32f9qx_rst_clk.o(.text.RST_CLK_AUCclkDeInit), (22 bytes).
    Removing mdr32f9qx_rst_clk.o(.ARM.exidx.text.RST_CLK_AUCclkDeInit), (8 bytes).
    Removing mdr32f9qx_rst_clk.o(.text.RST_CLK_AUCclkSelection), (18 bytes).
    Removing mdr32f9qx_rst_clk.o(.ARM.exidx.text.RST_CLK_AUCclkSelection), (8 bytes).
    Removing mdr32f9qx_rst_clk.o(.text.RST_CLK_AUCclkPrescaler), (18 bytes).
    Removing mdr32f9qx_rst_clk.o(.ARM.exidx.text.RST_CLK_AUCclkPrescaler), (8 bytes).
    Removing mdr32f9qx_rst_clk.o(.text.RST_CLK_AUCclkCMD), (24 bytes).
    Removing mdr32f9qx_rst_clk.o(.ARM.exidx.text.RST_CLK_AUCclkCMD), (8 bytes).
    Removing mdr32f9qx_rst_clk.o(.ARM.exidx.text.RST_CLK_GetClocksFreq), (8 bytes).
    Removing mdr32f9qx_rst_clk.o(.text.RST_CLK_DSP_Selection), (18 bytes).
    Removing mdr32f9qx_rst_clk.o(.ARM.exidx.text.RST_CLK_DSP_Selection), (8 bytes).
    Removing mdr32f9qx_rst_clk.o(.text.RST_CLK_DSPPLLConfig), (44 bytes).
    Removing mdr32f9qx_rst_clk.o(.ARM.exidx.text.RST_CLK_DSPPLLConfig), (8 bytes).
    Removing mdr32f9qx_rst_clk.o(.text.RST_CLK_DSPPLL_CMD), (10 bytes).
    Removing mdr32f9qx_rst_clk.o(.ARM.exidx.text.RST_CLK_DSPPLL_CMD), (8 bytes).
    Removing mdr32f9qx_rst_clk.o(.text.RST_CLK_DSP_PLLStatus), (48 bytes).
    Removing mdr32f9qx_rst_clk.o(.ARM.exidx.text.RST_CLK_DSP_PLLStatus), (8 bytes).
    Removing mdr32f9qx_rst_clk.o(.text.RST_CLK_DSP_PLLUse), (12 bytes).
    Removing mdr32f9qx_rst_clk.o(.ARM.exidx.text.RST_CLK_DSP_PLLUse), (8 bytes).
    Removing mdr32f9qx_rst_clk.o(.text.RST_CLK_DSPPrescaler), (12 bytes).
    Removing mdr32f9qx_rst_clk.o(.ARM.exidx.text.RST_CLK_DSPPrescaler), (8 bytes).
    Removing mdr32f9qx_rst_clk.o(.text.RST_CLK_DSPCmd), (12 bytes).
    Removing mdr32f9qx_rst_clk.o(.ARM.exidx.text.RST_CLK_DSPCmd), (8 bytes).
    Removing mdr32f9qx_timer.o(.text), (0 bytes).
    Removing mdr32f9qx_timer.o(.ARM.exidx.text.TIMER_DeInit), (8 bytes).
    Removing mdr32f9qx_timer.o(.ARM.exidx.text.TIMER_CntInit), (8 bytes).
    Removing mdr32f9qx_timer.o(.text.TIMER_CntStructInit), (16 bytes).
    Removing mdr32f9qx_timer.o(.ARM.exidx.text.TIMER_CntStructInit), (8 bytes).
    Removing mdr32f9qx_timer.o(.ARM.exidx.text.TIMER_Cmd), (8 bytes).
    Removing mdr32f9qx_timer.o(.text.TIMER_SetCounter), (4 bytes).
    Removing mdr32f9qx_timer.o(.ARM.exidx.text.TIMER_SetCounter), (8 bytes).
    Removing mdr32f9qx_timer.o(.text.TIMER_GetCounter), (6 bytes).
    Removing mdr32f9qx_timer.o(.ARM.exidx.text.TIMER_GetCounter), (8 bytes).
    Removing mdr32f9qx_timer.o(.text.TIMER_SetCntPrescaler), (4 bytes).
    Removing mdr32f9qx_timer.o(.ARM.exidx.text.TIMER_SetCntPrescaler), (8 bytes).
    Removing mdr32f9qx_timer.o(.text.TIMER_GetCntPrescaler), (6 bytes).
    Removing mdr32f9qx_timer.o(.ARM.exidx.text.TIMER_GetCntPrescaler), (8 bytes).
    Removing mdr32f9qx_timer.o(.text.TIMER_SetCntAutoreload), (4 bytes).
    Removing mdr32f9qx_timer.o(.ARM.exidx.text.TIMER_SetCntAutoreload), (8 bytes).
    Removing mdr32f9qx_timer.o(.text.TIMER_CntAutoreloadConfig), (14 bytes).
    Removing mdr32f9qx_timer.o(.ARM.exidx.text.TIMER_CntAutoreloadConfig), (8 bytes).
    Removing mdr32f9qx_timer.o(.text.TIMER_GetCntAutoreload), (6 bytes).
    Removing mdr32f9qx_timer.o(.ARM.exidx.text.TIMER_GetCntAutoreload), (8 bytes).
    Removing mdr32f9qx_timer.o(.text.TIMER_CntEventSourceConfig), (12 bytes).
    Removing mdr32f9qx_timer.o(.ARM.exidx.text.TIMER_CntEventSourceConfig), (8 bytes).
    Removing mdr32f9qx_timer.o(.text.TIMER_FilterSamplingConfig), (12 bytes).
    Removing mdr32f9qx_timer.o(.ARM.exidx.text.TIMER_FilterSamplingConfig), (8 bytes).
    Removing mdr32f9qx_timer.o(.text.TIMER_CounterModeConfig), (12 bytes).
    Removing mdr32f9qx_timer.o(.ARM.exidx.text.TIMER_CounterModeConfig), (8 bytes).
    Removing mdr32f9qx_timer.o(.text.TIMER_SetCounterDirection), (12 bytes).
    Removing mdr32f9qx_timer.o(.ARM.exidx.text.TIMER_SetCounterDirection), (8 bytes).
    Removing mdr32f9qx_timer.o(.text.TIMER_ETRInputConfig), (20 bytes).
    Removing mdr32f9qx_timer.o(.ARM.exidx.text.TIMER_ETRInputConfig), (8 bytes).
    Removing mdr32f9qx_timer.o(.text.TIMER_ETRFilterConfig), (14 bytes).
    Removing mdr32f9qx_timer.o(.ARM.exidx.text.TIMER_ETRFilterConfig), (8 bytes).
    Removing mdr32f9qx_timer.o(.text.TIMER_ETRPrescalerConfig), (12 bytes).
    Removing mdr32f9qx_timer.o(.ARM.exidx.text.TIMER_ETRPrescalerConfig), (8 bytes).
    Removing mdr32f9qx_timer.o(.text.TIMER_ETRPolarityConfig), (12 bytes).
    Removing mdr32f9qx_timer.o(.ARM.exidx.text.TIMER_ETRPolarityConfig), (8 bytes).
    Removing mdr32f9qx_timer.o(.text.TIMER_BRKPolarityConfig), (12 bytes).
    Removing mdr32f9qx_timer.o(.ARM.exidx.text.TIMER_BRKPolarityConfig), (8 bytes).
    Removing mdr32f9qx_timer.o(.text.TIMER_GetCounterDirection), (8 bytes).
    Removing mdr32f9qx_timer.o(.ARM.exidx.text.TIMER_GetCounterDirection), (8 bytes).
    Removing mdr32f9qx_timer.o(.text.TIMER_GetCntWriteComplete), (8 bytes).
    Removing mdr32f9qx_timer.o(.ARM.exidx.text.TIMER_GetCntWriteComplete), (8 bytes).
    Removing mdr32f9qx_timer.o(.text.TIMER_ChnInit), (70 bytes).
    Removing mdr32f9qx_timer.o(.ARM.exidx.text.TIMER_ChnInit), (8 bytes).
    Removing mdr32f9qx_timer.o(.text.TIMER_ChnStructInit), (16 bytes).
    Removing mdr32f9qx_timer.o(.ARM.exidx.text.TIMER_ChnStructInit), (8 bytes).
    Removing mdr32f9qx_timer.o(.text.TIMER_SetChnCompare), (8 bytes).
    Removing mdr32f9qx_timer.o(.ARM.exidx.text.TIMER_SetChnCompare), (8 bytes).
    Removing mdr32f9qx_timer.o(.text.TIMER_ChnCompareConfig), (18 bytes).
    Removing mdr32f9qx_timer.o(.ARM.exidx.text.TIMER_ChnCompareConfig), (8 bytes).
    Removing mdr32f9qx_timer.o(.text.TIMER_GetChnCapture), (10 bytes).
    Removing mdr32f9qx_timer.o(.ARM.exidx.text.TIMER_GetChnCapture), (8 bytes).
    Removing mdr32f9qx_timer.o(.text.TIMER_SetChnCompare1), (8 bytes).
    Removing mdr32f9qx_timer.o(.ARM.exidx.text.TIMER_SetChnCompare1), (8 bytes).
    Removing mdr32f9qx_timer.o(.text.TIMER_ChnCompare1Config), (18 bytes).
    Removing mdr32f9qx_timer.o(.ARM.exidx.text.TIMER_ChnCompare1Config), (8 bytes).
    Removing mdr32f9qx_timer.o(.text.TIMER_GetChnCapture1), (10 bytes).
    Removing mdr32f9qx_timer.o(.ARM.exidx.text.TIMER_GetChnCapture1), (8 bytes).
    Removing mdr32f9qx_timer.o(.text.TIMER_ChnETR_Cmd), (22 bytes).
    Removing mdr32f9qx_timer.o(.ARM.exidx.text.TIMER_ChnETR_Cmd), (8 bytes).
    Removing mdr32f9qx_timer.o(.text.TIMER_ChnETRResetConfig), (16 bytes).
    Removing mdr32f9qx_timer.o(.ARM.exidx.text.TIMER_ChnETRResetConfig), (8 bytes).
    Removing mdr32f9qx_timer.o(.text.TIMER_ChnBRKResetConfig), (16 bytes).
    Removing mdr32f9qx_timer.o(.ARM.exidx.text.TIMER_ChnBRKResetConfig), (8 bytes).
    Removing mdr32f9qx_timer.o(.text.TIMER_ChnREFFormatConfig), (16 bytes).
    Removing mdr32f9qx_timer.o(.ARM.exidx.text.TIMER_ChnREFFormatConfig), (8 bytes).
    Removing mdr32f9qx_timer.o(.text.TIMER_ChnCapturePrescalerConfig), (18 bytes).
    Removing mdr32f9qx_timer.o(.ARM.exidx.text.TIMER_ChnCapturePrescalerConfig), (8 bytes).
    Removing mdr32f9qx_timer.o(.text.TIMER_ChnEventSourceConfig), (16 bytes).
    Removing mdr32f9qx_timer.o(.ARM.exidx.text.TIMER_ChnEventSourceConfig), (8 bytes).
    Removing mdr32f9qx_timer.o(.text.TIMER_ChnFilterConfig), (16 bytes).
    Removing mdr32f9qx_timer.o(.ARM.exidx.text.TIMER_ChnFilterConfig), (8 bytes).
    Removing mdr32f9qx_timer.o(.text.TIMER_GetChnWriteComplete), (12 bytes).
    Removing mdr32f9qx_timer.o(.ARM.exidx.text.TIMER_GetChnWriteComplete), (8 bytes).
    Removing mdr32f9qx_timer.o(.text.TIMER_ChnCCR1_EventSourceConfig), (16 bytes).
    Removing mdr32f9qx_timer.o(.ARM.exidx.text.TIMER_ChnCCR1_EventSourceConfig), (8 bytes).
    Removing mdr32f9qx_timer.o(.text.TIMER_ChnCCR1_Cmd), (20 bytes).
    Removing mdr32f9qx_timer.o(.ARM.exidx.text.TIMER_ChnCCR1_Cmd), (8 bytes).
    Removing mdr32f9qx_timer.o(.text.TIMER_ChnOutInit), (60 bytes).
    Removing mdr32f9qx_timer.o(.ARM.exidx.text.TIMER_ChnOutInit), (8 bytes).
    Removing mdr32f9qx_timer.o(.text.TIMER_ChnOutStructInit), (22 bytes).
    Removing mdr32f9qx_timer.o(.ARM.exidx.text.TIMER_ChnOutStructInit), (8 bytes).
    Removing mdr32f9qx_timer.o(.text.TIMER_ChnOutConfig), (28 bytes).
    Removing mdr32f9qx_timer.o(.ARM.exidx.text.TIMER_ChnOutConfig), (8 bytes).
    Removing mdr32f9qx_timer.o(.text.TIMER_ChnOutSourceConfig), (18 bytes).
    Removing mdr32f9qx_timer.o(.ARM.exidx.text.TIMER_ChnOutSourceConfig), (8 bytes).
    Removing mdr32f9qx_timer.o(.text.TIMER_ChnOutModeConfig), (16 bytes).
    Removing mdr32f9qx_timer.o(.ARM.exidx.text.TIMER_ChnOutModeConfig), (8 bytes).
    Removing mdr32f9qx_timer.o(.text.TIMER_ChnOutPolarityConfig), (18 bytes).
    Removing mdr32f9qx_timer.o(.ARM.exidx.text.TIMER_ChnOutPolarityConfig), (8 bytes).
    Removing mdr32f9qx_timer.o(.text.TIMER_ChnNOutConfig), (30 bytes).
    Removing mdr32f9qx_timer.o(.ARM.exidx.text.TIMER_ChnNOutConfig), (8 bytes).
    Removing mdr32f9qx_timer.o(.text.TIMER_ChnNOutSourceConfig), (18 bytes).
    Removing mdr32f9qx_timer.o(.ARM.exidx.text.TIMER_ChnNOutSourceConfig), (8 bytes).
    Removing mdr32f9qx_timer.o(.text.TIMER_ChnNOutModeConfig), (18 bytes).
    Removing mdr32f9qx_timer.o(.ARM.exidx.text.TIMER_ChnNOutModeConfig), (8 bytes).
    Removing mdr32f9qx_timer.o(.text.TIMER_ChnNOutPolarityConfig), (18 bytes).
    Removing mdr32f9qx_timer.o(.ARM.exidx.text.TIMER_ChnNOutPolarityConfig), (8 bytes).
    Removing mdr32f9qx_timer.o(.text.TIMER_ChnOutDTGConfig), (18 bytes).
    Removing mdr32f9qx_timer.o(.ARM.exidx.text.TIMER_ChnOutDTGConfig), (8 bytes).
    Removing mdr32f9qx_timer.o(.text.TIMER_GetStatus), (4 bytes).
    Removing mdr32f9qx_timer.o(.ARM.exidx.text.TIMER_GetStatus), (8 bytes).
    Removing mdr32f9qx_timer.o(.text.TIMER_GetFlagStatus), (10 bytes).
    Removing mdr32f9qx_timer.o(.ARM.exidx.text.TIMER_GetFlagStatus), (8 bytes).
    Removing mdr32f9qx_timer.o(.ARM.exidx.text.TIMER_ClearFlag), (8 bytes).
    Removing mdr32f9qx_timer.o(.text.TIMER_DMACmd), (20 bytes).
    Removing mdr32f9qx_timer.o(.ARM.exidx.text.TIMER_DMACmd), (8 bytes).
    Removing mdr32f9qx_timer.o(.ARM.exidx.text.TIMER_ITConfig), (8 bytes).
    Removing mdr32f9qx_timer.o(.ARM.exidx.text.TIMER_GetITStatus), (8 bytes).
    Removing mdr32f9qx_timer.o(.ARM.exidx.text.TIMER_BRGInit), (8 bytes).
    Removing mdr32f9qx_uart.o(.text), (0 bytes).
    Removing mdr32f9qx_uart.o(.ARM.exidx.text.UART_DeInit), (8 bytes).
    Removing mdr32f9qx_uart.o(.ARM.exidx.text.UART_Init), (8 bytes).
    Removing mdr32f9qx_uart.o(.text.UART_StructInit), (20 bytes).
    Removing mdr32f9qx_uart.o(.ARM.exidx.text.UART_StructInit), (8 bytes).
    Removing mdr32f9qx_uart.o(.ARM.exidx.text.UART_Cmd), (8 bytes).
    Removing mdr32f9qx_uart.o(.text.UART_ITConfig), (16 bytes).
    Removing mdr32f9qx_uart.o(.ARM.exidx.text.UART_ITConfig), (8 bytes).
    Removing mdr32f9qx_uart.o(.text.UART_GetITStatus), (14 bytes).
    Removing mdr32f9qx_uart.o(.ARM.exidx.text.UART_GetITStatus), (8 bytes).
    Removing mdr32f9qx_uart.o(.text.UART_GetITStatusMasked), (10 bytes).
    Removing mdr32f9qx_uart.o(.ARM.exidx.text.UART_GetITStatusMasked), (8 bytes).
    Removing mdr32f9qx_uart.o(.text.UART_ClearITPendingBit), (8 bytes).
    Removing mdr32f9qx_uart.o(.ARM.exidx.text.UART_ClearITPendingBit), (8 bytes).
    Removing mdr32f9qx_uart.o(.text.UART_DMAConfig), (8 bytes).
    Removing mdr32f9qx_uart.o(.ARM.exidx.text.UART_DMAConfig), (8 bytes).
    Removing mdr32f9qx_uart.o(.text.UART_DMACmd), (18 bytes).
    Removing mdr32f9qx_uart.o(.ARM.exidx.text.UART_DMACmd), (8 bytes).
    Removing mdr32f9qx_uart.o(.text.UART_SendData), (4 bytes).
    Removing mdr32f9qx_uart.o(.ARM.exidx.text.UART_SendData), (8 bytes).
    Removing mdr32f9qx_uart.o(.text.UART_ReceiveData), (6 bytes).
    Removing mdr32f9qx_uart.o(.ARM.exidx.text.UART_ReceiveData), (8 bytes).
    Removing mdr32f9qx_uart.o(.text.UART_BreakLine), (22 bytes).
    Removing mdr32f9qx_uart.o(.ARM.exidx.text.UART_BreakLine), (8 bytes).
    Removing mdr32f9qx_uart.o(.text.UART_IrDAConfig), (46 bytes).
    Removing mdr32f9qx_uart.o(.ARM.exidx.text.UART_IrDAConfig), (8 bytes).
    Removing mdr32f9qx_uart.o(.text.UART_IrDACmd), (22 bytes).
    Removing mdr32f9qx_uart.o(.ARM.exidx.text.UART_IrDACmd), (8 bytes).
    Removing mdr32f9qx_uart.o(.text.UART_GetFlagStatus), (10 bytes).
    Removing mdr32f9qx_uart.o(.ARM.exidx.text.UART_GetFlagStatus), (8 bytes).
    Removing mdr32f9qx_uart.o(.ARM.exidx.text.UART_BRGInit), (8 bytes).

294 unused section(s) (total 4268 bytes) removed from the image.

==============================================================================

Image Symbol Table

    Local Symbols

    Symbol Name                              Value     Ov Type        Size  Object(Section)

    ../clib/angel/boardlib.s                 0x00000000   Number         0  boardinit1.o ABSOLUTE
    ../clib/angel/boardlib.s                 0x00000000   Number         0  boardinit2.o ABSOLUTE
    ../clib/angel/boardlib.s                 0x00000000   Number         0  boardinit3.o ABSOLUTE
    ../clib/angel/boardlib.s                 0x00000000   Number         0  boardshut.o ABSOLUTE
    ../clib/angel/handlers.s                 0x00000000   Number         0  __scatter_copy.o ABSOLUTE
    ../clib/angel/handlers.s                 0x00000000   Number         0  __scatter_zi.o ABSOLUTE
    ../clib/angel/kernel.s                   0x00000000   Number         0  __rtentry.o ABSOLUTE
    ../clib/angel/kernel.s                   0x00000000   Number         0  __rtentry2.o ABSOLUTE
    ../clib/angel/kernel.s                   0x00000000   Number         0  __rtentry4.o ABSOLUTE
    ../clib/angel/kernel.s                   0x00000000   Number         0  rtexit.o ABSOLUTE
    ../clib/angel/kernel.s                   0x00000000   Number         0  rtexit2.o ABSOLUTE
    ../clib/angel/rt.s                       0x00000000   Number         0  rt_raise.o ABSOLUTE
    ../clib/angel/scatter.s                  0x00000000   Number         0  __scatter.o ABSOLUTE
    ../clib/angel/startup.s                  0x00000000   Number         0  __main.o ABSOLUTE
    ../clib/angel/sys.s                      0x00000000   Number         0  sys_stackheap_outer.o ABSOLUTE
    ../clib/angel/sys.s                      0x00000000   Number         0  libspace.o ABSOLUTE
    ../clib/angel/sys.s                      0x00000000   Number         0  use_no_semi.o ABSOLUTE
    ../clib/angel/sys.s                      0x00000000   Number         0  indicate_semi.o ABSOLUTE
    ../clib/angel/sysapp.c                   0x00000000   Number         0  sys_exit.o ABSOLUTE
    ../clib/angel/sysapp.c                   0x00000000   Number         0  sys_exit_hlt.o ABSOLUTE
    ../clib/angel/sysapp.c                   0x00000000   Number         0  sys_command.o ABSOLUTE
    ../clib/angel/sysapp.c                   0x00000000   Number         0  sys_command_hlt.o ABSOLUTE
    ../clib/angel/sysapp.c                   0x00000000   Number         0  sys_wrch.o ABSOLUTE
    ../clib/angel/sysapp.c                   0x00000000   Number         0  sys_wrch_hlt.o ABSOLUTE
    ../clib/armsys.c                         0x00000000   Number         0  argv_veneer.o ABSOLUTE
    ../clib/armsys.c                         0x00000000   Number         0  argv_veneer.o ABSOLUTE
    ../clib/armsys.c                         0x00000000   Number         0  _get_argv_nomalloc.o ABSOLUTE
    ../clib/armsys.c                         0x00000000   Number         0  no_argv.o ABSOLUTE
    ../clib/heapalloc.c                      0x00000000   Number         0  hrguard.o ABSOLUTE
    ../clib/heapaux.c                        0x00000000   Number         0  heapauxi.o ABSOLUTE
    ../clib/libinit.s                        0x00000000   Number         0  libinit.o ABSOLUTE
    ../clib/libinit.s                        0x00000000   Number         0  libinit2.o ABSOLUTE
    ../clib/libinit.s                        0x00000000   Number         0  libshutdown.o ABSOLUTE
    ../clib/libinit.s                        0x00000000   Number         0  libshutdown2.o ABSOLUTE
    ../clib/printf.c                         0x00000000   Number         0  __2sprintf.o ABSOLUTE
    ../clib/printf.c                         0x00000000   Number         0  noretval__2sprintf.o ABSOLUTE
    ../clib/printf.c                         0x00000000   Number         0  __printf.o ABSOLUTE
    ../clib/printf.c                         0x00000000   Number         0  _printf_dec.o ABSOLUTE
    ../clib/printf.c                         0x00000000   Number         0  __printf_flags.o ABSOLUTE
    ../clib/printf.c                         0x00000000   Number         0  __printf_ss.o ABSOLUTE
    ../clib/printf.c                         0x00000000   Number         0  __printf_flags_ss.o ABSOLUTE
    ../clib/printf.c                         0x00000000   Number         0  __printf_wp.o ABSOLUTE
    ../clib/printf.c                         0x00000000   Number         0  __printf_flags_wp.o ABSOLUTE
    ../clib/printf.c                         0x00000000   Number         0  __printf_ss_wp.o ABSOLUTE
    ../clib/printf.c                         0x00000000   Number         0  __printf_flags_ss_wp.o ABSOLUTE
    ../clib/printf.c                         0x00000000   Number         0  _printf_intcommon.o ABSOLUTE
    ../clib/printf.c                         0x00000000   Number         0  _printf_char_common.o ABSOLUTE
    ../clib/printf.c                         0x00000000   Number         0  _sputc.o ABSOLUTE
    ../clib/printf.c                         0x00000000   Number         0  __printf_nopercent.o ABSOLUTE
    ../clib/printf_percent.s                 0x00000000   Number         0  _printf_d.o ABSOLUTE
    ../clib/printf_percent.s                 0x00000000   Number         0  _printf_percent.o ABSOLUTE
    ../clib/printf_percent.s                 0x00000000   Number         0  _printf_percent_end.o ABSOLUTE
    ../clib/signal.c                         0x00000000   Number         0  defsig_rtmem_outer.o ABSOLUTE
    ../clib/signal.c                         0x00000000   Number         0  defsig_rtmem_formal.o ABSOLUTE
    ../clib/signal.c                         0x00000000   Number         0  defsig_exit.o ABSOLUTE
    ../clib/signal.c                         0x00000000   Number         0  defsig_rtmem_inner.o ABSOLUTE
    ../clib/signal.c                         0x00000000   Number         0  __raise.o ABSOLUTE
    ../clib/signal.c                         0x00000000   Number         0  defsig_general.o ABSOLUTE
    ../clib/signal.c                         0x00000000   Number         0  defsig_abrt_inner.o ABSOLUTE
    ../clib/signal.c                         0x00000000   Number         0  defsig_fpe_inner.o ABSOLUTE
    ../clib/signal.c                         0x00000000   Number         0  defsig_rtred_inner.o ABSOLUTE
    ../clib/signal.c                         0x00000000   Number         0  defsig_stak_inner.o ABSOLUTE
    ../clib/signal.c                         0x00000000   Number         0  defsig_pvfn_inner.o ABSOLUTE
    ../clib/signal.c                         0x00000000   Number         0  defsig_cppl_inner.o ABSOLUTE
    ../clib/signal.c                         0x00000000   Number         0  defsig_segv_inner.o ABSOLUTE
    ../clib/signal.c                         0x00000000   Number         0  defsig_other.o ABSOLUTE
    ../clib/signal.s                         0x00000000   Number         0  defsig.o ABSOLUTE
    ../clib/stdlib.c                         0x00000000   Number         0  exit.o ABSOLUTE
    ../clib/string.c                         0x00000000   Number         0  strlen.o ABSOLUTE
    ../fplib/fpinit.s                        0x00000000   Number         0  fpinit.o ABSOLUTE
    ../fplib/fpinit_empty.s                  0x00000000   Number         0  fpinit_empty.o ABSOLUTE
    MDR32F9Qx_port.c                         0x00000000   Number         0  mdr32f9qx_port.o ABSOLUTE
    MDR32F9Qx_rst_clk.c                      0x00000000   Number         0  mdr32f9qx_rst_clk.o ABSOLUTE
    MDR32F9Qx_timer.c                        0x00000000   Number         0  mdr32f9qx_timer.o ABSOLUTE
    MDR32F9Qx_uart.c                         0x00000000   Number         0  mdr32f9qx_uart.o ABSOLUTE
    RTE\Device\MDR1901VC1\startup_MDR1901VC1T.S 0x00000000   Number         0  startup_mdr1901vc1t.o ABSOLUTE
    dc.s                                     0x00000000   Number         0  dc.o ABSOLUTE
    main.c                                   0x00000000   Number         0  main.o ABSOLUTE
    system_MDR1901VC1T.c                     0x00000000   Number         0  system_mdr1901vc1t.o ABSOLUTE
    uLCD_func.c                              0x00000000   Number         0  ulcd_func.o ABSOLUTE
    uRST_CLK_init.c                          0x00000000   Number         0  urst_clk_init.o ABSOLUTE
    uTimer_init.c                            0x00000000   Number         0  utimer_init.o ABSOLUTE
    uUART_func.c                             0x00000000   Number         0  uuart_func.o ABSOLUTE
    u_LED_func.c                             0x00000000   Number         0  u_led_func.o ABSOLUTE
    RESET                                    0x08000000   Section      192  startup_mdr1901vc1t.o(RESET)
    !!!main                                  0x080000c0   Section        8  __main.o(!!!main)
    !!!scatter                               0x080000c8   Section       52  __scatter.o(!!!scatter)
    !!handler_copy                           0x080000fc   Section       26  __scatter_copy.o(!!handler_copy)
    !!handler_zi                             0x08000118   Section       28  __scatter_zi.o(!!handler_zi)
    .ARM.Collect$$_printf_percent$$00000000  0x08000134   Section        0  _printf_percent.o(.ARM.Collect$$_printf_percent$$00000000)
    .ARM.Collect$$_printf_percent$$00000009  0x08000134   Section        6  _printf_d.o(.ARM.Collect$$_printf_percent$$00000009)
    .ARM.Collect$$_printf_percent$$00000017  0x0800013a   Section        4  _printf_percent_end.o(.ARM.Collect$$_printf_percent$$00000017)
    .ARM.Collect$$libinit$$00000000          0x0800013e   Section        2  libinit.o(.ARM.Collect$$libinit$$00000000)
    .ARM.Collect$$libinit$$00000002          0x08000140   Section        0  libinit2.o(.ARM.Collect$$libinit$$00000002)
    .ARM.Collect$$libinit$$00000004          0x08000140   Section        0  libinit2.o(.ARM.Collect$$libinit$$00000004)
    .ARM.Collect$$libinit$$0000000A          0x08000140   Section        0  libinit2.o(.ARM.Collect$$libinit$$0000000A)
    .ARM.Collect$$libinit$$0000000C          0x08000140   Section        0  libinit2.o(.ARM.Collect$$libinit$$0000000C)
    .ARM.Collect$$libinit$$0000000E          0x08000140   Section        0  libinit2.o(.ARM.Collect$$libinit$$0000000E)
    .ARM.Collect$$libinit$$00000011          0x08000140   Section        0  libinit2.o(.ARM.Collect$$libinit$$00000011)
    .ARM.Collect$$libinit$$00000013          0x08000140   Section        0  libinit2.o(.ARM.Collect$$libinit$$00000013)
    .ARM.Collect$$libinit$$00000015          0x08000140   Section        0  libinit2.o(.ARM.Collect$$libinit$$00000015)
    .ARM.Collect$$libinit$$00000017          0x08000140   Section        0  libinit2.o(.ARM.Collect$$libinit$$00000017)
    .ARM.Collect$$libinit$$00000019          0x08000140   Section        0  libinit2.o(.ARM.Collect$$libinit$$00000019)
    .ARM.Collect$$libinit$$0000001B          0x08000140   Section        0  libinit2.o(.ARM.Collect$$libinit$$0000001B)
    .ARM.Collect$$libinit$$0000001D          0x08000140   Section        0  libinit2.o(.ARM.Collect$$libinit$$0000001D)
    .ARM.Collect$$libinit$$0000001F          0x08000140   Section        0  libinit2.o(.ARM.Collect$$libinit$$0000001F)
    .ARM.Collect$$libinit$$00000021          0x08000140   Section        0  libinit2.o(.ARM.Collect$$libinit$$00000021)
    .ARM.Collect$$libinit$$00000023          0x08000140   Section        0  libinit2.o(.ARM.Collect$$libinit$$00000023)
    .ARM.Collect$$libinit$$00000025          0x08000140   Section        0  libinit2.o(.ARM.Collect$$libinit$$00000025)
    .ARM.Collect$$libinit$$0000002C          0x08000140   Section        0  libinit2.o(.ARM.Collect$$libinit$$0000002C)
    .ARM.Collect$$libinit$$0000002E          0x08000140   Section        0  libinit2.o(.ARM.Collect$$libinit$$0000002E)
    .ARM.Collect$$libinit$$00000030          0x08000140   Section        0  libinit2.o(.ARM.Collect$$libinit$$00000030)
    .ARM.Collect$$libinit$$00000032          0x08000140   Section        0  libinit2.o(.ARM.Collect$$libinit$$00000032)
    .ARM.Collect$$libinit$$00000033          0x08000140   Section        2  libinit2.o(.ARM.Collect$$libinit$$00000033)
    .ARM.Collect$$libshutdown$$00000000      0x08000142   Section        2  libshutdown.o(.ARM.Collect$$libshutdown$$00000000)
    .ARM.Collect$$libshutdown$$00000002      0x08000144   Section        0  libshutdown2.o(.ARM.Collect$$libshutdown$$00000002)
    .ARM.Collect$$libshutdown$$00000004      0x08000144   Section        0  libshutdown2.o(.ARM.Collect$$libshutdown$$00000004)
    .ARM.Collect$$libshutdown$$00000007      0x08000144   Section        0  libshutdown2.o(.ARM.Collect$$libshutdown$$00000007)
    .ARM.Collect$$libshutdown$$0000000A      0x08000144   Section        0  libshutdown2.o(.ARM.Collect$$libshutdown$$0000000A)
    .ARM.Collect$$libshutdown$$0000000C      0x08000144   Section        0  libshutdown2.o(.ARM.Collect$$libshutdown$$0000000C)
    .ARM.Collect$$libshutdown$$0000000F      0x08000144   Section        0  libshutdown2.o(.ARM.Collect$$libshutdown$$0000000F)
    .ARM.Collect$$libshutdown$$00000010      0x08000144   Section        2  libshutdown2.o(.ARM.Collect$$libshutdown$$00000010)
    .ARM.Collect$$rtentry$$00000000          0x08000146   Section        0  __rtentry.o(.ARM.Collect$$rtentry$$00000000)
    .ARM.Collect$$rtentry$$00000002          0x08000146   Section        0  __rtentry2.o(.ARM.Collect$$rtentry$$00000002)
    .ARM.Collect$$rtentry$$00000004          0x08000146   Section        6  __rtentry4.o(.ARM.Collect$$rtentry$$00000004)
    .ARM.Collect$$rtentry$$00000009          0x0800014c   Section        0  __rtentry2.o(.ARM.Collect$$rtentry$$00000009)
    .ARM.Collect$$rtentry$$0000000A          0x0800014c   Section        4  __rtentry2.o(.ARM.Collect$$rtentry$$0000000A)
    .ARM.Collect$$rtentry$$0000000C          0x08000150   Section        0  __rtentry2.o(.ARM.Collect$$rtentry$$0000000C)
    .ARM.Collect$$rtentry$$0000000D          0x08000150   Section        8  __rtentry2.o(.ARM.Collect$$rtentry$$0000000D)
    .ARM.Collect$$rtexit$$00000000           0x08000158   Section        2  rtexit.o(.ARM.Collect$$rtexit$$00000000)
    .ARM.Collect$$rtexit$$00000002           0x0800015a   Section        0  rtexit2.o(.ARM.Collect$$rtexit$$00000002)
    .ARM.Collect$$rtexit$$00000003           0x0800015a   Section        4  rtexit2.o(.ARM.Collect$$rtexit$$00000003)
    .ARM.Collect$$rtexit$$00000004           0x0800015e   Section        6  rtexit2.o(.ARM.Collect$$rtexit$$00000004)
    .text                                    0x08000164   Section      124  startup_mdr1901vc1t.o(.text)
    .text                                    0x080001e0   Section        0  noretval__2sprintf.o(.text)
    .text                                    0x08000208   Section        0  __printf.o(.text)
    .text                                    0x08000270   Section        0  _printf_dec.o(.text)
    .text                                    0x080002e8   Section        0  heapauxi.o(.text)
    .text                                    0x080002ee   Section        0  _printf_intcommon.o(.text)
    _printf_input_char                       0x080003a1   Thumb Code    10  _printf_char_common.o(.text)
    .text                                    0x080003a0   Section        0  _printf_char_common.o(.text)
    .text                                    0x080003d0   Section        0  _sputc.o(.text)
    .text                                    0x080003da   Section       74  sys_stackheap_outer.o(.text)
    .text                                    0x08000424   Section        0  exit.o(.text)
    .text                                    0x08000438   Section        8  libspace.o(.text)
    .text                                    0x08000440   Section        0  sys_exit.o(.text)
    .text                                    0x0800044c   Section        2  use_no_semi.o(.text)
    .text                                    0x0800044e   Section        0  indicate_semi.o(.text)
    [Anonymous Symbol]                       0x08000450   Section        0  mdr32f9qx_port.o(.text.PORT_Init)
    [Anonymous Symbol]                       0x08000574   Section        0  mdr32f9qx_port.o(.text.PORT_ReadInputData)
    [Anonymous Symbol]                       0x08000578   Section        0  mdr32f9qx_port.o(.text.PORT_ResetBits)
    [Anonymous Symbol]                       0x08000590   Section        0  mdr32f9qx_port.o(.text.PORT_SetBits)
    [Anonymous Symbol]                       0x080005a4   Section        0  mdr32f9qx_port.o(.text.PORT_StructInit)
    [Anonymous Symbol]                       0x080005b8   Section        0  mdr32f9qx_port.o(.text.PORT_Write)
    [Anonymous Symbol]                       0x080005cc   Section        0  mdr32f9qx_rst_clk.o(.text.RST_CLK_GetClocksFreq)
    [Anonymous Symbol]                       0x080006e0   Section        0  system_mdr1901vc1t.o(.text.SystemCoreClockUpdate)
    [Anonymous Symbol]                       0x08000750   Section        0  system_mdr1901vc1t.o(.text.SystemInit)
    [Anonymous Symbol]                       0x0800077c   Section        0  main.o(.text.TIMER1_IRQHandler)
    [Anonymous Symbol]                       0x080007b4   Section        0  mdr32f9qx_timer.o(.text.TIMER_BRGInit)
    [Anonymous Symbol]                       0x08000820   Section        0  mdr32f9qx_timer.o(.text.TIMER_ClearFlag)
    [Anonymous Symbol]                       0x08000828   Section        0  mdr32f9qx_timer.o(.text.TIMER_Cmd)
    [Anonymous Symbol]                       0x08000838   Section        0  mdr32f9qx_timer.o(.text.TIMER_CntInit)
    [Anonymous Symbol]                       0x08000870   Section        0  mdr32f9qx_timer.o(.text.TIMER_DeInit)
    [Anonymous Symbol]                       0x080008b4   Section        0  mdr32f9qx_timer.o(.text.TIMER_GetITStatus)
    [Anonymous Symbol]                       0x080008c4   Section        0  mdr32f9qx_timer.o(.text.TIMER_ITConfig)
    [Anonymous Symbol]                       0x080008d8   Section        0  mdr32f9qx_uart.o(.text.UART_BRGInit)
    [Anonymous Symbol]                       0x08000944   Section        0  mdr32f9qx_uart.o(.text.UART_Cmd)
    [Anonymous Symbol]                       0x0800095c   Section        0  mdr32f9qx_uart.o(.text.UART_DeInit)
    [Anonymous Symbol]                       0x08000980   Section        0  mdr32f9qx_uart.o(.text.UART_Init)
    __NVIC_EnableIRQ                         0x08000a11   Thumb Code    16  utimer_init.o(.text.__NVIC_EnableIRQ)
    [Anonymous Symbol]                       0x08000a10   Section        0  utimer_init.o(.text.__NVIC_EnableIRQ)
    __NVIC_SetPriority                       0x08000a21   Thumb Code    14  utimer_init.o(.text.__NVIC_SetPriority)
    [Anonymous Symbol]                       0x08000a20   Section        0  utimer_init.o(.text.__NVIC_SetPriority)
    [Anonymous Symbol]                       0x08000a30   Section        0  u_led_func.o(.text.m_LED_toggle)
    [Anonymous Symbol]                       0x08000a4c   Section        0  ulcd_func.o(.text.m_MLT_Clear_Chip)
    [Anonymous Symbol]                       0x08000a64   Section        0  ulcd_func.o(.text.m_MLT_Clear_Page)
    [Anonymous Symbol]                       0x08000a98   Section        0  ulcd_func.o(.text.m_MLT_Delay)
    [Anonymous Symbol]                       0x08000aac   Section        0  ulcd_func.o(.text.m_MLT_Disp_On)
    [Anonymous Symbol]                       0x08000b44   Section        0  ulcd_func.o(.text.m_MLT_Init)
    [Anonymous Symbol]                       0x08000b84   Section        0  ulcd_func.o(.text.m_MLT_LCD_Init)
    [Anonymous Symbol]                       0x08000bc8   Section        0  ulcd_func.o(.text.m_MLT_Pin_Cfg)
    [Anonymous Symbol]                       0x08000c38   Section        0  ulcd_func.o(.text.m_MLT_Put_Char)
    [Anonymous Symbol]                       0x08000ca0   Section        0  ulcd_func.o(.text.m_MLT_Put_String)
    [Anonymous Symbol]                       0x08000cd8   Section        0  ulcd_func.o(.text.m_MLT_Read_Status)
    [Anonymous Symbol]                       0x08000d68   Section        0  ulcd_func.o(.text.m_MLT_Set_Address)
    [Anonymous Symbol]                       0x08000e04   Section        0  ulcd_func.o(.text.m_MLT_Set_Data_Bits)
    [Anonymous Symbol]                       0x08000e1c   Section        0  ulcd_func.o(.text.m_MLT_Set_Page)
    [Anonymous Symbol]                       0x08000eb8   Section        0  ulcd_func.o(.text.m_MLT_Write_Data)
    [Anonymous Symbol]                       0x08000f50   Section        0  uuart_func.o(.text.m_UART_Init)
    [Anonymous Symbol]                       0x08000fd8   Section        0  u_led_func.o(.text.m_initLEDs)
    [Anonymous Symbol]                       0x08001010   Section        0  urst_clk_init.o(.text.m_setUpFreq)
    [Anonymous Symbol]                       0x08001054   Section        0  utimer_init.o(.text.m_setUpTimer)
    [Anonymous Symbol]                       0x080010b4   Section        0  main.o(.text.main)
    MLT_Font                                 0x0800117c   Data        1792  ulcd_func.o(.rodata.MLT_Font)
    [Anonymous Symbol]                       0x0800117c   Section        0  ulcd_func.o(.rodata.MLT_Font)
    .bss                                     0x20000008   Section       96  libspace.o(.bss)
    Heap_Mem                                 0x20000070   Data        4096  startup_mdr1901vc1t.o(HEAP)
    HEAP                                     0x20000070   Section     4096  startup_mdr1901vc1t.o(HEAP)
    Stack_Mem                                0x20001070   Data        1024  startup_mdr1901vc1t.o(STACK)
    STACK                                    0x20001070   Section     1024  startup_mdr1901vc1t.o(STACK)
    __initial_sp                             0x20001470   Data           0  startup_mdr1901vc1t.o(STACK)

    Global Symbols

    Symbol Name                              Value     Ov Type        Size  Object(Section)

    BuildAttributes$$THM_ISAv4$P$D$K$B$S$PE$A:L22UL41UL21$X:L11$S22US41US21$IEEE1$IW$~IW$USESV6$~STKCKD$USESV7$~SHL$OTIME$ROPI$EBA8$UX$STANDARDLIB$REQ8$PRES8$EABIv2 0x00000000   Number         0  anon$$obj.o ABSOLUTE
    __fp_init_empty                          0x00000000   Number         0  fpinit_empty.o ABSOLUTE
    __ARM_exceptions_init                     - Undefined Weak Reference
    __alloca_initialize                       - Undefined Weak Reference
    __arm_preinit_                            - Undefined Weak Reference
    __cpp_initialize__aeabi_                  - Undefined Weak Reference
    __cxa_finalize                            - Undefined Weak Reference
    __rt_locale                               - Undefined Weak Reference
    __sigvec_lookup                           - Undefined Weak Reference
    _atexit_init                              - Undefined Weak Reference
    _call_atexit_fns                          - Undefined Weak Reference
    _clock_init                               - Undefined Weak Reference
    _fp_trap_init                             - Undefined Weak Reference
    _fp_trap_shutdown                         - Undefined Weak Reference
    _get_lc_collate                           - Undefined Weak Reference
    _get_lc_ctype                             - Undefined Weak Reference
    _get_lc_monetary                          - Undefined Weak Reference
    _get_lc_numeric                           - Undefined Weak Reference
    _get_lc_time                              - Undefined Weak Reference
    _getenv_init                              - Undefined Weak Reference
    _handle_redirection                       - Undefined Weak Reference
    _init_alloc                               - Undefined Weak Reference
    _init_user_alloc                          - Undefined Weak Reference
    _initio                                   - Undefined Weak Reference
    _printf_post_padding                      - Undefined Weak Reference
    _printf_pre_padding                       - Undefined Weak Reference
    _printf_truncate_signed                   - Undefined Weak Reference
    _printf_truncate_unsigned                 - Undefined Weak Reference
    _rand_init                                - Undefined Weak Reference
    _signal_finish                            - Undefined Weak Reference
    _signal_init                              - Undefined Weak Reference
    _terminate_alloc                          - Undefined Weak Reference
    _terminate_user_alloc                     - Undefined Weak Reference
    _terminateio                              - Undefined Weak Reference
    __Vectors_Size                           0x000000c0   Number         0  startup_mdr1901vc1t.o ABSOLUTE
    __Vectors                                0x08000000   Data           4  startup_mdr1901vc1t.o(RESET)
    __Vectors_End                            0x080000c0   Data           0  startup_mdr1901vc1t.o(RESET)
    __main                                   0x080000c1   Thumb Code     8  __main.o(!!!main)
    __scatterload                            0x080000c9   Thumb Code     0  __scatter.o(!!!scatter)
    __scatterload_rt2                        0x080000c9   Thumb Code    44  __scatter.o(!!!scatter)
    __scatterload_rt2_thumb_only             0x080000c9   Thumb Code     0  __scatter.o(!!!scatter)
    __scatterload_null                       0x080000d7   Thumb Code     0  __scatter.o(!!!scatter)
    __scatterload_copy                       0x080000fd   Thumb Code    26  __scatter_copy.o(!!handler_copy)
    __scatterload_zeroinit                   0x08000119   Thumb Code    28  __scatter_zi.o(!!handler_zi)
    _printf_d                                0x08000135   Thumb Code     0  _printf_d.o(.ARM.Collect$$_printf_percent$$00000009)
    _printf_percent                          0x08000135   Thumb Code     0  _printf_percent.o(.ARM.Collect$$_printf_percent$$00000000)
    _printf_percent_end                      0x0800013b   Thumb Code     0  _printf_percent_end.o(.ARM.Collect$$_printf_percent$$00000017)
    __rt_lib_init                            0x0800013f   Thumb Code     0  libinit.o(.ARM.Collect$$libinit$$00000000)
    __rt_lib_init_alloca_1                   0x08000141   Thumb Code     0  libinit2.o(.ARM.Collect$$libinit$$0000002E)
    __rt_lib_init_argv_1                     0x08000141   Thumb Code     0  libinit2.o(.ARM.Collect$$libinit$$0000002C)
    __rt_lib_init_atexit_1                   0x08000141   Thumb Code     0  libinit2.o(.ARM.Collect$$libinit$$0000001B)
    __rt_lib_init_clock_1                    0x08000141   Thumb Code     0  libinit2.o(.ARM.Collect$$libinit$$00000021)
    __rt_lib_init_cpp_1                      0x08000141   Thumb Code     0  libinit2.o(.ARM.Collect$$libinit$$00000032)
    __rt_lib_init_exceptions_1               0x08000141   Thumb Code     0  libinit2.o(.ARM.Collect$$libinit$$00000030)
    __rt_lib_init_fp_1                       0x08000141   Thumb Code     0  libinit2.o(.ARM.Collect$$libinit$$00000002)
    __rt_lib_init_fp_trap_1                  0x08000141   Thumb Code     0  libinit2.o(.ARM.Collect$$libinit$$0000001F)
    __rt_lib_init_getenv_1                   0x08000141   Thumb Code     0  libinit2.o(.ARM.Collect$$libinit$$00000023)
    __rt_lib_init_heap_1                     0x08000141   Thumb Code     0  libinit2.o(.ARM.Collect$$libinit$$0000000A)
    __rt_lib_init_lc_collate_1               0x08000141   Thumb Code     0  libinit2.o(.ARM.Collect$$libinit$$00000011)
    __rt_lib_init_lc_ctype_1                 0x08000141   Thumb Code     0  libinit2.o(.ARM.Collect$$libinit$$00000013)
    __rt_lib_init_lc_monetary_1              0x08000141   Thumb Code     0  libinit2.o(.ARM.Collect$$libinit$$00000015)
    __rt_lib_init_lc_numeric_1               0x08000141   Thumb Code     0  libinit2.o(.ARM.Collect$$libinit$$00000017)
    __rt_lib_init_lc_time_1                  0x08000141   Thumb Code     0  libinit2.o(.ARM.Collect$$libinit$$00000019)
    __rt_lib_init_preinit_1                  0x08000141   Thumb Code     0  libinit2.o(.ARM.Collect$$libinit$$00000004)
    __rt_lib_init_rand_1                     0x08000141   Thumb Code     0  libinit2.o(.ARM.Collect$$libinit$$0000000E)
    __rt_lib_init_return                     0x08000141   Thumb Code     0  libinit2.o(.ARM.Collect$$libinit$$00000033)
    __rt_lib_init_signal_1                   0x08000141   Thumb Code     0  libinit2.o(.ARM.Collect$$libinit$$0000001D)
    __rt_lib_init_stdio_1                    0x08000141   Thumb Code     0  libinit2.o(.ARM.Collect$$libinit$$00000025)
    __rt_lib_init_user_alloc_1               0x08000141   Thumb Code     0  libinit2.o(.ARM.Collect$$libinit$$0000000C)
    __rt_lib_shutdown                        0x08000143   Thumb Code     0  libshutdown.o(.ARM.Collect$$libshutdown$$00000000)
    __rt_lib_shutdown_cpp_1                  0x08000145   Thumb Code     0  libshutdown2.o(.ARM.Collect$$libshutdown$$00000002)
    __rt_lib_shutdown_fp_trap_1              0x08000145   Thumb Code     0  libshutdown2.o(.ARM.Collect$$libshutdown$$00000007)
    __rt_lib_shutdown_heap_1                 0x08000145   Thumb Code     0  libshutdown2.o(.ARM.Collect$$libshutdown$$0000000F)
    __rt_lib_shutdown_return                 0x08000145   Thumb Code     0  libshutdown2.o(.ARM.Collect$$libshutdown$$00000010)
    __rt_lib_shutdown_signal_1               0x08000145   Thumb Code     0  libshutdown2.o(.ARM.Collect$$libshutdown$$0000000A)
    __rt_lib_shutdown_stdio_1                0x08000145   Thumb Code     0  libshutdown2.o(.ARM.Collect$$libshutdown$$00000004)
    __rt_lib_shutdown_user_alloc_1           0x08000145   Thumb Code     0  libshutdown2.o(.ARM.Collect$$libshutdown$$0000000C)
    __rt_entry                               0x08000147   Thumb Code     0  __rtentry.o(.ARM.Collect$$rtentry$$00000000)
    __rt_entry_presh_1                       0x08000147   Thumb Code     0  __rtentry2.o(.ARM.Collect$$rtentry$$00000002)
    __rt_entry_sh                            0x08000147   Thumb Code     0  __rtentry4.o(.ARM.Collect$$rtentry$$00000004)
    __rt_entry_li                            0x0800014d   Thumb Code     0  __rtentry2.o(.ARM.Collect$$rtentry$$0000000A)
    __rt_entry_postsh_1                      0x0800014d   Thumb Code     0  __rtentry2.o(.ARM.Collect$$rtentry$$00000009)
    __rt_entry_main                          0x08000151   Thumb Code     0  __rtentry2.o(.ARM.Collect$$rtentry$$0000000D)
    __rt_entry_postli_1                      0x08000151   Thumb Code     0  __rtentry2.o(.ARM.Collect$$rtentry$$0000000C)
    __rt_exit                                0x08000159   Thumb Code     0  rtexit.o(.ARM.Collect$$rtexit$$00000000)
    __rt_exit_ls                             0x0800015b   Thumb Code     0  rtexit2.o(.ARM.Collect$$rtexit$$00000003)
    __rt_exit_prels_1                        0x0800015b   Thumb Code     0  rtexit2.o(.ARM.Collect$$rtexit$$00000002)
    __rt_exit_exit                           0x0800015f   Thumb Code     0  rtexit2.o(.ARM.Collect$$rtexit$$00000004)
    Reset_Handler                            0x08000165   Thumb Code     8  startup_mdr1901vc1t.o(.text)
    NonMaskableInt_Handler                   0x0800016d   Thumb Code     2  startup_mdr1901vc1t.o(.text)
    HardFault_Handler                        0x0800016f   Thumb Code     2  startup_mdr1901vc1t.o(.text)
    MemoryManagement_Handler                 0x08000171   Thumb Code     2  startup_mdr1901vc1t.o(.text)
    BusFault_Handler                         0x08000173   Thumb Code     2  startup_mdr1901vc1t.o(.text)
    UsageFault_Handler                       0x08000175   Thumb Code     2  startup_mdr1901vc1t.o(.text)
    SVCall_Handler                           0x08000177   Thumb Code     2  startup_mdr1901vc1t.o(.text)
    PendSV_Handler                           0x08000179   Thumb Code     2  startup_mdr1901vc1t.o(.text)
    SysTick_Handler                          0x0800017b   Thumb Code     2  startup_mdr1901vc1t.o(.text)
    SSP3_IRQHandler                          0x0800017d   Thumb Code     2  startup_mdr1901vc1t.o(.text)
    SSP4_IRQHandler                          0x0800017f   Thumb Code     2  startup_mdr1901vc1t.o(.text)
    USB_IRQHandler                           0x08000181   Thumb Code     2  startup_mdr1901vc1t.o(.text)
    MCBSP1_IRQHandler                        0x08000183   Thumb Code     2  startup_mdr1901vc1t.o(.text)
    MCBSP2_IRQHandler                        0x08000185   Thumb Code     2  startup_mdr1901vc1t.o(.text)
    DMA_IRQHandler                           0x08000187   Thumb Code     2  startup_mdr1901vc1t.o(.text)
    UART1_IRQHandler                         0x08000189   Thumb Code     2  startup_mdr1901vc1t.o(.text)
    UART2_IRQHandler                         0x0800018b   Thumb Code     2  startup_mdr1901vc1t.o(.text)
    SSP1_IRQHandler                          0x0800018d   Thumb Code     2  startup_mdr1901vc1t.o(.text)
    MCBSP3_IRQHandler                        0x0800018f   Thumb Code     2  startup_mdr1901vc1t.o(.text)
    I2C_IRQHandler                           0x08000191   Thumb Code     2  startup_mdr1901vc1t.o(.text)
    POWER_IRQHandler                         0x08000193   Thumb Code     2  startup_mdr1901vc1t.o(.text)
    WWDG_IRQHandler                          0x08000195   Thumb Code     2  startup_mdr1901vc1t.o(.text)
    DMA_DSP_IRQHandler                       0x08000197   Thumb Code     2  startup_mdr1901vc1t.o(.text)
    TIMER2_IRQHandler                        0x0800019b   Thumb Code     2  startup_mdr1901vc1t.o(.text)
    TIMER3_IRQHandler                        0x0800019d   Thumb Code     2  startup_mdr1901vc1t.o(.text)
    ADC_IRQHandler                           0x0800019f   Thumb Code     2  startup_mdr1901vc1t.o(.text)
    SDIO_IRQHandler                          0x080001a1   Thumb Code     2  startup_mdr1901vc1t.o(.text)
    COMPARATOR_IRQHandler                    0x080001a3   Thumb Code     2  startup_mdr1901vc1t.o(.text)
    SSP2_IRQHandler                          0x080001a5   Thumb Code     2  startup_mdr1901vc1t.o(.text)
    AUDIO_IP_IRQHandler                      0x080001a7   Thumb Code     2  startup_mdr1901vc1t.o(.text)
    DSP_CRPT_IRQHandler                      0x080001a9   Thumb Code     2  startup_mdr1901vc1t.o(.text)
    DSP_TIMER_IRQHandler                     0x080001ab   Thumb Code     2  startup_mdr1901vc1t.o(.text)
    DSP_CORE_IRQHandler                      0x080001ad   Thumb Code     2  startup_mdr1901vc1t.o(.text)
    DSP_STATE_IRQHandler                     0x080001af   Thumb Code     2  startup_mdr1901vc1t.o(.text)
    UART3_IRQHandler                         0x080001b1   Thumb Code     2  startup_mdr1901vc1t.o(.text)
    BACKUP_IRQHandler                        0x080001b3   Thumb Code     2  startup_mdr1901vc1t.o(.text)
    EXT_INT1_IRQHandler                      0x080001b5   Thumb Code     2  startup_mdr1901vc1t.o(.text)
    EXT_INT2_IRQHandler                      0x080001b7   Thumb Code     2  startup_mdr1901vc1t.o(.text)
    EXT_INT3_IRQHandler                      0x080001b9   Thumb Code     2  startup_mdr1901vc1t.o(.text)
    EXT_INT4_IRQHandler                      0x080001bb   Thumb Code     2  startup_mdr1901vc1t.o(.text)
    __user_initial_stackheap                 0x080001bd   Thumb Code     0  startup_mdr1901vc1t.o(.text)
    __2sprintf                               0x080001e1   Thumb Code    34  noretval__2sprintf.o(.text)
    __printf                                 0x08000209   Thumb Code   104  __printf.o(.text)
    _printf_int_dec                          0x08000271   Thumb Code   104  _printf_dec.o(.text)
    __use_two_region_memory                  0x080002e9   Thumb Code     2  heapauxi.o(.text)
    __rt_heap_escrow$2region                 0x080002eb   Thumb Code     2  heapauxi.o(.text)
    __rt_heap_expand$2region                 0x080002ed   Thumb Code     2  heapauxi.o(.text)
    _printf_int_common                       0x080002ef   Thumb Code   178  _printf_intcommon.o(.text)
    _printf_char_common                      0x080003ab   Thumb Code    32  _printf_char_common.o(.text)
    _sputc                                   0x080003d1   Thumb Code    10  _sputc.o(.text)
    __user_setup_stackheap                   0x080003db   Thumb Code    74  sys_stackheap_outer.o(.text)
    exit                                     0x08000425   Thumb Code    18  exit.o(.text)
    __user_libspace                          0x08000439   Thumb Code     8  libspace.o(.text)
    __user_perproc_libspace                  0x08000439   Thumb Code     0  libspace.o(.text)
    __user_perthread_libspace                0x08000439   Thumb Code     0  libspace.o(.text)
    _sys_exit                                0x08000441   Thumb Code     8  sys_exit.o(.text)
    __I$use$semihosting                      0x0800044d   Thumb Code     0  use_no_semi.o(.text)
    __use_no_semihosting_swi                 0x0800044d   Thumb Code     2  use_no_semi.o(.text)
    __semihosting_library_function           0x0800044f   Thumb Code     0  indicate_semi.o(.text)
    PORT_Init                                0x08000451   Thumb Code   290  mdr32f9qx_port.o(.text.PORT_Init)
    PORT_ReadInputData                       0x08000575   Thumb Code     4  mdr32f9qx_port.o(.text.PORT_ReadInputData)
    PORT_ResetBits                           0x08000579   Thumb Code    24  mdr32f9qx_port.o(.text.PORT_ResetBits)
    PORT_SetBits                             0x08000591   Thumb Code    18  mdr32f9qx_port.o(.text.PORT_SetBits)
    PORT_StructInit                          0x080005a5   Thumb Code    20  mdr32f9qx_port.o(.text.PORT_StructInit)
    PORT_Write                               0x080005b9   Thumb Code    18  mdr32f9qx_port.o(.text.PORT_Write)
    RST_CLK_GetClocksFreq                    0x080005cd   Thumb Code   274  mdr32f9qx_rst_clk.o(.text.RST_CLK_GetClocksFreq)
    SystemCoreClockUpdate                    0x080006e1   Thumb Code   110  system_mdr1901vc1t.o(.text.SystemCoreClockUpdate)
    SystemInit                               0x08000751   Thumb Code    42  system_mdr1901vc1t.o(.text.SystemInit)
    TIMER1_IRQHandler                        0x0800077d   Thumb Code    54  main.o(.text.TIMER1_IRQHandler)
    TIMER_BRGInit                            0x080007b5   Thumb Code   106  mdr32f9qx_timer.o(.text.TIMER_BRGInit)
    TIMER_ClearFlag                          0x08000821   Thumb Code     6  mdr32f9qx_timer.o(.text.TIMER_ClearFlag)
    TIMER_Cmd                                0x08000829   Thumb Code    16  mdr32f9qx_timer.o(.text.TIMER_Cmd)
    TIMER_CntInit                            0x08000839   Thumb Code    56  mdr32f9qx_timer.o(.text.TIMER_CntInit)
    TIMER_DeInit                             0x08000871   Thumb Code    68  mdr32f9qx_timer.o(.text.TIMER_DeInit)
    TIMER_GetITStatus                        0x080008b5   Thumb Code    14  mdr32f9qx_timer.o(.text.TIMER_GetITStatus)
    TIMER_ITConfig                           0x080008c5   Thumb Code    20  mdr32f9qx_timer.o(.text.TIMER_ITConfig)
    UART_BRGInit                             0x080008d9   Thumb Code   106  mdr32f9qx_uart.o(.text.UART_BRGInit)
    UART_Cmd                                 0x08000945   Thumb Code    22  mdr32f9qx_uart.o(.text.UART_Cmd)
    UART_DeInit                              0x0800095d   Thumb Code    34  mdr32f9qx_uart.o(.text.UART_DeInit)
    UART_Init                                0x08000981   Thumb Code   142  mdr32f9qx_uart.o(.text.UART_Init)
    m_LED_toggle                             0x08000a31   Thumb Code    28  u_led_func.o(.text.m_LED_toggle)
    m_MLT_Clear_Chip                         0x08000a4d   Thumb Code    24  ulcd_func.o(.text.m_MLT_Clear_Chip)
    m_MLT_Clear_Page                         0x08000a65   Thumb Code    50  ulcd_func.o(.text.m_MLT_Clear_Page)
    m_MLT_Delay                              0x08000a99   Thumb Code    18  ulcd_func.o(.text.m_MLT_Delay)
    m_MLT_Disp_On                            0x08000aad   Thumb Code   150  ulcd_func.o(.text.m_MLT_Disp_On)
    m_MLT_Init                               0x08000b45   Thumb Code    64  ulcd_func.o(.text.m_MLT_Init)
    m_MLT_LCD_Init                           0x08000b85   Thumb Code    68  ulcd_func.o(.text.m_MLT_LCD_Init)
    m_MLT_Pin_Cfg                            0x08000bc9   Thumb Code   110  ulcd_func.o(.text.m_MLT_Pin_Cfg)
    m_MLT_Put_Char                           0x08000c39   Thumb Code   104  ulcd_func.o(.text.m_MLT_Put_Char)
    m_MLT_Put_String                         0x08000ca1   Thumb Code    54  ulcd_func.o(.text.m_MLT_Put_String)
    m_MLT_Read_Status                        0x08000cd9   Thumb Code   144  ulcd_func.o(.text.m_MLT_Read_Status)
    m_MLT_Set_Address                        0x08000d69   Thumb Code   154  ulcd_func.o(.text.m_MLT_Set_Address)
    m_MLT_Set_Data_Bits                      0x08000e05   Thumb Code    24  ulcd_func.o(.text.m_MLT_Set_Data_Bits)
    m_MLT_Set_Page                           0x08000e1d   Thumb Code   154  ulcd_func.o(.text.m_MLT_Set_Page)
    m_MLT_Write_Data                         0x08000eb9   Thumb Code   152  ulcd_func.o(.text.m_MLT_Write_Data)
    m_UART_Init                              0x08000f51   Thumb Code   136  uuart_func.o(.text.m_UART_Init)
    m_initLEDs                               0x08000fd9   Thumb Code    54  u_led_func.o(.text.m_initLEDs)
    m_setUpFreq                              0x08001011   Thumb Code    66  urst_clk_init.o(.text.m_setUpFreq)
    m_setUpTimer                             0x08001055   Thumb Code    96  utimer_init.o(.text.m_setUpTimer)
    main                                     0x080010b5   Thumb Code   124  main.o(.text.main)
    Region$$Table$$Base                      0x0800187c   Number         0  anon$$obj.o(Region$$Table)
    Region$$Table$$Limit                     0x0800189c   Number         0  anon$$obj.o(Region$$Table)
    SystemCoreClock                          0x20000000   Data           4  system_mdr1901vc1t.o(.data.SystemCoreClock)
    __libspace_start                         0x20000008   Data          96  libspace.o(.bss)
    __temporary_stack_top$libspace           0x20000068   Data           0  libspace.o(.bss)
    counter_handler                          0x20000068   Data           4  main.o(.bss.counter_handler)



==============================================================================

Memory Map of the image

  Image Entry point : 0x08000165

  Load Region LR_1 (Base: 0x08000000, Size: 0x000018a0, Max: 0xffffffff, ABSOLUTE)

    Execution Region ER_RO (Exec base: 0x08000000, Load base: 0x08000000, Size: 0x0000189c, Max: 0xffffffff, ABSOLUTE)

    Exec Addr    Load Addr    Size         Type   Attr      Idx    E Section Name        Object

    0x08000000   0x08000000   0x000000c0   Data   RO          113    RESET               startup_mdr1901vc1t.o
    0x080000c0   0x080000c0   0x00000008   Code   RO          461  * !!!main             c_w.l(__main.o)
    0x080000c8   0x080000c8   0x00000034   Code   RO          633    !!!scatter          c_w.l(__scatter.o)
    0x080000fc   0x080000fc   0x0000001a   Code   RO          635    !!handler_copy      c_w.l(__scatter_copy.o)
    0x08000116   0x08000116   0x00000002   PAD
    0x08000118   0x08000118   0x0000001c   Code   RO          637    !!handler_zi        c_w.l(__scatter_zi.o)
    0x08000134   0x08000134   0x00000000   Code   RO          456    .ARM.Collect$$_printf_percent$$00000000  c_w.l(_printf_percent.o)
    0x08000134   0x08000134   0x00000006   Code   RO          455    .ARM.Collect$$_printf_percent$$00000009  c_w.l(_printf_d.o)
    0x0800013a   0x0800013a   0x00000004   Code   RO          470    .ARM.Collect$$_printf_percent$$00000017  c_w.l(_printf_percent_end.o)
    0x0800013e   0x0800013e   0x00000002   Code   RO          497    .ARM.Collect$$libinit$$00000000  c_w.l(libinit.o)
    0x08000140   0x08000140   0x00000000   Code   RO          504    .ARM.Collect$$libinit$$00000002  c_w.l(libinit2.o)
    0x08000140   0x08000140   0x00000000   Code   RO          506    .ARM.Collect$$libinit$$00000004  c_w.l(libinit2.o)
    0x08000140   0x08000140   0x00000000   Code   RO          509    .ARM.Collect$$libinit$$0000000A  c_w.l(libinit2.o)
    0x08000140   0x08000140   0x00000000   Code   RO          511    .ARM.Collect$$libinit$$0000000C  c_w.l(libinit2.o)
    0x08000140   0x08000140   0x00000000   Code   RO          513    .ARM.Collect$$libinit$$0000000E  c_w.l(libinit2.o)
    0x08000140   0x08000140   0x00000000   Code   RO          516    .ARM.Collect$$libinit$$00000011  c_w.l(libinit2.o)
    0x08000140   0x08000140   0x00000000   Code   RO          518    .ARM.Collect$$libinit$$00000013  c_w.l(libinit2.o)
    0x08000140   0x08000140   0x00000000   Code   RO          520    .ARM.Collect$$libinit$$00000015  c_w.l(libinit2.o)
    0x08000140   0x08000140   0x00000000   Code   RO          522    .ARM.Collect$$libinit$$00000017  c_w.l(libinit2.o)
    0x08000140   0x08000140   0x00000000   Code   RO          524    .ARM.Collect$$libinit$$00000019  c_w.l(libinit2.o)
    0x08000140   0x08000140   0x00000000   Code   RO          526    .ARM.Collect$$libinit$$0000001B  c_w.l(libinit2.o)
    0x08000140   0x08000140   0x00000000   Code   RO          528    .ARM.Collect$$libinit$$0000001D  c_w.l(libinit2.o)
    0x08000140   0x08000140   0x00000000   Code   RO          530    .ARM.Collect$$libinit$$0000001F  c_w.l(libinit2.o)
    0x08000140   0x08000140   0x00000000   Code   RO          532    .ARM.Collect$$libinit$$00000021  c_w.l(libinit2.o)
    0x08000140   0x08000140   0x00000000   Code   RO          534    .ARM.Collect$$libinit$$00000023  c_w.l(libinit2.o)
    0x08000140   0x08000140   0x00000000   Code   RO          536    .ARM.Collect$$libinit$$00000025  c_w.l(libinit2.o)
    0x08000140   0x08000140   0x00000000   Code   RO          540    .ARM.Collect$$libinit$$0000002C  c_w.l(libinit2.o)
    0x08000140   0x08000140   0x00000000   Code   RO          542    .ARM.Collect$$libinit$$0000002E  c_w.l(libinit2.o)
    0x08000140   0x08000140   0x00000000   Code   RO          544    .ARM.Collect$$libinit$$00000030  c_w.l(libinit2.o)
    0x08000140   0x08000140   0x00000000   Code   RO          546    .ARM.Collect$$libinit$$00000032  c_w.l(libinit2.o)
    0x08000140   0x08000140   0x00000002   Code   RO          547    .ARM.Collect$$libinit$$00000033  c_w.l(libinit2.o)
    0x08000142   0x08000142   0x00000002   Code   RO          569    .ARM.Collect$$libshutdown$$00000000  c_w.l(libshutdown.o)
    0x08000144   0x08000144   0x00000000   Code   RO          584    .ARM.Collect$$libshutdown$$00000002  c_w.l(libshutdown2.o)
    0x08000144   0x08000144   0x00000000   Code   RO          586    .ARM.Collect$$libshutdown$$00000004  c_w.l(libshutdown2.o)
    0x08000144   0x08000144   0x00000000   Code   RO          589    .ARM.Collect$$libshutdown$$00000007  c_w.l(libshutdown2.o)
    0x08000144   0x08000144   0x00000000   Code   RO          592    .ARM.Collect$$libshutdown$$0000000A  c_w.l(libshutdown2.o)
    0x08000144   0x08000144   0x00000000   Code   RO          594    .ARM.Collect$$libshutdown$$0000000C  c_w.l(libshutdown2.o)
    0x08000144   0x08000144   0x00000000   Code   RO          597    .ARM.Collect$$libshutdown$$0000000F  c_w.l(libshutdown2.o)
    0x08000144   0x08000144   0x00000002   Code   RO          598    .ARM.Collect$$libshutdown$$00000010  c_w.l(libshutdown2.o)
    0x08000146   0x08000146   0x00000000   Code   RO          463    .ARM.Collect$$rtentry$$00000000  c_w.l(__rtentry.o)
    0x08000146   0x08000146   0x00000000   Code   RO          472    .ARM.Collect$$rtentry$$00000002  c_w.l(__rtentry2.o)
    0x08000146   0x08000146   0x00000006   Code   RO          484    .ARM.Collect$$rtentry$$00000004  c_w.l(__rtentry4.o)
    0x0800014c   0x0800014c   0x00000000   Code   RO          474    .ARM.Collect$$rtentry$$00000009  c_w.l(__rtentry2.o)
    0x0800014c   0x0800014c   0x00000004   Code   RO          475    .ARM.Collect$$rtentry$$0000000A  c_w.l(__rtentry2.o)
    0x08000150   0x08000150   0x00000000   Code   RO          477    .ARM.Collect$$rtentry$$0000000C  c_w.l(__rtentry2.o)
    0x08000150   0x08000150   0x00000008   Code   RO          478    .ARM.Collect$$rtentry$$0000000D  c_w.l(__rtentry2.o)
    0x08000158   0x08000158   0x00000002   Code   RO          501    .ARM.Collect$$rtexit$$00000000  c_w.l(rtexit.o)
    0x0800015a   0x0800015a   0x00000000   Code   RO          549    .ARM.Collect$$rtexit$$00000002  c_w.l(rtexit2.o)
    0x0800015a   0x0800015a   0x00000004   Code   RO          550    .ARM.Collect$$rtexit$$00000003  c_w.l(rtexit2.o)
    0x0800015e   0x0800015e   0x00000006   Code   RO          551    .ARM.Collect$$rtexit$$00000004  c_w.l(rtexit2.o)
    0x08000164   0x08000164   0x0000007c   Code   RO          114  * .text               startup_mdr1901vc1t.o
    0x080001e0   0x080001e0   0x00000028   Code   RO          429    .text               c_w.l(noretval__2sprintf.o)
    0x08000208   0x08000208   0x00000068   Code   RO          431    .text               c_w.l(__printf.o)
    0x08000270   0x08000270   0x00000078   Code   RO          433    .text               c_w.l(_printf_dec.o)
    0x080002e8   0x080002e8   0x00000006   Code   RO          459    .text               c_w.l(heapauxi.o)
    0x080002ee   0x080002ee   0x000000b2   Code   RO          464    .text               c_w.l(_printf_intcommon.o)
    0x080003a0   0x080003a0   0x00000030   Code   RO          466    .text               c_w.l(_printf_char_common.o)
    0x080003d0   0x080003d0   0x0000000a   Code   RO          468    .text               c_w.l(_sputc.o)
    0x080003da   0x080003da   0x0000004a   Code   RO          488    .text               c_w.l(sys_stackheap_outer.o)
    0x08000424   0x08000424   0x00000012   Code   RO          490    .text               c_w.l(exit.o)
    0x08000436   0x08000436   0x00000002   PAD
    0x08000438   0x08000438   0x00000008   Code   RO          498    .text               c_w.l(libspace.o)
    0x08000440   0x08000440   0x0000000c   Code   RO          559    .text               c_w.l(sys_exit.o)
    0x0800044c   0x0800044c   0x00000002   Code   RO          574    .text               c_w.l(use_no_semi.o)
    0x0800044e   0x0800044e   0x00000000   Code   RO          576    .text               c_w.l(indicate_semi.o)
    0x0800044e   0x0800044e   0x00000002   PAD
    0x08000450   0x08000450   0x00000122   Code   RO          136    .text.PORT_Init     mdr32f9qx_port.o
    0x08000572   0x08000572   0x00000002   PAD
    0x08000574   0x08000574   0x00000004   Code   RO          142    .text.PORT_ReadInputData  mdr32f9qx_port.o
    0x08000578   0x08000578   0x00000018   Code   RO          146    .text.PORT_ResetBits  mdr32f9qx_port.o
    0x08000590   0x08000590   0x00000012   Code   RO          144    .text.PORT_SetBits  mdr32f9qx_port.o
    0x080005a2   0x080005a2   0x00000002   PAD
    0x080005a4   0x080005a4   0x00000014   Code   RO          138    .text.PORT_StructInit  mdr32f9qx_port.o
    0x080005b8   0x080005b8   0x00000012   Code   RO          150    .text.PORT_Write    mdr32f9qx_port.o
    0x080005ca   0x080005ca   0x00000002   PAD
    0x080005cc   0x080005cc   0x00000112   Code   RO          236    .text.RST_CLK_GetClocksFreq  mdr32f9qx_rst_clk.o
    0x080006de   0x080006de   0x00000002   PAD
    0x080006e0   0x080006e0   0x0000006e   Code   RO          121    .text.SystemCoreClockUpdate  system_mdr1901vc1t.o
    0x0800074e   0x0800074e   0x00000002   PAD
    0x08000750   0x08000750   0x0000002a   Code   RO          123    .text.SystemInit    system_mdr1901vc1t.o
    0x0800077a   0x0800077a   0x00000002   PAD
    0x0800077c   0x0800077c   0x00000036   Code   RO            2    .text.TIMER1_IRQHandler  main.o
    0x080007b2   0x080007b2   0x00000002   PAD
    0x080007b4   0x080007b4   0x0000006a   Code   RO          374    .text.TIMER_BRGInit  mdr32f9qx_timer.o
    0x0800081e   0x0800081e   0x00000002   PAD
    0x08000820   0x08000820   0x00000006   Code   RO          366    .text.TIMER_ClearFlag  mdr32f9qx_timer.o
    0x08000826   0x08000826   0x00000002   PAD
    0x08000828   0x08000828   0x00000010   Code   RO          266    .text.TIMER_Cmd     mdr32f9qx_timer.o
    0x08000838   0x08000838   0x00000038   Code   RO          262    .text.TIMER_CntInit  mdr32f9qx_timer.o
    0x08000870   0x08000870   0x00000044   Code   RO          260    .text.TIMER_DeInit  mdr32f9qx_timer.o
    0x080008b4   0x080008b4   0x0000000e   Code   RO          372    .text.TIMER_GetITStatus  mdr32f9qx_timer.o
    0x080008c2   0x080008c2   0x00000002   PAD
    0x080008c4   0x080008c4   0x00000014   Code   RO          370    .text.TIMER_ITConfig  mdr32f9qx_timer.o
    0x080008d8   0x080008d8   0x0000006a   Code   RO          416    .text.UART_BRGInit  mdr32f9qx_uart.o
    0x08000942   0x08000942   0x00000002   PAD
    0x08000944   0x08000944   0x00000016   Code   RO          390    .text.UART_Cmd      mdr32f9qx_uart.o
    0x0800095a   0x0800095a   0x00000002   PAD
    0x0800095c   0x0800095c   0x00000022   Code   RO          384    .text.UART_DeInit   mdr32f9qx_uart.o
    0x0800097e   0x0800097e   0x00000002   PAD
    0x08000980   0x08000980   0x0000008e   Code   RO          386    .text.UART_Init     mdr32f9qx_uart.o
    0x08000a0e   0x08000a0e   0x00000002   PAD
    0x08000a10   0x08000a10   0x00000010   Code   RO           84    .text.__NVIC_EnableIRQ  utimer_init.o
    0x08000a20   0x08000a20   0x0000000e   Code   RO           86    .text.__NVIC_SetPriority  utimer_init.o
    0x08000a2e   0x08000a2e   0x00000002   PAD
    0x08000a30   0x08000a30   0x0000001c   Code   RO          102    .text.m_LED_toggle  u_led_func.o
    0x08000a4c   0x08000a4c   0x00000018   Code   RO           26    .text.m_MLT_Clear_Chip  ulcd_func.o
    0x08000a64   0x08000a64   0x00000032   Code   RO           42    .text.m_MLT_Clear_Page  ulcd_func.o
    0x08000a96   0x08000a96   0x00000002   PAD
    0x08000a98   0x08000a98   0x00000012   Code   RO           28    .text.m_MLT_Delay   ulcd_func.o
    0x08000aaa   0x08000aaa   0x00000002   PAD
    0x08000aac   0x08000aac   0x00000096   Code   RO           24    .text.m_MLT_Disp_On  ulcd_func.o
    0x08000b42   0x08000b42   0x00000002   PAD
    0x08000b44   0x08000b44   0x00000040   Code   RO           16    .text.m_MLT_Init    ulcd_func.o
    0x08000b84   0x08000b84   0x00000044   Code   RO           20    .text.m_MLT_LCD_Init  ulcd_func.o
    0x08000bc8   0x08000bc8   0x0000006e   Code   RO           18    .text.m_MLT_Pin_Cfg  ulcd_func.o
    0x08000c36   0x08000c36   0x00000002   PAD
    0x08000c38   0x08000c38   0x00000068   Code   RO           44    .text.m_MLT_Put_Char  ulcd_func.o
    0x08000ca0   0x08000ca0   0x00000036   Code   RO           46    .text.m_MLT_Put_String  ulcd_func.o
    0x08000cd6   0x08000cd6   0x00000002   PAD
    0x08000cd8   0x08000cd8   0x00000090   Code   RO           22    .text.m_MLT_Read_Status  ulcd_func.o
    0x08000d68   0x08000d68   0x0000009a   Code   RO           36    .text.m_MLT_Set_Address  ulcd_func.o
    0x08000e02   0x08000e02   0x00000002   PAD
    0x08000e04   0x08000e04   0x00000018   Code   RO           30    .text.m_MLT_Set_Data_Bits  ulcd_func.o
    0x08000e1c   0x08000e1c   0x0000009a   Code   RO           34    .text.m_MLT_Set_Page  ulcd_func.o
    0x08000eb6   0x08000eb6   0x00000002   PAD
    0x08000eb8   0x08000eb8   0x00000098   Code   RO           38    .text.m_MLT_Write_Data  ulcd_func.o
    0x08000f50   0x08000f50   0x00000088   Code   RO           61    .text.m_UART_Init   uuart_func.o
    0x08000fd8   0x08000fd8   0x00000036   Code   RO           96    .text.m_initLEDs    u_led_func.o
    0x0800100e   0x0800100e   0x00000002   PAD
    0x08001010   0x08001010   0x00000042   Code   RO           73    .text.m_setUpFreq   urst_clk_init.o
    0x08001052   0x08001052   0x00000002   PAD
    0x08001054   0x08001054   0x00000060   Code   RO           82    .text.m_setUpTimer  utimer_init.o
    0x080010b4   0x080010b4   0x000000c8   Code   RO            4    .text.main          main.o
    0x0800117c   0x0800117c   0x00000700   Data   RO           52    .rodata.MLT_Font    ulcd_func.o
    0x0800187c   0x0800187c   0x00000020   Data   RO          632    Region$$Table       anon$$obj.o


    Execution Region ER_RW (Exec base: 0x20000000, Load base: 0x0800189c, Size: 0x00000004, Max: 0xffffffff, ABSOLUTE)

    Exec Addr    Load Addr    Size         Type   Attr      Idx    E Section Name        Object

    0x20000000   0x0800189c   0x00000004   Data   RW          125    .data.SystemCoreClock  system_mdr1901vc1t.o


    Execution Region ER_ZI (Exec base: 0x20000008, Load base: 0x080018a0, Size: 0x00001468, Max: 0xffffffff, ABSOLUTE)

    Exec Addr    Load Addr    Size         Type   Attr      Idx    E Section Name        Object

    0x20000008        -       0x00000060   Zero   RW          499    .bss                c_w.l(libspace.o)
    0x20000068        -       0x00000004   Zero   RW            7    .bss.counter_handler  main.o
    0x2000006c   0x080018a0   0x00000004   PAD
    0x20000070        -       0x00001000   Zero   RW          112    HEAP                startup_mdr1901vc1t.o
    0x20001070        -       0x00000400   Zero   RW          111    STACK               startup_mdr1901vc1t.o


==============================================================================

Image component sizes


      Code (inc. data)   RO Data    RW Data    ZI Data      Debug   Object Name

       254         76          0          0          4       2869   main.o
       374          0          0          0          0       5598   mdr32f9qx_port.o
       274          0          0          0          0      15260   mdr32f9qx_rst_clk.o
       286          0          0          0          0      23286   mdr32f9qx_timer.o
       304          0          0          0          0       8238   mdr32f9qx_uart.o
       124         26        192          0       5120       2152   startup_mdr1901vc1t.o
       152          0          0          4          0       1624   system_mdr1901vc1t.o
        82          0          0          0          0       3120   u_led_func.o
      1270          0       1792          0          0       8385   ulcd_func.o
        66          0          0          0          0       1390   urst_clk_init.o
       126          0          0          0          0       5596   utimer_init.o
       136          0          0          0          0       5010   uuart_func.o

    ----------------------------------------------------------------------
      3496        102       2016          4       5128      82528   Object Totals
         0          0         32          0          0          0   (incl. Generated)
        48          0          0          0          4          0   (incl. Padding)

    ----------------------------------------------------------------------

      Code (inc. data)   RO Data    RW Data    ZI Data      Debug   Library Member Name

         8          0          0          0          0         68   __main.o
       104          0          0          0          0         84   __printf.o
         0          0          0          0          0          0   __rtentry.o
        12          0          0          0          0          0   __rtentry2.o
         6          0          0          0          0          0   __rtentry4.o
        52          8          0          0          0          0   __scatter.o
        26          0          0          0          0          0   __scatter_copy.o
        28          0          0          0          0          0   __scatter_zi.o
        48          6          0          0          0         96   _printf_char_common.o
         6          0          0          0          0          0   _printf_d.o
       120         16          0          0          0         92   _printf_dec.o
       178          0          0          0          0         88   _printf_intcommon.o
         0          0          0          0          0          0   _printf_percent.o
         4          0          0          0          0          0   _printf_percent_end.o
        10          0          0          0          0         68   _sputc.o
        18          0          0          0          0         80   exit.o
         6          0          0          0          0        152   heapauxi.o
         0          0          0          0          0          0   indicate_semi.o
         2          0          0          0          0          0   libinit.o
         2          0          0          0          0          0   libinit2.o
         2          0          0          0          0          0   libshutdown.o
         2          0          0          0          0          0   libshutdown2.o
         8          4          0          0         96         68   libspace.o
        40          6          0          0          0         84   noretval__2sprintf.o
         2          0          0          0          0          0   rtexit.o
        10          0          0          0          0          0   rtexit2.o
        12          4          0          0          0         68   sys_exit.o
        74          0          0          0          0         80   sys_stackheap_outer.o
         2          0          0          0          0         68   use_no_semi.o

    ----------------------------------------------------------------------
       788         44          0          0         96       1096   Library Totals
         6          0          0          0          0          0   (incl. Padding)

    ----------------------------------------------------------------------

      Code (inc. data)   RO Data    RW Data    ZI Data      Debug   Library Name

       782         44          0          0         96       1096   c_w.l

    ----------------------------------------------------------------------
       788         44          0          0         96       1096   Library Totals

    ----------------------------------------------------------------------

==============================================================================


      Code (inc. data)   RO Data    RW Data    ZI Data      Debug   

      4284        146       2016          4       5224      83004   Grand Totals
      4284        146       2016          4       5224      83004   ELF Image Totals
      4284        146       2016          4          0          0   ROM Totals

==============================================================================

    Total RO  Size (Code + RO Data)                 6300 (   6.15kB)
    Total RW  Size (RW Data + ZI Data)              5228 (   5.11kB)
    Total ROM Size (Code + RO Data + RW Data)       6304 (   6.16kB)

==============================================================================

