Component: ARM Compiler 5.06 update 7 (build 960) Tool: armlink [4d3601]

==============================================================================

Section Cross References

    main.o(i.TIMER1_IRQHandler) refers to mdr32f9qx_timer.o(i.TIMER_GetITStatus) for TIMER_GetITStatus
    main.o(i.TIMER1_IRQHandler) refers to u_led_func.o(i.m_LED_toggle) for m_LED_toggle
    main.o(i.TIMER1_IRQHandler) refers to mdr32f9qx_timer.o(i.TIMER_ClearFlag) for TIMER_ClearFlag
    main.o(i.TIMER1_IRQHandler) refers to main.o(.data) for counter_handler
    main.o(i.main) refers to _printf_pad.o(.text) for _printf_pre_padding
    main.o(i.main) refers to _printf_percent.o(.ARM.Collect$$_printf_percent$$00000000) for _printf_percent
    main.o(i.main) refers to _printf_d.o(.ARM.Collect$$_printf_percent$$00000009) for _printf_d
    main.o(i.main) refers to _printf_dec.o(.text) for _printf_int_dec
    main.o(i.main) refers to urst_clk_init.o(i.m_setUpFreq) for m_setUpFreq
    main.o(i.main) refers to u_led_func.o(i.m_initLEDs) for m_initLEDs
    main.o(i.main) refers to utimer_init.o(i.m_setUpTimer) for m_setUpTimer
    main.o(i.main) refers to uuart_func.o(i.m_UART_Init) for m_UART_Init
    main.o(i.main) refers to ulcd_func.o(i.m_MLT_Init) for m_MLT_Init
    main.o(i.main) refers to ulcd_func.o(i.m_MLT_Put_String) for m_MLT_Put_String
    main.o(i.main) refers to noretval__2sprintf.o(.text) for __2sprintf
    main.o(i.main) refers to main.o(.data) for counter_handler
    ulcd_func.o(i.m_MLT_Clear_Chip) refers to ulcd_func.o(i.m_MLT_Clear_Page) for m_MLT_Clear_Page
    ulcd_func.o(i.m_MLT_Clear_Page) refers to ulcd_func.o(i.m_MLT_Set_Page) for m_MLT_Set_Page
    ulcd_func.o(i.m_MLT_Clear_Page) refers to ulcd_func.o(i.m_MLT_Set_Address) for m_MLT_Set_Address
    ulcd_func.o(i.m_MLT_Clear_Page) refers to ulcd_func.o(i.m_MLT_Read_Status) for m_MLT_Read_Status
    ulcd_func.o(i.m_MLT_Clear_Page) refers to ulcd_func.o(i.m_MLT_Write_Data) for m_MLT_Write_Data
    ulcd_func.o(i.m_MLT_Disp_Off) refers to mdr32f9qx_port.o(i.PORT_SetBits) for PORT_SetBits
    ulcd_func.o(i.m_MLT_Disp_Off) refers to mdr32f9qx_port.o(i.PORT_ResetBits) for PORT_ResetBits
    ulcd_func.o(i.m_MLT_Disp_Off) refers to ulcd_func.o(i.m_MLT_Delay) for m_MLT_Delay
    ulcd_func.o(i.m_MLT_Disp_Off) refers to ulcd_func.o(i.m_MLT_Set_Data_Bits) for m_MLT_Set_Data_Bits
    ulcd_func.o(i.m_MLT_Disp_On) refers to mdr32f9qx_port.o(i.PORT_SetBits) for PORT_SetBits
    ulcd_func.o(i.m_MLT_Disp_On) refers to mdr32f9qx_port.o(i.PORT_ResetBits) for PORT_ResetBits
    ulcd_func.o(i.m_MLT_Disp_On) refers to ulcd_func.o(i.m_MLT_Delay) for m_MLT_Delay
    ulcd_func.o(i.m_MLT_Disp_On) refers to ulcd_func.o(i.m_MLT_Set_Data_Bits) for m_MLT_Set_Data_Bits
    ulcd_func.o(i.m_MLT_Init) refers to ulcd_func.o(i.m_MLT_Pin_Cfg) for m_MLT_Pin_Cfg
    ulcd_func.o(i.m_MLT_Init) refers to ulcd_func.o(i.m_MLT_LCD_Init) for m_MLT_LCD_Init
    ulcd_func.o(i.m_MLT_Init) refers to ulcd_func.o(i.m_MLT_Read_Status) for m_MLT_Read_Status
    ulcd_func.o(i.m_MLT_Init) refers to ulcd_func.o(i.m_MLT_Disp_On) for m_MLT_Disp_On
    ulcd_func.o(i.m_MLT_Init) refers to ulcd_func.o(i.m_MLT_Clear_Chip) for m_MLT_Clear_Chip
    ulcd_func.o(i.m_MLT_LCD_Init) refers to mdr32f9qx_port.o(i.PORT_ResetBits) for PORT_ResetBits
    ulcd_func.o(i.m_MLT_LCD_Init) refers to ulcd_func.o(i.m_MLT_Delay) for m_MLT_Delay
    ulcd_func.o(i.m_MLT_LCD_Init) refers to mdr32f9qx_port.o(i.PORT_SetBits) for PORT_SetBits
    ulcd_func.o(i.m_MLT_LCD_Init) refers to ulcd_func.o(i.m_MLT_Read_Status) for m_MLT_Read_Status
    ulcd_func.o(i.m_MLT_Pin_Cfg) refers to mdr32f9qx_port.o(i.PORT_Init) for PORT_Init
    ulcd_func.o(i.m_MLT_Put_Char) refers to ulcd_func.o(i.m_MLT_Set_Page) for m_MLT_Set_Page
    ulcd_func.o(i.m_MLT_Put_Char) refers to ulcd_func.o(i.m_MLT_Set_Address) for m_MLT_Set_Address
    ulcd_func.o(i.m_MLT_Put_Char) refers to ulcd_func.o(i.m_MLT_Read_Status) for m_MLT_Read_Status
    ulcd_func.o(i.m_MLT_Put_Char) refers to ulcd_func.o(i.m_MLT_Write_Data) for m_MLT_Write_Data
    ulcd_func.o(i.m_MLT_Put_Char) refers to ulcd_func.o(.constdata) for MLT_Font
    ulcd_func.o(i.m_MLT_Put_Image) refers to ulcd_func.o(i.m_MLT_Set_Page) for m_MLT_Set_Page
    ulcd_func.o(i.m_MLT_Put_Image) refers to ulcd_func.o(i.m_MLT_Set_Address) for m_MLT_Set_Address
    ulcd_func.o(i.m_MLT_Put_Image) refers to ulcd_func.o(i.m_MLT_Read_Status) for m_MLT_Read_Status
    ulcd_func.o(i.m_MLT_Put_Image) refers to ulcd_func.o(i.m_MLT_Write_Data) for m_MLT_Write_Data
    ulcd_func.o(i.m_MLT_Put_String) refers to ulcd_func.o(i.m_MLT_Put_Char) for m_MLT_Put_Char
    ulcd_func.o(i.m_MLT_Read_Data) refers to mdr32f9qx_port.o(i.PORT_SetBits) for PORT_SetBits
    ulcd_func.o(i.m_MLT_Read_Data) refers to ulcd_func.o(i.m_MLT_Delay) for m_MLT_Delay
    ulcd_func.o(i.m_MLT_Read_Data) refers to ulcd_func.o(i.m_MLT_Set_Data_Bits) for m_MLT_Set_Data_Bits
    ulcd_func.o(i.m_MLT_Read_Data) refers to mdr32f9qx_port.o(i.PORT_ResetBits) for PORT_ResetBits
    ulcd_func.o(i.m_MLT_Read_Status) refers to mdr32f9qx_port.o(i.PORT_SetBits) for PORT_SetBits
    ulcd_func.o(i.m_MLT_Read_Status) refers to mdr32f9qx_port.o(i.PORT_ResetBits) for PORT_ResetBits
    ulcd_func.o(i.m_MLT_Read_Status) refers to ulcd_func.o(i.m_MLT_Delay) for m_MLT_Delay
    ulcd_func.o(i.m_MLT_Scroll_String) refers to strlen.o(.text) for strlen
    ulcd_func.o(i.m_MLT_Scroll_String) refers to ulcd_func.o(i.m_MLT_Put_String) for m_MLT_Put_String
    ulcd_func.o(i.m_MLT_Set_Address) refers to mdr32f9qx_port.o(i.PORT_SetBits) for PORT_SetBits
    ulcd_func.o(i.m_MLT_Set_Address) refers to mdr32f9qx_port.o(i.PORT_ResetBits) for PORT_ResetBits
    ulcd_func.o(i.m_MLT_Set_Address) refers to ulcd_func.o(i.m_MLT_Delay) for m_MLT_Delay
    ulcd_func.o(i.m_MLT_Set_Address) refers to ulcd_func.o(i.m_MLT_Set_Data_Bits) for m_MLT_Set_Data_Bits
    ulcd_func.o(i.m_MLT_Set_Page) refers to mdr32f9qx_port.o(i.PORT_SetBits) for PORT_SetBits
    ulcd_func.o(i.m_MLT_Set_Page) refers to mdr32f9qx_port.o(i.PORT_ResetBits) for PORT_ResetBits
    ulcd_func.o(i.m_MLT_Set_Page) refers to ulcd_func.o(i.m_MLT_Delay) for m_MLT_Delay
    ulcd_func.o(i.m_MLT_Set_Page) refers to ulcd_func.o(i.m_MLT_Set_Data_Bits) for m_MLT_Set_Data_Bits
    ulcd_func.o(i.m_MLT_Write_Data) refers to mdr32f9qx_port.o(i.PORT_SetBits) for PORT_SetBits
    ulcd_func.o(i.m_MLT_Write_Data) refers to mdr32f9qx_port.o(i.PORT_ResetBits) for PORT_ResetBits
    ulcd_func.o(i.m_MLT_Write_Data) refers to ulcd_func.o(i.m_MLT_Delay) for m_MLT_Delay
    ulcd_func.o(i.m_MLT_Write_Data) refers to ulcd_func.o(i.m_MLT_Set_Data_Bits) for m_MLT_Set_Data_Bits
    ulcd_func.o(.data) refers to ulcd_func.o(.conststring) for .conststring
    uuart_func.o(i.m_UART_Init) refers to mdr32f9qx_port.o(i.PORT_StructInit) for PORT_StructInit
    uuart_func.o(i.m_UART_Init) refers to mdr32f9qx_port.o(i.PORT_Init) for PORT_Init
    uuart_func.o(i.m_UART_Init) refers to mdr32f9qx_uart.o(i.UART_BRGInit) for UART_BRGInit
    uuart_func.o(i.m_UART_Init) refers to mdr32f9qx_uart.o(i.UART_DeInit) for UART_DeInit
    uuart_func.o(i.m_UART_Init) refers to mdr32f9qx_uart.o(i.UART_Init) for UART_Init
    uuart_func.o(i.m_UART_Init) refers to mdr32f9qx_uart.o(i.UART_ITConfig) for UART_ITConfig
    uuart_func.o(i.m_UART_Init) refers to mdr32f9qx_uart.o(i.UART_Cmd) for UART_Cmd
    utimer_init.o(i.m_setUpTimer) refers to mdr32f9qx_timer.o(i.TIMER_DeInit) for TIMER_DeInit
    utimer_init.o(i.m_setUpTimer) refers to mdr32f9qx_timer.o(i.TIMER_BRGInit) for TIMER_BRGInit
    utimer_init.o(i.m_setUpTimer) refers to mdr32f9qx_timer.o(i.TIMER_CntInit) for TIMER_CntInit
    utimer_init.o(i.m_setUpTimer) refers to mdr32f9qx_timer.o(i.TIMER_ITConfig) for TIMER_ITConfig
    utimer_init.o(i.m_setUpTimer) refers to mdr32f9qx_timer.o(i.TIMER_Cmd) for TIMER_Cmd
    u_led_func.o(i.m_LED_off) refers to mdr32f9qx_port.o(i.PORT_ResetBits) for PORT_ResetBits
    u_led_func.o(i.m_LED_on) refers to mdr32f9qx_port.o(i.PORT_SetBits) for PORT_SetBits
    u_led_func.o(i.m_LED_toggle) refers to mdr32f9qx_port.o(i.PORT_ReadInputData) for PORT_ReadInputData
    u_led_func.o(i.m_LED_toggle) refers to mdr32f9qx_port.o(i.PORT_Write) for PORT_Write
    u_led_func.o(i.m_initLEDs) refers to mdr32f9qx_port.o(i.PORT_StructInit) for PORT_StructInit
    u_led_func.o(i.m_initLEDs) refers to mdr32f9qx_port.o(i.PORT_Init) for PORT_Init
    startup_mdr1901vc1t.o(STACK) refers (Special) to heapauxi.o(.text) for __use_two_region_memory
    startup_mdr1901vc1t.o(HEAP) refers (Special) to heapauxi.o(.text) for __use_two_region_memory
    startup_mdr1901vc1t.o(RESET) refers (Special) to heapauxi.o(.text) for __use_two_region_memory
    startup_mdr1901vc1t.o(RESET) refers to startup_mdr1901vc1t.o(STACK) for __initial_sp
    startup_mdr1901vc1t.o(RESET) refers to startup_mdr1901vc1t.o(.text) for Reset_Handler
    startup_mdr1901vc1t.o(RESET) refers to main.o(i.TIMER1_IRQHandler) for TIMER1_IRQHandler
    startup_mdr1901vc1t.o(.text) refers (Special) to heapauxi.o(.text) for __use_two_region_memory
    startup_mdr1901vc1t.o(.text) refers to system_mdr1901vc1t.o(i.SystemInit) for SystemInit
    startup_mdr1901vc1t.o(.text) refers to __main.o(!!!main) for __main
    startup_mdr1901vc1t.o(.text) refers to startup_mdr1901vc1t.o(HEAP) for Heap_Mem
    startup_mdr1901vc1t.o(.text) refers to startup_mdr1901vc1t.o(STACK) for Stack_Mem
    system_mdr1901vc1t.o(i.SystemCoreClockUpdate) refers to system_mdr1901vc1t.o(.data) for SystemCoreClock
    system_mdr1901vc1t.o(i.SystemInit) refers to system_mdr1901vc1t.o(i.SystemCoreClockUpdate) for SystemCoreClockUpdate
    mdr32f9qx_rst_clk.o(i.RST_CLK_CPU_PLLstatus) refers to mdr32f9qx_rst_clk.o(i.RST_CLK_GetFlagStatus) for RST_CLK_GetFlagStatus
    mdr32f9qx_rst_clk.o(i.RST_CLK_DSP_PLLStatus) refers to mdr32f9qx_rst_clk.o(i.RST_CLK_GetFlagStatus) for RST_CLK_GetFlagStatus
    mdr32f9qx_rst_clk.o(i.RST_CLK_DeInit) refers to mdr32f9qx_rst_clk.o(i.RST_CLK_WarmDeInit) for RST_CLK_WarmDeInit
    mdr32f9qx_rst_clk.o(i.RST_CLK_DeInit) refers to mdr32f9qx_rst_clk.o(i.RST_CLK_PCLKcmd) for RST_CLK_PCLKcmd
    mdr32f9qx_rst_clk.o(i.RST_CLK_HSEstatus) refers to mdr32f9qx_rst_clk.o(i.RST_CLK_GetFlagStatus) for RST_CLK_GetFlagStatus
    mdr32f9qx_rst_clk.o(i.RST_CLK_HSIstatus) refers to mdr32f9qx_rst_clk.o(i.RST_CLK_GetFlagStatus) for RST_CLK_GetFlagStatus
    mdr32f9qx_rst_clk.o(i.RST_CLK_LSEstatus) refers to mdr32f9qx_rst_clk.o(i.RST_CLK_GetFlagStatus) for RST_CLK_GetFlagStatus
    mdr32f9qx_rst_clk.o(i.RST_CLK_LSIstatus) refers to mdr32f9qx_rst_clk.o(i.RST_CLK_GetFlagStatus) for RST_CLK_GetFlagStatus
    mdr32f9qx_rst_clk.o(i.RST_CLK_USB_PLLstatus) refers to mdr32f9qx_rst_clk.o(i.RST_CLK_GetFlagStatus) for RST_CLK_GetFlagStatus
    mdr32f9qx_rst_clk.o(i.RST_CLK_WarmDeInit) refers to mdr32f9qx_rst_clk.o(i.RST_CLK_HSIcmd) for RST_CLK_HSIcmd
    mdr32f9qx_rst_clk.o(i.RST_CLK_WarmDeInit) refers to mdr32f9qx_rst_clk.o(i.RST_CLK_HSIstatus) for RST_CLK_HSIstatus
    mdr32f9qx_rst_clk.o(i.RST_CLK_WarmDeInit) refers to mdr32f9qx_rst_clk.o(i.RST_CLK_CPUclkSelection) for RST_CLK_CPUclkSelection
    mdr32f9qx_uart.o(i.UART_Init) refers to mdr32f9qx_rst_clk.o(i.RST_CLK_GetClocksFreq) for RST_CLK_GetClocksFreq
    mdr32f9qx_uart.o(i.UART_IrDAConfig) refers to mdr32f9qx_rst_clk.o(i.RST_CLK_GetClocksFreq) for RST_CLK_GetClocksFreq
    __2sprintf.o(.text) refers to _printf_char_common.o(.text) for _printf_char_common
    __2sprintf.o(.text) refers to _sputc.o(.text) for _sputc
    noretval__2sprintf.o(.text) refers to _printf_char_common.o(.text) for _printf_char_common
    noretval__2sprintf.o(.text) refers to _sputc.o(.text) for _sputc
    __printf.o(.text) refers to _printf_percent.o(.ARM.Collect$$_printf_percent$$00000000) for _printf_percent
    _printf_dec.o(.text) refers to _printf_intcommon.o(.text) for _printf_int_common
    __printf_flags.o(.text) refers to _printf_percent.o(.ARM.Collect$$_printf_percent$$00000000) for _printf_percent
    __printf_flags.o(.text) refers to __printf_flags.o(.constdata) for .constdata
    __printf_ss.o(.text) refers to _printf_percent.o(.ARM.Collect$$_printf_percent$$00000000) for _printf_percent
    __printf_flags_ss.o(.text) refers to _printf_percent.o(.ARM.Collect$$_printf_percent$$00000000) for _printf_percent
    __printf_flags_ss.o(.text) refers to __printf_flags_ss.o(.constdata) for .constdata
    __printf_wp.o(.text) refers to __printf_wp.o(i._is_digit) for _is_digit
    __printf_wp.o(.text) refers to _printf_percent.o(.ARM.Collect$$_printf_percent$$00000000) for _printf_percent
    __printf_flags_wp.o(.text) refers to __printf_wp.o(i._is_digit) for _is_digit
    __printf_flags_wp.o(.text) refers to _printf_percent.o(.ARM.Collect$$_printf_percent$$00000000) for _printf_percent
    __printf_flags_wp.o(.text) refers to __printf_flags_wp.o(.constdata) for .constdata
    __printf_ss_wp.o(.text) refers to __printf_wp.o(i._is_digit) for _is_digit
    __printf_ss_wp.o(.text) refers to _printf_percent.o(.ARM.Collect$$_printf_percent$$00000000) for _printf_percent
    __printf_flags_ss_wp.o(.text) refers to __printf_wp.o(i._is_digit) for _is_digit
    __printf_flags_ss_wp.o(.text) refers to _printf_percent.o(.ARM.Collect$$_printf_percent$$00000000) for _printf_percent
    __printf_flags_ss_wp.o(.text) refers to __printf_flags_ss_wp.o(.constdata) for .constdata
    _printf_d.o(.ARM.Collect$$_printf_percent$$00000009) refers (Weak) to _printf_dec.o(.text) for _printf_int_dec
    _printf_percent.o(.ARM.Collect$$_printf_percent$$00000000) refers (Special) to _printf_percent_end.o(.ARM.Collect$$_printf_percent$$00000017) for _printf_percent_end
    __main.o(!!!main) refers to __rtentry.o(.ARM.Collect$$rtentry$$00000000) for __rt_entry
    __rtentry.o(.ARM.Collect$$rtentry$$00000000) refers (Special) to __rtentry2.o(.ARM.Collect$$rtentry$$0000000A) for __rt_entry_li
    __rtentry.o(.ARM.Collect$$rtentry$$00000000) refers (Special) to __rtentry2.o(.ARM.Collect$$rtentry$$0000000D) for __rt_entry_main
    __rtentry.o(.ARM.Collect$$rtentry$$00000000) refers (Special) to __rtentry2.o(.ARM.Collect$$rtentry$$0000000C) for __rt_entry_postli_1
    __rtentry.o(.ARM.Collect$$rtentry$$00000000) refers (Special) to __rtentry2.o(.ARM.Collect$$rtentry$$00000009) for __rt_entry_postsh_1
    __rtentry.o(.ARM.Collect$$rtentry$$00000000) refers (Special) to __rtentry2.o(.ARM.Collect$$rtentry$$00000002) for __rt_entry_presh_1
    __rtentry.o(.ARM.Collect$$rtentry$$00000000) refers (Special) to __rtentry4.o(.ARM.Collect$$rtentry$$00000004) for __rt_entry_sh
    _printf_intcommon.o(.text) refers (Weak) to _printf_pad.o(.text) for _printf_pre_padding
    _printf_intcommon.o(.text) refers (Weak) to _printf_pad.o(.text) for _printf_pre_padding
    _printf_intcommon.o(.text) refers (Weak) to _printf_pad.o(.text) for _printf_post_padding
    _printf_char_common.o(.text) refers to __printf_wp.o(.text) for __printf
    __rtentry2.o(.ARM.Collect$$rtentry$$00000008) refers to boardinit2.o(.text) for _platform_post_stackheap_init
    __rtentry2.o(.ARM.Collect$$rtentry$$0000000A) refers to libinit.o(.ARM.Collect$$libinit$$00000000) for __rt_lib_init
    __rtentry2.o(.ARM.Collect$$rtentry$$0000000B) refers to boardinit3.o(.text) for _platform_post_lib_init
    __rtentry2.o(.ARM.Collect$$rtentry$$0000000D) refers to main.o(i.main) for main
    __rtentry2.o(.ARM.Collect$$rtentry$$0000000D) refers to exit.o(.text) for exit
    __rtentry2.o(.ARM.exidx) refers to __rtentry2.o(.ARM.Collect$$rtentry$$00000001) for .ARM.Collect$$rtentry$$00000001
    __rtentry2.o(.ARM.exidx) refers to __rtentry2.o(.ARM.Collect$$rtentry$$00000008) for .ARM.Collect$$rtentry$$00000008
    __rtentry2.o(.ARM.exidx) refers to __rtentry2.o(.ARM.Collect$$rtentry$$0000000A) for .ARM.Collect$$rtentry$$0000000A
    __rtentry2.o(.ARM.exidx) refers to __rtentry2.o(.ARM.Collect$$rtentry$$0000000B) for .ARM.Collect$$rtentry$$0000000B
    __rtentry2.o(.ARM.exidx) refers to __rtentry2.o(.ARM.Collect$$rtentry$$0000000D) for .ARM.Collect$$rtentry$$0000000D
    __rtentry4.o(.ARM.Collect$$rtentry$$00000004) refers to sys_stackheap_outer.o(.text) for __user_setup_stackheap
    __rtentry4.o(.ARM.exidx) refers to __rtentry4.o(.ARM.Collect$$rtentry$$00000004) for .ARM.Collect$$rtentry$$00000004
    sys_stackheap_outer.o(.text) refers to libspace.o(.text) for __user_perproc_libspace
    sys_stackheap_outer.o(.text) refers to startup_mdr1901vc1t.o(.text) for __user_initial_stackheap
    exit.o(.text) refers to rtexit.o(.ARM.Collect$$rtexit$$00000000) for __rt_exit
    libinit.o(.ARM.Collect$$libinit$$00000000) refers (Special) to libinit2.o(.ARM.Collect$$libinit$$0000002E) for __rt_lib_init_alloca_1
    libinit.o(.ARM.Collect$$libinit$$00000000) refers (Special) to libinit2.o(.ARM.Collect$$libinit$$0000002C) for __rt_lib_init_argv_1
    libinit.o(.ARM.Collect$$libinit$$00000000) refers (Special) to libinit2.o(.ARM.Collect$$libinit$$0000001B) for __rt_lib_init_atexit_1
    libinit.o(.ARM.Collect$$libinit$$00000000) refers (Special) to libinit2.o(.ARM.Collect$$libinit$$00000021) for __rt_lib_init_clock_1
    libinit.o(.ARM.Collect$$libinit$$00000000) refers (Special) to libinit2.o(.ARM.Collect$$libinit$$00000032) for __rt_lib_init_cpp_1
    libinit.o(.ARM.Collect$$libinit$$00000000) refers (Special) to libinit2.o(.ARM.Collect$$libinit$$00000030) for __rt_lib_init_exceptions_1
    libinit.o(.ARM.Collect$$libinit$$00000000) refers (Special) to libinit2.o(.ARM.Collect$$libinit$$00000002) for __rt_lib_init_fp_1
    libinit.o(.ARM.Collect$$libinit$$00000000) refers (Special) to libinit2.o(.ARM.Collect$$libinit$$0000001F) for __rt_lib_init_fp_trap_1
    libinit.o(.ARM.Collect$$libinit$$00000000) refers (Special) to libinit2.o(.ARM.Collect$$libinit$$00000023) for __rt_lib_init_getenv_1
    libinit.o(.ARM.Collect$$libinit$$00000000) refers (Special) to libinit2.o(.ARM.Collect$$libinit$$0000000A) for __rt_lib_init_heap_1
    libinit.o(.ARM.Collect$$libinit$$00000000) refers (Special) to libinit2.o(.ARM.Collect$$libinit$$00000011) for __rt_lib_init_lc_collate_1
    libinit.o(.ARM.Collect$$libinit$$00000000) refers (Special) to libinit2.o(.ARM.Collect$$libinit$$00000013) for __rt_lib_init_lc_ctype_1
    libinit.o(.ARM.Collect$$libinit$$00000000) refers (Special) to libinit2.o(.ARM.Collect$$libinit$$00000015) for __rt_lib_init_lc_monetary_1
    libinit.o(.ARM.Collect$$libinit$$00000000) refers (Special) to libinit2.o(.ARM.Collect$$libinit$$00000017) for __rt_lib_init_lc_numeric_1
    libinit.o(.ARM.Collect$$libinit$$00000000) refers (Special) to libinit2.o(.ARM.Collect$$libinit$$00000019) for __rt_lib_init_lc_time_1
    libinit.o(.ARM.Collect$$libinit$$00000000) refers (Special) to libinit2.o(.ARM.Collect$$libinit$$00000004) for __rt_lib_init_preinit_1
    libinit.o(.ARM.Collect$$libinit$$00000000) refers (Special) to libinit2.o(.ARM.Collect$$libinit$$0000000E) for __rt_lib_init_rand_1
    libinit.o(.ARM.Collect$$libinit$$00000000) refers (Special) to libinit2.o(.ARM.Collect$$libinit$$00000033) for __rt_lib_init_return
    libinit.o(.ARM.Collect$$libinit$$00000000) refers (Special) to libinit2.o(.ARM.Collect$$libinit$$0000001D) for __rt_lib_init_signal_1
    libinit.o(.ARM.Collect$$libinit$$00000000) refers (Special) to libinit2.o(.ARM.Collect$$libinit$$00000025) for __rt_lib_init_stdio_1
    libinit.o(.ARM.Collect$$libinit$$00000000) refers (Special) to libinit2.o(.ARM.Collect$$libinit$$0000000C) for __rt_lib_init_user_alloc_1
    libspace.o(.text) refers to libspace.o(.bss) for __libspace_start
    rtexit.o(.ARM.Collect$$rtexit$$00000000) refers (Special) to rtexit2.o(.ARM.Collect$$rtexit$$00000004) for __rt_exit_exit
    rtexit.o(.ARM.Collect$$rtexit$$00000000) refers (Special) to rtexit2.o(.ARM.Collect$$rtexit$$00000003) for __rt_exit_ls
    rtexit.o(.ARM.Collect$$rtexit$$00000000) refers (Special) to rtexit2.o(.ARM.Collect$$rtexit$$00000002) for __rt_exit_prels_1
    rtexit.o(.ARM.exidx) refers (Special) to rtexit2.o(.ARM.Collect$$rtexit$$00000004) for __rt_exit_exit
    rtexit.o(.ARM.exidx) refers (Special) to rtexit2.o(.ARM.Collect$$rtexit$$00000003) for __rt_exit_ls
    rtexit.o(.ARM.exidx) refers (Special) to rtexit2.o(.ARM.Collect$$rtexit$$00000002) for __rt_exit_prels_1
    rtexit.o(.ARM.exidx) refers to rtexit.o(.ARM.Collect$$rtexit$$00000000) for .ARM.Collect$$rtexit$$00000000
    libinit2.o(.ARM.Collect$$libinit$$00000010) refers to libinit2.o(.ARM.Collect$$libinit$$0000000F) for .ARM.Collect$$libinit$$0000000F
    libinit2.o(.ARM.Collect$$libinit$$00000012) refers to libinit2.o(.ARM.Collect$$libinit$$0000000F) for .ARM.Collect$$libinit$$0000000F
    libinit2.o(.ARM.Collect$$libinit$$00000014) refers to libinit2.o(.ARM.Collect$$libinit$$0000000F) for .ARM.Collect$$libinit$$0000000F
    libinit2.o(.ARM.Collect$$libinit$$00000016) refers to libinit2.o(.ARM.Collect$$libinit$$0000000F) for .ARM.Collect$$libinit$$0000000F
    libinit2.o(.ARM.Collect$$libinit$$00000018) refers to libinit2.o(.ARM.Collect$$libinit$$0000000F) for .ARM.Collect$$libinit$$0000000F
    libinit2.o(.ARM.Collect$$libinit$$00000026) refers to argv_veneer.o(.emb_text) for __ARM_argv_veneer
    libinit2.o(.ARM.Collect$$libinit$$00000027) refers to argv_veneer.o(.emb_text) for __ARM_argv_veneer
    rtexit2.o(.ARM.Collect$$rtexit$$00000003) refers to libshutdown.o(.ARM.Collect$$libshutdown$$00000000) for __rt_lib_shutdown
    rtexit2.o(.ARM.Collect$$rtexit$$00000004) refers to sys_exit.o(.text) for _sys_exit
    rtexit2.o(.ARM.exidx) refers to rtexit2.o(.ARM.Collect$$rtexit$$00000001) for .ARM.Collect$$rtexit$$00000001
    rtexit2.o(.ARM.exidx) refers to rtexit2.o(.ARM.Collect$$rtexit$$00000003) for .ARM.Collect$$rtexit$$00000003
    rtexit2.o(.ARM.exidx) refers to rtexit2.o(.ARM.Collect$$rtexit$$00000004) for .ARM.Collect$$rtexit$$00000004
    argv_veneer.o(.emb_text) refers to no_argv.o(.text) for __ARM_get_argv
    sys_exit.o(.text) refers (Special) to use_no_semi.o(.text) for __I$use$semihosting
    sys_exit.o(.text) refers (Special) to indicate_semi.o(.text) for __semihosting_library_function
    _get_argv_nomalloc.o(.text) refers (Special) to hrguard.o(.text) for __heap_region$guard
    _get_argv_nomalloc.o(.text) refers to defsig_rtmem_outer.o(.text) for __rt_SIGRTMEM
    _get_argv_nomalloc.o(.text) refers to sys_command.o(.text) for _sys_command_string
    libshutdown.o(.ARM.Collect$$libshutdown$$00000000) refers (Special) to libshutdown2.o(.ARM.Collect$$libshutdown$$00000004) for __rt_lib_shutdown_cpp_1
    libshutdown.o(.ARM.Collect$$libshutdown$$00000000) refers (Special) to libshutdown2.o(.ARM.Collect$$libshutdown$$00000002) for __rt_lib_shutdown_fini_1
    libshutdown.o(.ARM.Collect$$libshutdown$$00000000) refers (Special) to libshutdown2.o(.ARM.Collect$$libshutdown$$00000009) for __rt_lib_shutdown_fp_trap_1
    libshutdown.o(.ARM.Collect$$libshutdown$$00000000) refers (Special) to libshutdown2.o(.ARM.Collect$$libshutdown$$00000011) for __rt_lib_shutdown_heap_1
    libshutdown.o(.ARM.Collect$$libshutdown$$00000000) refers (Special) to libshutdown2.o(.ARM.Collect$$libshutdown$$00000012) for __rt_lib_shutdown_return
    libshutdown.o(.ARM.Collect$$libshutdown$$00000000) refers (Special) to libshutdown2.o(.ARM.Collect$$libshutdown$$0000000C) for __rt_lib_shutdown_signal_1
    libshutdown.o(.ARM.Collect$$libshutdown$$00000000) refers (Special) to libshutdown2.o(.ARM.Collect$$libshutdown$$00000006) for __rt_lib_shutdown_stdio_1
    libshutdown.o(.ARM.Collect$$libshutdown$$00000000) refers (Special) to libshutdown2.o(.ARM.Collect$$libshutdown$$0000000E) for __rt_lib_shutdown_user_alloc_1
    sys_command.o(.text) refers (Special) to use_no_semi.o(.text) for __I$use$semihosting
    sys_command.o(.text) refers (Special) to indicate_semi.o(.text) for __semihosting_library_function
    defsig_rtmem_outer.o(.text) refers to defsig_rtmem_inner.o(.text) for __rt_SIGRTMEM_inner
    defsig_rtmem_outer.o(.text) refers to defsig_exit.o(.text) for __sig_exit
    defsig_rtmem_formal.o(.text) refers to rt_raise.o(.text) for __rt_raise
    rt_raise.o(.text) refers to __raise.o(.text) for __raise
    rt_raise.o(.text) refers to sys_exit.o(.text) for _sys_exit
    defsig_exit.o(.text) refers to sys_exit.o(.text) for _sys_exit
    defsig_rtmem_inner.o(.text) refers to defsig_general.o(.text) for __default_signal_display
    __raise.o(.text) refers to defsig.o(CL$$defsig) for __default_signal_handler
    defsig_general.o(.text) refers to sys_wrch.o(.text) for _ttywrch
    sys_wrch.o(.text) refers (Special) to use_no_semi.o(.text) for __I$use$semihosting
    sys_wrch.o(.text) refers (Special) to indicate_semi.o(.text) for __semihosting_library_function
    defsig.o(CL$$defsig) refers to defsig_rtmem_inner.o(.text) for __rt_SIGRTMEM_inner
    defsig_abrt_inner.o(.text) refers to defsig_general.o(.text) for __default_signal_display
    defsig_fpe_inner.o(.text) refers to defsig_general.o(.text) for __default_signal_display
    defsig_rtred_inner.o(.text) refers to defsig_general.o(.text) for __default_signal_display
    defsig_stak_inner.o(.text) refers to defsig_general.o(.text) for __default_signal_display
    defsig_pvfn_inner.o(.text) refers to defsig_general.o(.text) for __default_signal_display
    defsig_cppl_inner.o(.text) refers to defsig_general.o(.text) for __default_signal_display
    defsig_segv_inner.o(.text) refers to defsig_general.o(.text) for __default_signal_display
    defsig_other.o(.text) refers to defsig_general.o(.text) for __default_signal_display


==============================================================================

Removing Unused input sections from the image.

    Removing main.o(.rev16_text), (4 bytes).
    Removing main.o(.revsh_text), (4 bytes).
    Removing main.o(.rrx_text), (6 bytes).
    Removing main.o(.constdata), (1792 bytes).
    Removing ulcd_func.o(.rev16_text), (4 bytes).
    Removing ulcd_func.o(.revsh_text), (4 bytes).
    Removing ulcd_func.o(.rrx_text), (6 bytes).
    Removing ulcd_func.o(i.m_MLT_Disp_Off), (168 bytes).
    Removing ulcd_func.o(i.m_MLT_Put_Image), (140 bytes).
    Removing ulcd_func.o(i.m_MLT_Read_Data), (172 bytes).
    Removing ulcd_func.o(i.m_MLT_Scroll_String), (148 bytes).
    Removing ulcd_func.o(.conststring), (16 bytes).
    Removing ulcd_func.o(.data), (4 bytes).
    Removing uuart_func.o(.rev16_text), (4 bytes).
    Removing uuart_func.o(.revsh_text), (4 bytes).
    Removing uuart_func.o(.rrx_text), (6 bytes).
    Removing urst_clk_init.o(.rev16_text), (4 bytes).
    Removing urst_clk_init.o(.revsh_text), (4 bytes).
    Removing urst_clk_init.o(.rrx_text), (6 bytes).
    Removing utimer_init.o(.rev16_text), (4 bytes).
    Removing utimer_init.o(.revsh_text), (4 bytes).
    Removing utimer_init.o(.rrx_text), (6 bytes).
    Removing u_led_func.o(.rev16_text), (4 bytes).
    Removing u_led_func.o(.revsh_text), (4 bytes).
    Removing u_led_func.o(.rrx_text), (6 bytes).
    Removing u_led_func.o(i.m_LED_off), (20 bytes).
    Removing u_led_func.o(i.m_LED_on), (20 bytes).
    Removing system_mdr1901vc1t.o(.rev16_text), (4 bytes).
    Removing system_mdr1901vc1t.o(.revsh_text), (4 bytes).
    Removing system_mdr1901vc1t.o(.rrx_text), (6 bytes).
    Removing mdr32f9qx_port.o(.rev16_text), (4 bytes).
    Removing mdr32f9qx_port.o(.revsh_text), (4 bytes).
    Removing mdr32f9qx_port.o(.rrx_text), (6 bytes).
    Removing mdr32f9qx_port.o(i.PORT_DeInit), (20 bytes).
    Removing mdr32f9qx_port.o(i.PORT_ReadInputDataBit), (16 bytes).
    Removing mdr32f9qx_port.o(i.PORT_WriteBit), (52 bytes).
    Removing mdr32f9qx_rst_clk.o(.rev16_text), (4 bytes).
    Removing mdr32f9qx_rst_clk.o(.revsh_text), (4 bytes).
    Removing mdr32f9qx_rst_clk.o(.rrx_text), (6 bytes).
    Removing mdr32f9qx_rst_clk.o(i.RST_CLK_ADCclkEnable), (12 bytes).
    Removing mdr32f9qx_rst_clk.o(i.RST_CLK_ADCclkPrescaler), (24 bytes).
    Removing mdr32f9qx_rst_clk.o(i.RST_CLK_ADCclkSelection), (20 bytes).
    Removing mdr32f9qx_rst_clk.o(i.RST_CLK_AUCclkCMD), (32 bytes).
    Removing mdr32f9qx_rst_clk.o(i.RST_CLK_AUCclkDeInit), (24 bytes).
    Removing mdr32f9qx_rst_clk.o(i.RST_CLK_AUCclkPrescaler), (24 bytes).
    Removing mdr32f9qx_rst_clk.o(i.RST_CLK_AUCclkSelection), (24 bytes).
    Removing mdr32f9qx_rst_clk.o(i.RST_CLK_CPU_PLLcmd), (12 bytes).
    Removing mdr32f9qx_rst_clk.o(i.RST_CLK_CPU_PLLconfig), (64 bytes).
    Removing mdr32f9qx_rst_clk.o(i.RST_CLK_CPU_PLLstatus), (52 bytes).
    Removing mdr32f9qx_rst_clk.o(i.RST_CLK_CPU_PLLuse), (12 bytes).
    Removing mdr32f9qx_rst_clk.o(i.RST_CLK_CPUclkPrescaler), (24 bytes).
    Removing mdr32f9qx_rst_clk.o(i.RST_CLK_CPUclkSelection), (20 bytes).
    Removing mdr32f9qx_rst_clk.o(i.RST_CLK_CPUclkSelectionC1), (20 bytes).
    Removing mdr32f9qx_rst_clk.o(i.RST_CLK_DSPCmd), (12 bytes).
    Removing mdr32f9qx_rst_clk.o(i.RST_CLK_DSPPLLConfig), (52 bytes).
    Removing mdr32f9qx_rst_clk.o(i.RST_CLK_DSPPLL_CMD), (12 bytes).
    Removing mdr32f9qx_rst_clk.o(i.RST_CLK_DSPPrescaler), (12 bytes).
    Removing mdr32f9qx_rst_clk.o(i.RST_CLK_DSP_PLLStatus), (52 bytes).
    Removing mdr32f9qx_rst_clk.o(i.RST_CLK_DSP_PLLUse), (12 bytes).
    Removing mdr32f9qx_rst_clk.o(i.RST_CLK_DSP_Selection), (20 bytes).
    Removing mdr32f9qx_rst_clk.o(i.RST_CLK_DeInit), (44 bytes).
    Removing mdr32f9qx_rst_clk.o(i.RST_CLK_GetFlagStatus), (52 bytes).
    Removing mdr32f9qx_rst_clk.o(i.RST_CLK_HSEclkPrescaler), (20 bytes).
    Removing mdr32f9qx_rst_clk.o(i.RST_CLK_HSEconfig), (60 bytes).
    Removing mdr32f9qx_rst_clk.o(i.RST_CLK_HSEstatus), (52 bytes).
    Removing mdr32f9qx_rst_clk.o(i.RST_CLK_HSIadjust), (24 bytes).
    Removing mdr32f9qx_rst_clk.o(i.RST_CLK_HSIclkPrescaler), (24 bytes).
    Removing mdr32f9qx_rst_clk.o(i.RST_CLK_HSIcmd), (12 bytes).
    Removing mdr32f9qx_rst_clk.o(i.RST_CLK_HSIstatus), (52 bytes).
    Removing mdr32f9qx_rst_clk.o(i.RST_CLK_LSEconfig), (60 bytes).
    Removing mdr32f9qx_rst_clk.o(i.RST_CLK_LSEstatus), (52 bytes).
    Removing mdr32f9qx_rst_clk.o(i.RST_CLK_LSIadjust), (24 bytes).
    Removing mdr32f9qx_rst_clk.o(i.RST_CLK_LSIcmd), (12 bytes).
    Removing mdr32f9qx_rst_clk.o(i.RST_CLK_LSIstatus), (52 bytes).
    Removing mdr32f9qx_rst_clk.o(i.RST_CLK_PCLKcmd), (32 bytes).
    Removing mdr32f9qx_rst_clk.o(i.RST_CLK_RTC_HSEclkEnable), (12 bytes).
    Removing mdr32f9qx_rst_clk.o(i.RST_CLK_RTC_HSIclkEnable), (12 bytes).
    Removing mdr32f9qx_rst_clk.o(i.RST_CLK_USB_PLLcmd), (12 bytes).
    Removing mdr32f9qx_rst_clk.o(i.RST_CLK_USB_PLLconfig), (64 bytes).
    Removing mdr32f9qx_rst_clk.o(i.RST_CLK_USB_PLLstatus), (52 bytes).
    Removing mdr32f9qx_rst_clk.o(i.RST_CLK_USB_PLLuse), (12 bytes).
    Removing mdr32f9qx_rst_clk.o(i.RST_CLK_USBclkEnable), (12 bytes).
    Removing mdr32f9qx_rst_clk.o(i.RST_CLK_USBclkPrescaler), (12 bytes).
    Removing mdr32f9qx_rst_clk.o(i.RST_CLK_WarmDeInit), (124 bytes).
    Removing mdr32f9qx_timer.o(.rev16_text), (4 bytes).
    Removing mdr32f9qx_timer.o(.revsh_text), (4 bytes).
    Removing mdr32f9qx_timer.o(.rrx_text), (6 bytes).
    Removing mdr32f9qx_timer.o(i.TIMER_BRKPolarityConfig), (14 bytes).
    Removing mdr32f9qx_timer.o(i.TIMER_ChnBRKResetConfig), (24 bytes).
    Removing mdr32f9qx_timer.o(i.TIMER_ChnCCR1_Cmd), (30 bytes).
    Removing mdr32f9qx_timer.o(i.TIMER_ChnCCR1_EventSourceConfig), (24 bytes).
    Removing mdr32f9qx_timer.o(i.TIMER_ChnCapturePrescalerConfig), (26 bytes).
    Removing mdr32f9qx_timer.o(i.TIMER_ChnCompare1Config), (32 bytes).
    Removing mdr32f9qx_timer.o(i.TIMER_ChnCompareConfig), (32 bytes).
    Removing mdr32f9qx_timer.o(i.TIMER_ChnETRResetConfig), (24 bytes).
    Removing mdr32f9qx_timer.o(i.TIMER_ChnETR_Cmd), (30 bytes).
    Removing mdr32f9qx_timer.o(i.TIMER_ChnEventSourceConfig), (24 bytes).
    Removing mdr32f9qx_timer.o(i.TIMER_ChnFilterConfig), (24 bytes).
    Removing mdr32f9qx_timer.o(i.TIMER_ChnInit), (70 bytes).
    Removing mdr32f9qx_timer.o(i.TIMER_ChnNOutConfig), (36 bytes).
    Removing mdr32f9qx_timer.o(i.TIMER_ChnNOutModeConfig), (26 bytes).
    Removing mdr32f9qx_timer.o(i.TIMER_ChnNOutPolarityConfig), (26 bytes).
    Removing mdr32f9qx_timer.o(i.TIMER_ChnNOutSourceConfig), (26 bytes).
    Removing mdr32f9qx_timer.o(i.TIMER_ChnOutConfig), (34 bytes).
    Removing mdr32f9qx_timer.o(i.TIMER_ChnOutDTGConfig), (20 bytes).
    Removing mdr32f9qx_timer.o(i.TIMER_ChnOutInit), (66 bytes).
    Removing mdr32f9qx_timer.o(i.TIMER_ChnOutModeConfig), (24 bytes).
    Removing mdr32f9qx_timer.o(i.TIMER_ChnOutPolarityConfig), (26 bytes).
    Removing mdr32f9qx_timer.o(i.TIMER_ChnOutSourceConfig), (26 bytes).
    Removing mdr32f9qx_timer.o(i.TIMER_ChnOutStructInit), (22 bytes).
    Removing mdr32f9qx_timer.o(i.TIMER_ChnREFFormatConfig), (24 bytes).
    Removing mdr32f9qx_timer.o(i.TIMER_ChnStructInit), (28 bytes).
    Removing mdr32f9qx_timer.o(i.TIMER_CntAutoreloadConfig), (18 bytes).
    Removing mdr32f9qx_timer.o(i.TIMER_CntEventSourceConfig), (14 bytes).
    Removing mdr32f9qx_timer.o(i.TIMER_CntStructInit), (28 bytes).
    Removing mdr32f9qx_timer.o(i.TIMER_CounterModeConfig), (14 bytes).
    Removing mdr32f9qx_timer.o(i.TIMER_DMACmd), (18 bytes).
    Removing mdr32f9qx_timer.o(i.TIMER_ETRFilterConfig), (16 bytes).
    Removing mdr32f9qx_timer.o(i.TIMER_ETRInputConfig), (22 bytes).
    Removing mdr32f9qx_timer.o(i.TIMER_ETRPolarityConfig), (14 bytes).
    Removing mdr32f9qx_timer.o(i.TIMER_ETRPrescalerConfig), (14 bytes).
    Removing mdr32f9qx_timer.o(i.TIMER_FilterSamplingConfig), (14 bytes).
    Removing mdr32f9qx_timer.o(i.TIMER_GetChnCapture), (18 bytes).
    Removing mdr32f9qx_timer.o(i.TIMER_GetChnCapture1), (18 bytes).
    Removing mdr32f9qx_timer.o(i.TIMER_GetChnWriteComplete), (28 bytes).
    Removing mdr32f9qx_timer.o(i.TIMER_GetCntAutoreload), (8 bytes).
    Removing mdr32f9qx_timer.o(i.TIMER_GetCntPrescaler), (8 bytes).
    Removing mdr32f9qx_timer.o(i.TIMER_GetCntWriteComplete), (18 bytes).
    Removing mdr32f9qx_timer.o(i.TIMER_GetCounter), (8 bytes).
    Removing mdr32f9qx_timer.o(i.TIMER_GetCounterDirection), (18 bytes).
    Removing mdr32f9qx_timer.o(i.TIMER_GetFlagStatus), (16 bytes).
    Removing mdr32f9qx_timer.o(i.TIMER_GetStatus), (6 bytes).
    Removing mdr32f9qx_timer.o(i.TIMER_SetChnCompare), (14 bytes).
    Removing mdr32f9qx_timer.o(i.TIMER_SetChnCompare1), (14 bytes).
    Removing mdr32f9qx_timer.o(i.TIMER_SetCntAutoreload), (4 bytes).
    Removing mdr32f9qx_timer.o(i.TIMER_SetCntPrescaler), (4 bytes).
    Removing mdr32f9qx_timer.o(i.TIMER_SetCounter), (4 bytes).
    Removing mdr32f9qx_timer.o(i.TIMER_SetCounterDirection), (14 bytes).
    Removing mdr32f9qx_uart.o(.rev16_text), (4 bytes).
    Removing mdr32f9qx_uart.o(.revsh_text), (4 bytes).
    Removing mdr32f9qx_uart.o(.rrx_text), (6 bytes).
    Removing mdr32f9qx_uart.o(i.UART_BreakLine), (24 bytes).
    Removing mdr32f9qx_uart.o(i.UART_ClearITPendingBit), (8 bytes).
    Removing mdr32f9qx_uart.o(i.UART_DMACmd), (24 bytes).
    Removing mdr32f9qx_uart.o(i.UART_DMAConfig), (8 bytes).
    Removing mdr32f9qx_uart.o(i.UART_GetFlagStatus), (16 bytes).
    Removing mdr32f9qx_uart.o(i.UART_GetITStatus), (18 bytes).
    Removing mdr32f9qx_uart.o(i.UART_GetITStatusMasked), (16 bytes).
    Removing mdr32f9qx_uart.o(i.UART_IrDACmd), (24 bytes).
    Removing mdr32f9qx_uart.o(i.UART_IrDAConfig), (40 bytes).
    Removing mdr32f9qx_uart.o(i.UART_ReceiveData), (8 bytes).
    Removing mdr32f9qx_uart.o(i.UART_SendData), (4 bytes).
    Removing mdr32f9qx_uart.o(i.UART_StructInit), (24 bytes).

153 unused section(s) (total 5466 bytes) removed from the image.

==============================================================================

Image Symbol Table

    Local Symbols

    Symbol Name                              Value     Ov Type        Size  Object(Section)

    ../clib/angel/boardlib.s                 0x00000000   Number         0  boardinit2.o ABSOLUTE
    ../clib/angel/boardlib.s                 0x00000000   Number         0  boardinit1.o ABSOLUTE
    ../clib/angel/boardlib.s                 0x00000000   Number         0  boardshut.o ABSOLUTE
    ../clib/angel/boardlib.s                 0x00000000   Number         0  boardinit3.o ABSOLUTE
    ../clib/angel/handlers.s                 0x00000000   Number         0  __scatter_zi.o ABSOLUTE
    ../clib/angel/handlers.s                 0x00000000   Number         0  __scatter_copy.o ABSOLUTE
    ../clib/angel/kernel.s                   0x00000000   Number         0  __rtentry.o ABSOLUTE
    ../clib/angel/kernel.s                   0x00000000   Number         0  __rtentry4.o ABSOLUTE
    ../clib/angel/kernel.s                   0x00000000   Number         0  __rtentry2.o ABSOLUTE
    ../clib/angel/kernel.s                   0x00000000   Number         0  rtexit2.o ABSOLUTE
    ../clib/angel/kernel.s                   0x00000000   Number         0  rtexit.o ABSOLUTE
    ../clib/angel/rt.s                       0x00000000   Number         0  rt_raise.o ABSOLUTE
    ../clib/angel/scatter.s                  0x00000000   Number         0  __scatter.o ABSOLUTE
    ../clib/angel/startup.s                  0x00000000   Number         0  __main.o ABSOLUTE
    ../clib/angel/sys.s                      0x00000000   Number         0  sys_stackheap_outer.o ABSOLUTE
    ../clib/angel/sys.s                      0x00000000   Number         0  indicate_semi.o ABSOLUTE
    ../clib/angel/sys.s                      0x00000000   Number         0  use_no_semi.o ABSOLUTE
    ../clib/angel/sys.s                      0x00000000   Number         0  libspace.o ABSOLUTE
    ../clib/angel/sysapp.c                   0x00000000   Number         0  sys_exit.o ABSOLUTE
    ../clib/angel/sysapp.c                   0x00000000   Number         0  sys_command.o ABSOLUTE
    ../clib/angel/sysapp.c                   0x00000000   Number         0  sys_wrch.o ABSOLUTE
    ../clib/armsys.c                         0x00000000   Number         0  _get_argv_nomalloc.o ABSOLUTE
    ../clib/armsys.c                         0x00000000   Number         0  no_argv.o ABSOLUTE
    ../clib/armsys.c                         0x00000000   Number         0  argv_veneer.o ABSOLUTE
    ../clib/armsys.c                         0x00000000   Number         0  argv_veneer.o ABSOLUTE
    ../clib/heapalloc.c                      0x00000000   Number         0  hrguard.o ABSOLUTE
    ../clib/heapaux.c                        0x00000000   Number         0  heapauxi.o ABSOLUTE
    ../clib/libinit.s                        0x00000000   Number         0  libinit.o ABSOLUTE
    ../clib/libinit.s                        0x00000000   Number         0  libshutdown.o ABSOLUTE
    ../clib/libinit.s                        0x00000000   Number         0  libinit2.o ABSOLUTE
    ../clib/libinit.s                        0x00000000   Number         0  libshutdown2.o ABSOLUTE
    ../clib/misc.s                           0x00000000   Number         0  printf_stubs.o ABSOLUTE
    ../clib/printf.c                         0x00000000   Number         0  __printf_flags_ss.o ABSOLUTE
    ../clib/printf.c                         0x00000000   Number         0  __printf_flags_wp.o ABSOLUTE
    ../clib/printf.c                         0x00000000   Number         0  noretval__2sprintf.o ABSOLUTE
    ../clib/printf.c                         0x00000000   Number         0  __2sprintf.o ABSOLUTE
    ../clib/printf.c                         0x00000000   Number         0  __printf_flags_ss_wp.o ABSOLUTE
    ../clib/printf.c                         0x00000000   Number         0  _printf_pad.o ABSOLUTE
    ../clib/printf.c                         0x00000000   Number         0  _printf_char_common.o ABSOLUTE
    ../clib/printf.c                         0x00000000   Number         0  _sputc.o ABSOLUTE
    ../clib/printf.c                         0x00000000   Number         0  __printf_wp.o ABSOLUTE
    ../clib/printf.c                         0x00000000   Number         0  __printf_ss.o ABSOLUTE
    ../clib/printf.c                         0x00000000   Number         0  __printf_flags.o ABSOLUTE
    ../clib/printf.c                         0x00000000   Number         0  _printf_dec.o ABSOLUTE
    ../clib/printf.c                         0x00000000   Number         0  __printf.o ABSOLUTE
    ../clib/printf.c                         0x00000000   Number         0  _printf_intcommon.o ABSOLUTE
    ../clib/printf.c                         0x00000000   Number         0  __printf_nopercent.o ABSOLUTE
    ../clib/printf.c                         0x00000000   Number         0  __printf_ss_wp.o ABSOLUTE
    ../clib/printf_percent.s                 0x00000000   Number         0  _printf_percent.o ABSOLUTE
    ../clib/printf_percent.s                 0x00000000   Number         0  _printf_d.o ABSOLUTE
    ../clib/printf_percent.s                 0x00000000   Number         0  _printf_percent_end.o ABSOLUTE
    ../clib/signal.c                         0x00000000   Number         0  defsig_rtmem_formal.o ABSOLUTE
    ../clib/signal.c                         0x00000000   Number         0  defsig_stak_inner.o ABSOLUTE
    ../clib/signal.c                         0x00000000   Number         0  defsig_general.o ABSOLUTE
    ../clib/signal.c                         0x00000000   Number         0  defsig_rtred_inner.o ABSOLUTE
    ../clib/signal.c                         0x00000000   Number         0  defsig_fpe_inner.o ABSOLUTE
    ../clib/signal.c                         0x00000000   Number         0  defsig_exit.o ABSOLUTE
    ../clib/signal.c                         0x00000000   Number         0  defsig_abrt_inner.o ABSOLUTE
    ../clib/signal.c                         0x00000000   Number         0  defsig_rtmem_outer.o ABSOLUTE
    ../clib/signal.c                         0x00000000   Number         0  defsig_rtmem_inner.o ABSOLUTE
    ../clib/signal.c                         0x00000000   Number         0  __raise.o ABSOLUTE
    ../clib/signal.c                         0x00000000   Number         0  defsig_pvfn_inner.o ABSOLUTE
    ../clib/signal.c                         0x00000000   Number         0  defsig_cppl_inner.o ABSOLUTE
    ../clib/signal.c                         0x00000000   Number         0  defsig_segv_inner.o ABSOLUTE
    ../clib/signal.c                         0x00000000   Number         0  defsig_other.o ABSOLUTE
    ../clib/signal.s                         0x00000000   Number         0  defsig.o ABSOLUTE
    ../clib/stdlib.c                         0x00000000   Number         0  exit.o ABSOLUTE
    ../clib/string.c                         0x00000000   Number         0  strlen.o ABSOLUTE
    ../fplib/fpinit.s                        0x00000000   Number         0  fpinit.o ABSOLUTE
    C:\Users\user\AppData\Local\Arm\Packs\Keil\MDR1986BExx\2.0.3\Libraries\SPL\MDR32Fx\src\MDR32F9Qx_port.c 0x00000000   Number         0  mdr32f9qx_port.o ABSOLUTE
    C:\Users\user\AppData\Local\Arm\Packs\Keil\MDR1986BExx\2.0.3\Libraries\SPL\MDR32Fx\src\MDR32F9Qx_rst_clk.c 0x00000000   Number         0  mdr32f9qx_rst_clk.o ABSOLUTE
    C:\Users\user\AppData\Local\Arm\Packs\Keil\MDR1986BExx\2.0.3\Libraries\SPL\MDR32Fx\src\MDR32F9Qx_timer.c 0x00000000   Number         0  mdr32f9qx_timer.o ABSOLUTE
    C:\Users\user\AppData\Local\Arm\Packs\Keil\MDR1986BExx\2.0.3\Libraries\SPL\MDR32Fx\src\MDR32F9Qx_uart.c 0x00000000   Number         0  mdr32f9qx_uart.o ABSOLUTE
    C:\\Users\\user\\AppData\\Local\\Arm\\Packs\\Keil\\MDR1986BExx\\2.0.3\\Libraries\\SPL\\MDR32Fx\\src\\MDR32F9Qx_port.c 0x00000000   Number         0  mdr32f9qx_port.o ABSOLUTE
    C:\\Users\\user\\AppData\\Local\\Arm\\Packs\\Keil\\MDR1986BExx\\2.0.3\\Libraries\\SPL\\MDR32Fx\\src\\MDR32F9Qx_rst_clk.c 0x00000000   Number         0  mdr32f9qx_rst_clk.o ABSOLUTE
    C:\\Users\\user\\AppData\\Local\\Arm\\Packs\\Keil\\MDR1986BExx\\2.0.3\\Libraries\\SPL\\MDR32Fx\\src\\MDR32F9Qx_timer.c 0x00000000   Number         0  mdr32f9qx_timer.o ABSOLUTE
    C:\\Users\\user\\AppData\\Local\\Arm\\Packs\\Keil\\MDR1986BExx\\2.0.3\\Libraries\\SPL\\MDR32Fx\\src\\MDR32F9Qx_uart.c 0x00000000   Number         0  mdr32f9qx_uart.o ABSOLUTE
    RTE\Device\MDR1901VC1\startup_MDR1901VC1T.S 0x00000000   Number         0  startup_mdr1901vc1t.o ABSOLUTE
    RTE\Device\MDR1901VC1\system_MDR1901VC1T.c 0x00000000   Number         0  system_mdr1901vc1t.o ABSOLUTE
    RTE\\Device\\MDR1901VC1\\system_MDR1901VC1T.c 0x00000000   Number         0  system_mdr1901vc1t.o ABSOLUTE
    dc.s                                     0x00000000   Number         0  dc.o ABSOLUTE
    prj_files\\src\\main.c                   0x00000000   Number         0  main.o ABSOLUTE
    prj_files\\src\\uLCD_func.c              0x00000000   Number         0  ulcd_func.o ABSOLUTE
    prj_files\\src\\uRST_CLK_init.c          0x00000000   Number         0  urst_clk_init.o ABSOLUTE
    prj_files\\src\\uTimer_init.c            0x00000000   Number         0  utimer_init.o ABSOLUTE
    prj_files\\src\\uUART_func.c             0x00000000   Number         0  uuart_func.o ABSOLUTE
    prj_files\\src\\u_LED_func.c             0x00000000   Number         0  u_led_func.o ABSOLUTE
    prj_files\src\main.c                     0x00000000   Number         0  main.o ABSOLUTE
    prj_files\src\uLCD_func.c                0x00000000   Number         0  ulcd_func.o ABSOLUTE
    prj_files\src\uRST_CLK_init.c            0x00000000   Number         0  urst_clk_init.o ABSOLUTE
    prj_files\src\uTimer_init.c              0x00000000   Number         0  utimer_init.o ABSOLUTE
    prj_files\src\uUART_func.c               0x00000000   Number         0  uuart_func.o ABSOLUTE
    prj_files\src\u_LED_func.c               0x00000000   Number         0  u_led_func.o ABSOLUTE
    RESET                                    0x08000000   Section      192  startup_mdr1901vc1t.o(RESET)
    !!!main                                  0x080000c0   Section        8  __main.o(!!!main)
    !!!scatter                               0x080000c8   Section       52  __scatter.o(!!!scatter)
    !!handler_copy                           0x080000fc   Section       26  __scatter_copy.o(!!handler_copy)
    !!handler_zi                             0x08000118   Section       28  __scatter_zi.o(!!handler_zi)
    .ARM.Collect$$_printf_percent$$00000000  0x08000134   Section        0  _printf_percent.o(.ARM.Collect$$_printf_percent$$00000000)
    .ARM.Collect$$_printf_percent$$00000009  0x08000134   Section        6  _printf_d.o(.ARM.Collect$$_printf_percent$$00000009)
    .ARM.Collect$$_printf_percent$$00000017  0x0800013a   Section        4  _printf_percent_end.o(.ARM.Collect$$_printf_percent$$00000017)
    .ARM.Collect$$libinit$$00000000          0x0800013e   Section        2  libinit.o(.ARM.Collect$$libinit$$00000000)
    .ARM.Collect$$libinit$$00000002          0x08000140   Section        0  libinit2.o(.ARM.Collect$$libinit$$00000002)
    .ARM.Collect$$libinit$$00000004          0x08000140   Section        0  libinit2.o(.ARM.Collect$$libinit$$00000004)
    .ARM.Collect$$libinit$$0000000A          0x08000140   Section        0  libinit2.o(.ARM.Collect$$libinit$$0000000A)
    .ARM.Collect$$libinit$$0000000C          0x08000140   Section        0  libinit2.o(.ARM.Collect$$libinit$$0000000C)
    .ARM.Collect$$libinit$$0000000E          0x08000140   Section        0  libinit2.o(.ARM.Collect$$libinit$$0000000E)
    .ARM.Collect$$libinit$$00000011          0x08000140   Section        0  libinit2.o(.ARM.Collect$$libinit$$00000011)
    .ARM.Collect$$libinit$$00000013          0x08000140   Section        0  libinit2.o(.ARM.Collect$$libinit$$00000013)
    .ARM.Collect$$libinit$$00000015          0x08000140   Section        0  libinit2.o(.ARM.Collect$$libinit$$00000015)
    .ARM.Collect$$libinit$$00000017          0x08000140   Section        0  libinit2.o(.ARM.Collect$$libinit$$00000017)
    .ARM.Collect$$libinit$$00000019          0x08000140   Section        0  libinit2.o(.ARM.Collect$$libinit$$00000019)
    .ARM.Collect$$libinit$$0000001B          0x08000140   Section        0  libinit2.o(.ARM.Collect$$libinit$$0000001B)
    .ARM.Collect$$libinit$$0000001D          0x08000140   Section        0  libinit2.o(.ARM.Collect$$libinit$$0000001D)
    .ARM.Collect$$libinit$$0000001F          0x08000140   Section        0  libinit2.o(.ARM.Collect$$libinit$$0000001F)
    .ARM.Collect$$libinit$$00000021          0x08000140   Section        0  libinit2.o(.ARM.Collect$$libinit$$00000021)
    .ARM.Collect$$libinit$$00000023          0x08000140   Section        0  libinit2.o(.ARM.Collect$$libinit$$00000023)
    .ARM.Collect$$libinit$$00000025          0x08000140   Section        0  libinit2.o(.ARM.Collect$$libinit$$00000025)
    .ARM.Collect$$libinit$$0000002C          0x08000140   Section        0  libinit2.o(.ARM.Collect$$libinit$$0000002C)
    .ARM.Collect$$libinit$$0000002E          0x08000140   Section        0  libinit2.o(.ARM.Collect$$libinit$$0000002E)
    .ARM.Collect$$libinit$$00000030          0x08000140   Section        0  libinit2.o(.ARM.Collect$$libinit$$00000030)
    .ARM.Collect$$libinit$$00000032          0x08000140   Section        0  libinit2.o(.ARM.Collect$$libinit$$00000032)
    .ARM.Collect$$libinit$$00000033          0x08000140   Section        2  libinit2.o(.ARM.Collect$$libinit$$00000033)
    .ARM.Collect$$libshutdown$$00000000      0x08000142   Section        2  libshutdown.o(.ARM.Collect$$libshutdown$$00000000)
    .ARM.Collect$$libshutdown$$00000002      0x08000144   Section        0  libshutdown2.o(.ARM.Collect$$libshutdown$$00000002)
    .ARM.Collect$$libshutdown$$00000004      0x08000144   Section        0  libshutdown2.o(.ARM.Collect$$libshutdown$$00000004)
    .ARM.Collect$$libshutdown$$00000006      0x08000144   Section        0  libshutdown2.o(.ARM.Collect$$libshutdown$$00000006)
    .ARM.Collect$$libshutdown$$00000009      0x08000144   Section        0  libshutdown2.o(.ARM.Collect$$libshutdown$$00000009)
    .ARM.Collect$$libshutdown$$0000000C      0x08000144   Section        0  libshutdown2.o(.ARM.Collect$$libshutdown$$0000000C)
    .ARM.Collect$$libshutdown$$0000000E      0x08000144   Section        0  libshutdown2.o(.ARM.Collect$$libshutdown$$0000000E)
    .ARM.Collect$$libshutdown$$00000011      0x08000144   Section        0  libshutdown2.o(.ARM.Collect$$libshutdown$$00000011)
    .ARM.Collect$$libshutdown$$00000012      0x08000144   Section        2  libshutdown2.o(.ARM.Collect$$libshutdown$$00000012)
    .ARM.Collect$$rtentry$$00000000          0x08000146   Section        0  __rtentry.o(.ARM.Collect$$rtentry$$00000000)
    .ARM.Collect$$rtentry$$00000002          0x08000146   Section        0  __rtentry2.o(.ARM.Collect$$rtentry$$00000002)
    .ARM.Collect$$rtentry$$00000004          0x08000146   Section        6  __rtentry4.o(.ARM.Collect$$rtentry$$00000004)
    .ARM.Collect$$rtentry$$00000009          0x0800014c   Section        0  __rtentry2.o(.ARM.Collect$$rtentry$$00000009)
    .ARM.Collect$$rtentry$$0000000A          0x0800014c   Section        4  __rtentry2.o(.ARM.Collect$$rtentry$$0000000A)
    .ARM.Collect$$rtentry$$0000000C          0x08000150   Section        0  __rtentry2.o(.ARM.Collect$$rtentry$$0000000C)
    .ARM.Collect$$rtentry$$0000000D          0x08000150   Section        8  __rtentry2.o(.ARM.Collect$$rtentry$$0000000D)
    .ARM.Collect$$rtexit$$00000000           0x08000158   Section        2  rtexit.o(.ARM.Collect$$rtexit$$00000000)
    .ARM.Collect$$rtexit$$00000002           0x0800015a   Section        0  rtexit2.o(.ARM.Collect$$rtexit$$00000002)
    .ARM.Collect$$rtexit$$00000003           0x0800015a   Section        4  rtexit2.o(.ARM.Collect$$rtexit$$00000003)
    .ARM.Collect$$rtexit$$00000004           0x0800015e   Section        6  rtexit2.o(.ARM.Collect$$rtexit$$00000004)
    .text                                    0x08000164   Section      124  startup_mdr1901vc1t.o(.text)
    .text                                    0x080001e0   Section        0  noretval__2sprintf.o(.text)
    .text                                    0x08000208   Section        0  _printf_pad.o(.text)
    .text                                    0x08000258   Section        0  _printf_dec.o(.text)
    .text                                    0x080002d0   Section        0  __printf_wp.o(.text)
    .text                                    0x080003de   Section        0  heapauxi.o(.text)
    .text                                    0x080003e4   Section        0  _printf_intcommon.o(.text)
    .text                                    0x08000498   Section        0  _printf_char_common.o(.text)
    _printf_input_char                       0x08000499   Thumb Code    10  _printf_char_common.o(.text)
    .text                                    0x080004c8   Section        0  _sputc.o(.text)
    .text                                    0x080004d2   Section       74  sys_stackheap_outer.o(.text)
    .text                                    0x0800051c   Section        0  exit.o(.text)
    .text                                    0x08000530   Section        8  libspace.o(.text)
    .text                                    0x08000538   Section        0  sys_exit.o(.text)
    .text                                    0x08000544   Section        2  use_no_semi.o(.text)
    .text                                    0x08000546   Section        0  indicate_semi.o(.text)
    i.PORT_Init                              0x08000548   Section        0  mdr32f9qx_port.o(i.PORT_Init)
    i.PORT_ReadInputData                     0x08000710   Section        0  mdr32f9qx_port.o(i.PORT_ReadInputData)
    i.PORT_ResetBits                         0x08000718   Section        0  mdr32f9qx_port.o(i.PORT_ResetBits)
    i.PORT_SetBits                           0x08000734   Section        0  mdr32f9qx_port.o(i.PORT_SetBits)
    i.PORT_StructInit                        0x0800074c   Section        0  mdr32f9qx_port.o(i.PORT_StructInit)
    i.PORT_Write                             0x08000768   Section        0  mdr32f9qx_port.o(i.PORT_Write)
    i.RST_CLK_GetClocksFreq                  0x08000780   Section        0  mdr32f9qx_rst_clk.o(i.RST_CLK_GetClocksFreq)
    i.SystemCoreClockUpdate                  0x080009f4   Section        0  system_mdr1901vc1t.o(i.SystemCoreClockUpdate)
    i.SystemInit                             0x08000a84   Section        0  system_mdr1901vc1t.o(i.SystemInit)
    i.TIMER1_IRQHandler                      0x08000ab0   Section        0  main.o(i.TIMER1_IRQHandler)
    i.TIMER_BRGInit                          0x08000ae0   Section        0  mdr32f9qx_timer.o(i.TIMER_BRGInit)
    i.TIMER_ClearFlag                        0x08000b34   Section        0  mdr32f9qx_timer.o(i.TIMER_ClearFlag)
    i.TIMER_Cmd                              0x08000b3a   Section        0  mdr32f9qx_timer.o(i.TIMER_Cmd)
    i.TIMER_CntInit                          0x08000b4e   Section        0  mdr32f9qx_timer.o(i.TIMER_CntInit)
    i.TIMER_DeInit                           0x08000b84   Section        0  mdr32f9qx_timer.o(i.TIMER_DeInit)
    i.TIMER_GetITStatus                      0x08000bc8   Section        0  mdr32f9qx_timer.o(i.TIMER_GetITStatus)
    i.TIMER_ITConfig                         0x08000be0   Section        0  mdr32f9qx_timer.o(i.TIMER_ITConfig)
    i.UART_BRGInit                           0x08000bf4   Section        0  mdr32f9qx_uart.o(i.UART_BRGInit)
    i.UART_Cmd                               0x08000c48   Section        0  mdr32f9qx_uart.o(i.UART_Cmd)
    i.UART_DeInit                            0x08000c60   Section        0  mdr32f9qx_uart.o(i.UART_DeInit)
    i.UART_ITConfig                          0x08000c86   Section        0  mdr32f9qx_uart.o(i.UART_ITConfig)
    i.UART_Init                              0x08000c98   Section        0  mdr32f9qx_uart.o(i.UART_Init)
    i._is_digit                              0x08000d5c   Section        0  __printf_wp.o(i._is_digit)
    i.m_LED_toggle                           0x08000d6c   Section        0  u_led_func.o(i.m_LED_toggle)
    i.m_MLT_Clear_Chip                       0x08000d8c   Section        0  ulcd_func.o(i.m_MLT_Clear_Chip)
    i.m_MLT_Clear_Page                       0x08000da4   Section        0  ulcd_func.o(i.m_MLT_Clear_Page)
    i.m_MLT_Delay                            0x08000dde   Section        0  ulcd_func.o(i.m_MLT_Delay)
    i.m_MLT_Disp_On                          0x08000df0   Section        0  ulcd_func.o(i.m_MLT_Disp_On)
    i.m_MLT_Init                             0x08000e98   Section        0  ulcd_func.o(i.m_MLT_Init)
    i.m_MLT_LCD_Init                         0x08000edc   Section        0  ulcd_func.o(i.m_MLT_LCD_Init)
    i.m_MLT_Pin_Cfg                          0x08000f20   Section        0  ulcd_func.o(i.m_MLT_Pin_Cfg)
    i.m_MLT_Put_Char                         0x08000fa0   Section        0  ulcd_func.o(i.m_MLT_Put_Char)
    i.m_MLT_Put_String                       0x08001024   Section        0  ulcd_func.o(i.m_MLT_Put_String)
    i.m_MLT_Read_Status                      0x0800105c   Section        0  ulcd_func.o(i.m_MLT_Read_Status)
    i.m_MLT_Set_Address                      0x080010fc   Section        0  ulcd_func.o(i.m_MLT_Set_Address)
    i.m_MLT_Set_Data_Bits                    0x080011a8   Section        0  ulcd_func.o(i.m_MLT_Set_Data_Bits)
    i.m_MLT_Set_Page                         0x080011c4   Section        0  ulcd_func.o(i.m_MLT_Set_Page)
    i.m_MLT_Write_Data                       0x08001270   Section        0  ulcd_func.o(i.m_MLT_Write_Data)
    i.m_UART_Init                            0x0800131c   Section        0  uuart_func.o(i.m_UART_Init)
    i.m_initLEDs                             0x0800141c   Section        0  u_led_func.o(i.m_initLEDs)
    i.m_setUpFreq                            0x08001450   Section        0  urst_clk_init.o(i.m_setUpFreq)
    i.m_setUpTimer                           0x080014ac   Section        0  utimer_init.o(i.m_setUpTimer)
    i.main                                   0x08001564   Section        0  main.o(i.main)
    .constdata                               0x08001610   Section     1824  ulcd_func.o(.constdata)
    MLT_Font                                 0x08001610   Data        1792  ulcd_func.o(.constdata)
    init_image                               0x08001d10   Data          32  ulcd_func.o(.constdata)
    .data                                    0x20000000   Section        4  main.o(.data)
    .data                                    0x20000004   Section        4  system_mdr1901vc1t.o(.data)
    .bss                                     0x20000008   Section       96  libspace.o(.bss)
    HEAP                                     0x20000068   Section     4096  startup_mdr1901vc1t.o(HEAP)
    Heap_Mem                                 0x20000068   Data        4096  startup_mdr1901vc1t.o(HEAP)
    STACK                                    0x20001068   Section     1024  startup_mdr1901vc1t.o(STACK)
    Stack_Mem                                0x20001068   Data        1024  startup_mdr1901vc1t.o(STACK)
    __initial_sp                             0x20001468   Data           0  startup_mdr1901vc1t.o(STACK)

    Global Symbols

    Symbol Name                              Value     Ov Type        Size  Object(Section)

    BuildAttributes$$THM_ISAv4$P$D$K$B$S$PE$A:L22UL41UL21$X:L11$S22US41US21$IEEE1$IW$USESV6$~STKCKD$USESV7$~SHL$OSPACE$ROPI$EBA8$UX$STANDARDLIB$REQ8$PRES8$EABIv2 0x00000000   Number         0  anon$$obj.o ABSOLUTE
    __ARM_use_no_argv                        0x00000000   Number         0  main.o ABSOLUTE
    _printf_flags                            0x00000000   Number         0  printf_stubs.o ABSOLUTE
    _printf_return_value                     0x00000000   Number         0  printf_stubs.o ABSOLUTE
    _printf_sizespec                         0x00000000   Number         0  printf_stubs.o ABSOLUTE
    _printf_widthprec                        0x00000000   Number         0  printf_stubs.o ABSOLUTE
    __ARM_exceptions_init                     - Undefined Weak Reference
    __alloca_initialize                       - Undefined Weak Reference
    __arm_fini_                               - Undefined Weak Reference
    __arm_preinit_                            - Undefined Weak Reference
    __cpp_initialize__aeabi_                  - Undefined Weak Reference
    __cxa_finalize                            - Undefined Weak Reference
    __rt_locale                               - Undefined Weak Reference
    __sigvec_lookup                           - Undefined Weak Reference
    _atexit_init                              - Undefined Weak Reference
    _call_atexit_fns                          - Undefined Weak Reference
    _clock_init                               - Undefined Weak Reference
    _fp_trap_init                             - Undefined Weak Reference
    _fp_trap_shutdown                         - Undefined Weak Reference
    _get_lc_collate                           - Undefined Weak Reference
    _get_lc_ctype                             - Undefined Weak Reference
    _get_lc_monetary                          - Undefined Weak Reference
    _get_lc_numeric                           - Undefined Weak Reference
    _get_lc_time                              - Undefined Weak Reference
    _getenv_init                              - Undefined Weak Reference
    _handle_redirection                       - Undefined Weak Reference
    _init_alloc                               - Undefined Weak Reference
    _init_user_alloc                          - Undefined Weak Reference
    _initio                                   - Undefined Weak Reference
    _printf_truncate_signed                   - Undefined Weak Reference
    _printf_truncate_unsigned                 - Undefined Weak Reference
    _rand_init                                - Undefined Weak Reference
    _signal_finish                            - Undefined Weak Reference
    _signal_init                              - Undefined Weak Reference
    _terminate_alloc                          - Undefined Weak Reference
    _terminate_user_alloc                     - Undefined Weak Reference
    _terminateio                              - Undefined Weak Reference
    __Vectors_Size                           0x000000c0   Number         0  startup_mdr1901vc1t.o ABSOLUTE
    __Vectors                                0x08000000   Data           4  startup_mdr1901vc1t.o(RESET)
    __Vectors_End                            0x080000c0   Data           0  startup_mdr1901vc1t.o(RESET)
    __main                                   0x080000c1   Thumb Code     8  __main.o(!!!main)
    __scatterload                            0x080000c9   Thumb Code     0  __scatter.o(!!!scatter)
    __scatterload_rt2                        0x080000c9   Thumb Code    44  __scatter.o(!!!scatter)
    __scatterload_rt2_thumb_only             0x080000c9   Thumb Code     0  __scatter.o(!!!scatter)
    __scatterload_null                       0x080000d7   Thumb Code     0  __scatter.o(!!!scatter)
    __scatterload_copy                       0x080000fd   Thumb Code    26  __scatter_copy.o(!!handler_copy)
    __scatterload_zeroinit                   0x08000119   Thumb Code    28  __scatter_zi.o(!!handler_zi)
    _printf_d                                0x08000135   Thumb Code     0  _printf_d.o(.ARM.Collect$$_printf_percent$$00000009)
    _printf_percent                          0x08000135   Thumb Code     0  _printf_percent.o(.ARM.Collect$$_printf_percent$$00000000)
    _printf_percent_end                      0x0800013b   Thumb Code     0  _printf_percent_end.o(.ARM.Collect$$_printf_percent$$00000017)
    __rt_lib_init                            0x0800013f   Thumb Code     0  libinit.o(.ARM.Collect$$libinit$$00000000)
    __rt_lib_init_alloca_1                   0x08000141   Thumb Code     0  libinit2.o(.ARM.Collect$$libinit$$0000002E)
    __rt_lib_init_argv_1                     0x08000141   Thumb Code     0  libinit2.o(.ARM.Collect$$libinit$$0000002C)
    __rt_lib_init_atexit_1                   0x08000141   Thumb Code     0  libinit2.o(.ARM.Collect$$libinit$$0000001B)
    __rt_lib_init_clock_1                    0x08000141   Thumb Code     0  libinit2.o(.ARM.Collect$$libinit$$00000021)
    __rt_lib_init_cpp_1                      0x08000141   Thumb Code     0  libinit2.o(.ARM.Collect$$libinit$$00000032)
    __rt_lib_init_exceptions_1               0x08000141   Thumb Code     0  libinit2.o(.ARM.Collect$$libinit$$00000030)
    __rt_lib_init_fp_1                       0x08000141   Thumb Code     0  libinit2.o(.ARM.Collect$$libinit$$00000002)
    __rt_lib_init_fp_trap_1                  0x08000141   Thumb Code     0  libinit2.o(.ARM.Collect$$libinit$$0000001F)
    __rt_lib_init_getenv_1                   0x08000141   Thumb Code     0  libinit2.o(.ARM.Collect$$libinit$$00000023)
    __rt_lib_init_heap_1                     0x08000141   Thumb Code     0  libinit2.o(.ARM.Collect$$libinit$$0000000A)
    __rt_lib_init_lc_collate_1               0x08000141   Thumb Code     0  libinit2.o(.ARM.Collect$$libinit$$00000011)
    __rt_lib_init_lc_ctype_1                 0x08000141   Thumb Code     0  libinit2.o(.ARM.Collect$$libinit$$00000013)
    __rt_lib_init_lc_monetary_1              0x08000141   Thumb Code     0  libinit2.o(.ARM.Collect$$libinit$$00000015)
    __rt_lib_init_lc_numeric_1               0x08000141   Thumb Code     0  libinit2.o(.ARM.Collect$$libinit$$00000017)
    __rt_lib_init_lc_time_1                  0x08000141   Thumb Code     0  libinit2.o(.ARM.Collect$$libinit$$00000019)
    __rt_lib_init_preinit_1                  0x08000141   Thumb Code     0  libinit2.o(.ARM.Collect$$libinit$$00000004)
    __rt_lib_init_rand_1                     0x08000141   Thumb Code     0  libinit2.o(.ARM.Collect$$libinit$$0000000E)
    __rt_lib_init_return                     0x08000141   Thumb Code     0  libinit2.o(.ARM.Collect$$libinit$$00000033)
    __rt_lib_init_signal_1                   0x08000141   Thumb Code     0  libinit2.o(.ARM.Collect$$libinit$$0000001D)
    __rt_lib_init_stdio_1                    0x08000141   Thumb Code     0  libinit2.o(.ARM.Collect$$libinit$$00000025)
    __rt_lib_init_user_alloc_1               0x08000141   Thumb Code     0  libinit2.o(.ARM.Collect$$libinit$$0000000C)
    __rt_lib_shutdown                        0x08000143   Thumb Code     0  libshutdown.o(.ARM.Collect$$libshutdown$$00000000)
    __rt_lib_shutdown_cpp_1                  0x08000145   Thumb Code     0  libshutdown2.o(.ARM.Collect$$libshutdown$$00000004)
    __rt_lib_shutdown_fini_1                 0x08000145   Thumb Code     0  libshutdown2.o(.ARM.Collect$$libshutdown$$00000002)
    __rt_lib_shutdown_fp_trap_1              0x08000145   Thumb Code     0  libshutdown2.o(.ARM.Collect$$libshutdown$$00000009)
    __rt_lib_shutdown_heap_1                 0x08000145   Thumb Code     0  libshutdown2.o(.ARM.Collect$$libshutdown$$00000011)
    __rt_lib_shutdown_return                 0x08000145   Thumb Code     0  libshutdown2.o(.ARM.Collect$$libshutdown$$00000012)
    __rt_lib_shutdown_signal_1               0x08000145   Thumb Code     0  libshutdown2.o(.ARM.Collect$$libshutdown$$0000000C)
    __rt_lib_shutdown_stdio_1                0x08000145   Thumb Code     0  libshutdown2.o(.ARM.Collect$$libshutdown$$00000006)
    __rt_lib_shutdown_user_alloc_1           0x08000145   Thumb Code     0  libshutdown2.o(.ARM.Collect$$libshutdown$$0000000E)
    __rt_entry                               0x08000147   Thumb Code     0  __rtentry.o(.ARM.Collect$$rtentry$$00000000)
    __rt_entry_presh_1                       0x08000147   Thumb Code     0  __rtentry2.o(.ARM.Collect$$rtentry$$00000002)
    __rt_entry_sh                            0x08000147   Thumb Code     0  __rtentry4.o(.ARM.Collect$$rtentry$$00000004)
    __rt_entry_li                            0x0800014d   Thumb Code     0  __rtentry2.o(.ARM.Collect$$rtentry$$0000000A)
    __rt_entry_postsh_1                      0x0800014d   Thumb Code     0  __rtentry2.o(.ARM.Collect$$rtentry$$00000009)
    __rt_entry_main                          0x08000151   Thumb Code     0  __rtentry2.o(.ARM.Collect$$rtentry$$0000000D)
    __rt_entry_postli_1                      0x08000151   Thumb Code     0  __rtentry2.o(.ARM.Collect$$rtentry$$0000000C)
    __rt_exit                                0x08000159   Thumb Code     0  rtexit.o(.ARM.Collect$$rtexit$$00000000)
    __rt_exit_ls                             0x0800015b   Thumb Code     0  rtexit2.o(.ARM.Collect$$rtexit$$00000003)
    __rt_exit_prels_1                        0x0800015b   Thumb Code     0  rtexit2.o(.ARM.Collect$$rtexit$$00000002)
    __rt_exit_exit                           0x0800015f   Thumb Code     0  rtexit2.o(.ARM.Collect$$rtexit$$00000004)
    Reset_Handler                            0x08000165   Thumb Code     8  startup_mdr1901vc1t.o(.text)
    NonMaskableInt_Handler                   0x0800016d   Thumb Code     2  startup_mdr1901vc1t.o(.text)
    HardFault_Handler                        0x0800016f   Thumb Code     2  startup_mdr1901vc1t.o(.text)
    MemoryManagement_Handler                 0x08000171   Thumb Code     2  startup_mdr1901vc1t.o(.text)
    BusFault_Handler                         0x08000173   Thumb Code     2  startup_mdr1901vc1t.o(.text)
    UsageFault_Handler                       0x08000175   Thumb Code     2  startup_mdr1901vc1t.o(.text)
    SVCall_Handler                           0x08000177   Thumb Code     2  startup_mdr1901vc1t.o(.text)
    PendSV_Handler                           0x08000179   Thumb Code     2  startup_mdr1901vc1t.o(.text)
    SysTick_Handler                          0x0800017b   Thumb Code     2  startup_mdr1901vc1t.o(.text)
    SSP3_IRQHandler                          0x0800017d   Thumb Code     2  startup_mdr1901vc1t.o(.text)
    SSP4_IRQHandler                          0x0800017f   Thumb Code     2  startup_mdr1901vc1t.o(.text)
    USB_IRQHandler                           0x08000181   Thumb Code     2  startup_mdr1901vc1t.o(.text)
    MCBSP1_IRQHandler                        0x08000183   Thumb Code     2  startup_mdr1901vc1t.o(.text)
    MCBSP2_IRQHandler                        0x08000185   Thumb Code     2  startup_mdr1901vc1t.o(.text)
    DMA_IRQHandler                           0x08000187   Thumb Code     2  startup_mdr1901vc1t.o(.text)
    UART1_IRQHandler                         0x08000189   Thumb Code     2  startup_mdr1901vc1t.o(.text)
    UART2_IRQHandler                         0x0800018b   Thumb Code     2  startup_mdr1901vc1t.o(.text)
    SSP1_IRQHandler                          0x0800018d   Thumb Code     2  startup_mdr1901vc1t.o(.text)
    MCBSP3_IRQHandler                        0x0800018f   Thumb Code     2  startup_mdr1901vc1t.o(.text)
    I2C_IRQHandler                           0x08000191   Thumb Code     2  startup_mdr1901vc1t.o(.text)
    POWER_IRQHandler                         0x08000193   Thumb Code     2  startup_mdr1901vc1t.o(.text)
    WWDG_IRQHandler                          0x08000195   Thumb Code     2  startup_mdr1901vc1t.o(.text)
    DMA_DSP_IRQHandler                       0x08000197   Thumb Code     2  startup_mdr1901vc1t.o(.text)
    TIMER2_IRQHandler                        0x0800019b   Thumb Code     2  startup_mdr1901vc1t.o(.text)
    TIMER3_IRQHandler                        0x0800019d   Thumb Code     2  startup_mdr1901vc1t.o(.text)
    ADC_IRQHandler                           0x0800019f   Thumb Code     2  startup_mdr1901vc1t.o(.text)
    SDIO_IRQHandler                          0x080001a1   Thumb Code     2  startup_mdr1901vc1t.o(.text)
    COMPARATOR_IRQHandler                    0x080001a3   Thumb Code     2  startup_mdr1901vc1t.o(.text)
    SSP2_IRQHandler                          0x080001a5   Thumb Code     2  startup_mdr1901vc1t.o(.text)
    AUDIO_IP_IRQHandler                      0x080001a7   Thumb Code     2  startup_mdr1901vc1t.o(.text)
    DSP_CRPT_IRQHandler                      0x080001a9   Thumb Code     2  startup_mdr1901vc1t.o(.text)
    DSP_TIMER_IRQHandler                     0x080001ab   Thumb Code     2  startup_mdr1901vc1t.o(.text)
    DSP_CORE_IRQHandler                      0x080001ad   Thumb Code     2  startup_mdr1901vc1t.o(.text)
    DSP_STATE_IRQHandler                     0x080001af   Thumb Code     2  startup_mdr1901vc1t.o(.text)
    UART3_IRQHandler                         0x080001b1   Thumb Code     2  startup_mdr1901vc1t.o(.text)
    BACKUP_IRQHandler                        0x080001b3   Thumb Code     2  startup_mdr1901vc1t.o(.text)
    EXT_INT1_IRQHandler                      0x080001b5   Thumb Code     2  startup_mdr1901vc1t.o(.text)
    EXT_INT2_IRQHandler                      0x080001b7   Thumb Code     2  startup_mdr1901vc1t.o(.text)
    EXT_INT3_IRQHandler                      0x080001b9   Thumb Code     2  startup_mdr1901vc1t.o(.text)
    EXT_INT4_IRQHandler                      0x080001bb   Thumb Code     2  startup_mdr1901vc1t.o(.text)
    __user_initial_stackheap                 0x080001bd   Thumb Code     0  startup_mdr1901vc1t.o(.text)
    __2sprintf                               0x080001e1   Thumb Code    34  noretval__2sprintf.o(.text)
    _printf_pre_padding                      0x08000209   Thumb Code    44  _printf_pad.o(.text)
    _printf_post_padding                     0x08000235   Thumb Code    34  _printf_pad.o(.text)
    _printf_int_dec                          0x08000259   Thumb Code   104  _printf_dec.o(.text)
    __printf                                 0x080002d1   Thumb Code   270  __printf_wp.o(.text)
    __use_two_region_memory                  0x080003df   Thumb Code     2  heapauxi.o(.text)
    __rt_heap_escrow$2region                 0x080003e1   Thumb Code     2  heapauxi.o(.text)
    __rt_heap_expand$2region                 0x080003e3   Thumb Code     2  heapauxi.o(.text)
    _printf_int_common                       0x080003e5   Thumb Code   178  _printf_intcommon.o(.text)
    _printf_char_common                      0x080004a3   Thumb Code    32  _printf_char_common.o(.text)
    _sputc                                   0x080004c9   Thumb Code    10  _sputc.o(.text)
    __user_setup_stackheap                   0x080004d3   Thumb Code    74  sys_stackheap_outer.o(.text)
    exit                                     0x0800051d   Thumb Code    18  exit.o(.text)
    __user_libspace                          0x08000531   Thumb Code     8  libspace.o(.text)
    __user_perproc_libspace                  0x08000531   Thumb Code     0  libspace.o(.text)
    __user_perthread_libspace                0x08000531   Thumb Code     0  libspace.o(.text)
    _sys_exit                                0x08000539   Thumb Code     8  sys_exit.o(.text)
    __I$use$semihosting                      0x08000545   Thumb Code     0  use_no_semi.o(.text)
    __use_no_semihosting_swi                 0x08000545   Thumb Code     2  use_no_semi.o(.text)
    __semihosting_library_function           0x08000547   Thumb Code     0  indicate_semi.o(.text)
    PORT_Init                                0x08000549   Thumb Code   450  mdr32f9qx_port.o(i.PORT_Init)
    PORT_ReadInputData                       0x08000711   Thumb Code     6  mdr32f9qx_port.o(i.PORT_ReadInputData)
    PORT_ResetBits                           0x08000719   Thumb Code    22  mdr32f9qx_port.o(i.PORT_ResetBits)
    PORT_SetBits                             0x08000735   Thumb Code    20  mdr32f9qx_port.o(i.PORT_SetBits)
    PORT_StructInit                          0x0800074d   Thumb Code    28  mdr32f9qx_port.o(i.PORT_StructInit)
    PORT_Write                               0x08000769   Thumb Code    20  mdr32f9qx_port.o(i.PORT_Write)
    RST_CLK_GetClocksFreq                    0x08000781   Thumb Code   620  mdr32f9qx_rst_clk.o(i.RST_CLK_GetClocksFreq)
    SystemCoreClockUpdate                    0x080009f5   Thumb Code   130  system_mdr1901vc1t.o(i.SystemCoreClockUpdate)
    SystemInit                               0x08000a85   Thumb Code    38  system_mdr1901vc1t.o(i.SystemInit)
    TIMER1_IRQHandler                        0x08000ab1   Thumb Code    40  main.o(i.TIMER1_IRQHandler)
    TIMER_BRGInit                            0x08000ae1   Thumb Code    68  mdr32f9qx_timer.o(i.TIMER_BRGInit)
    TIMER_ClearFlag                          0x08000b35   Thumb Code     6  mdr32f9qx_timer.o(i.TIMER_ClearFlag)
    TIMER_Cmd                                0x08000b3b   Thumb Code    20  mdr32f9qx_timer.o(i.TIMER_Cmd)
    TIMER_CntInit                            0x08000b4f   Thumb Code    54  mdr32f9qx_timer.o(i.TIMER_CntInit)
    TIMER_DeInit                             0x08000b85   Thumb Code    68  mdr32f9qx_timer.o(i.TIMER_DeInit)
    TIMER_GetITStatus                        0x08000bc9   Thumb Code    24  mdr32f9qx_timer.o(i.TIMER_GetITStatus)
    TIMER_ITConfig                           0x08000be1   Thumb Code    18  mdr32f9qx_timer.o(i.TIMER_ITConfig)
    UART_BRGInit                             0x08000bf5   Thumb Code    68  mdr32f9qx_uart.o(i.UART_BRGInit)
    UART_Cmd                                 0x08000c49   Thumb Code    24  mdr32f9qx_uart.o(i.UART_Cmd)
    UART_DeInit                              0x08000c61   Thumb Code    38  mdr32f9qx_uart.o(i.UART_DeInit)
    UART_ITConfig                            0x08000c87   Thumb Code    18  mdr32f9qx_uart.o(i.UART_ITConfig)
    UART_Init                                0x08000c99   Thumb Code   180  mdr32f9qx_uart.o(i.UART_Init)
    _is_digit                                0x08000d5d   Thumb Code    14  __printf_wp.o(i._is_digit)
    m_LED_toggle                             0x08000d6d   Thumb Code    28  u_led_func.o(i.m_LED_toggle)
    m_MLT_Clear_Chip                         0x08000d8d   Thumb Code    24  ulcd_func.o(i.m_MLT_Clear_Chip)
    m_MLT_Clear_Page                         0x08000da5   Thumb Code    58  ulcd_func.o(i.m_MLT_Clear_Page)
    m_MLT_Delay                              0x08000ddf   Thumb Code    18  ulcd_func.o(i.m_MLT_Delay)
    m_MLT_Disp_On                            0x08000df1   Thumb Code   156  ulcd_func.o(i.m_MLT_Disp_On)
    m_MLT_Init                               0x08000e99   Thumb Code    68  ulcd_func.o(i.m_MLT_Init)
    m_MLT_LCD_Init                           0x08000edd   Thumb Code    64  ulcd_func.o(i.m_MLT_LCD_Init)
    m_MLT_Pin_Cfg                            0x08000f21   Thumb Code   112  ulcd_func.o(i.m_MLT_Pin_Cfg)
    m_MLT_Put_Char                           0x08000fa1   Thumb Code   128  ulcd_func.o(i.m_MLT_Put_Char)
    m_MLT_Put_String                         0x08001025   Thumb Code    54  ulcd_func.o(i.m_MLT_Put_String)
    m_MLT_Read_Status                        0x0800105d   Thumb Code   146  ulcd_func.o(i.m_MLT_Read_Status)
    m_MLT_Set_Address                        0x080010fd   Thumb Code   160  ulcd_func.o(i.m_MLT_Set_Address)
    m_MLT_Set_Data_Bits                      0x080011a9   Thumb Code    22  ulcd_func.o(i.m_MLT_Set_Data_Bits)
    m_MLT_Set_Page                           0x080011c5   Thumb Code   160  ulcd_func.o(i.m_MLT_Set_Page)
    m_MLT_Write_Data                         0x08001271   Thumb Code   158  ulcd_func.o(i.m_MLT_Write_Data)
    m_UART_Init                              0x0800131d   Thumb Code   238  uuart_func.o(i.m_UART_Init)
    m_initLEDs                               0x0800141d   Thumb Code    48  u_led_func.o(i.m_initLEDs)
    m_setUpFreq                              0x08001451   Thumb Code    82  urst_clk_init.o(i.m_setUpFreq)
    m_setUpTimer                             0x080014ad   Thumb Code   166  utimer_init.o(i.m_setUpTimer)
    main                                     0x08001565   Thumb Code    98  main.o(i.main)
    Region$$Table$$Base                      0x08001d30   Number         0  anon$$obj.o(Region$$Table)
    Region$$Table$$Limit                     0x08001d50   Number         0  anon$$obj.o(Region$$Table)
    counter_handler                          0x20000000   Data           4  main.o(.data)
    SystemCoreClock                          0x20000004   Data           4  system_mdr1901vc1t.o(.data)
    __libspace_start                         0x20000008   Data          96  libspace.o(.bss)
    __temporary_stack_top$libspace           0x20000068   Data           0  libspace.o(.bss)



==============================================================================

Memory Map of the image

  Image Entry point : 0x08000165

  Load Region LR_1 (Base: 0x08000000, Size: 0x00001d58, Max: 0xffffffff, ABSOLUTE)

    Execution Region ER_RO (Exec base: 0x08000000, Load base: 0x08000000, Size: 0x00001d50, Max: 0xffffffff, ABSOLUTE)

    Exec Addr    Load Addr    Size         Type   Attr      Idx    E Section Name        Object

    0x08000000   0x08000000   0x000000c0   Data   RO          353    RESET               startup_mdr1901vc1t.o
    0x080000c0   0x080000c0   0x00000008   Code   RO         1284  * !!!main             c_w.l(__main.o)
    0x080000c8   0x080000c8   0x00000034   Code   RO         1452    !!!scatter          c_w.l(__scatter.o)
    0x080000fc   0x080000fc   0x0000001a   Code   RO         1454    !!handler_copy      c_w.l(__scatter_copy.o)
    0x08000116   0x08000116   0x00000002   PAD
    0x08000118   0x08000118   0x0000001c   Code   RO         1456    !!handler_zi        c_w.l(__scatter_zi.o)
    0x08000134   0x08000134   0x00000000   Code   RO         1279    .ARM.Collect$$_printf_percent$$00000000  c_w.l(_printf_percent.o)
    0x08000134   0x08000134   0x00000006   Code   RO         1278    .ARM.Collect$$_printf_percent$$00000009  c_w.l(_printf_d.o)
    0x0800013a   0x0800013a   0x00000004   Code   RO         1293    .ARM.Collect$$_printf_percent$$00000017  c_w.l(_printf_percent_end.o)
    0x0800013e   0x0800013e   0x00000002   Code   RO         1320    .ARM.Collect$$libinit$$00000000  c_w.l(libinit.o)
    0x08000140   0x08000140   0x00000000   Code   RO         1327    .ARM.Collect$$libinit$$00000002  c_w.l(libinit2.o)
    0x08000140   0x08000140   0x00000000   Code   RO         1329    .ARM.Collect$$libinit$$00000004  c_w.l(libinit2.o)
    0x08000140   0x08000140   0x00000000   Code   RO         1332    .ARM.Collect$$libinit$$0000000A  c_w.l(libinit2.o)
    0x08000140   0x08000140   0x00000000   Code   RO         1334    .ARM.Collect$$libinit$$0000000C  c_w.l(libinit2.o)
    0x08000140   0x08000140   0x00000000   Code   RO         1336    .ARM.Collect$$libinit$$0000000E  c_w.l(libinit2.o)
    0x08000140   0x08000140   0x00000000   Code   RO         1339    .ARM.Collect$$libinit$$00000011  c_w.l(libinit2.o)
    0x08000140   0x08000140   0x00000000   Code   RO         1341    .ARM.Collect$$libinit$$00000013  c_w.l(libinit2.o)
    0x08000140   0x08000140   0x00000000   Code   RO         1343    .ARM.Collect$$libinit$$00000015  c_w.l(libinit2.o)
    0x08000140   0x08000140   0x00000000   Code   RO         1345    .ARM.Collect$$libinit$$00000017  c_w.l(libinit2.o)
    0x08000140   0x08000140   0x00000000   Code   RO         1347    .ARM.Collect$$libinit$$00000019  c_w.l(libinit2.o)
    0x08000140   0x08000140   0x00000000   Code   RO         1349    .ARM.Collect$$libinit$$0000001B  c_w.l(libinit2.o)
    0x08000140   0x08000140   0x00000000   Code   RO         1351    .ARM.Collect$$libinit$$0000001D  c_w.l(libinit2.o)
    0x08000140   0x08000140   0x00000000   Code   RO         1353    .ARM.Collect$$libinit$$0000001F  c_w.l(libinit2.o)
    0x08000140   0x08000140   0x00000000   Code   RO         1355    .ARM.Collect$$libinit$$00000021  c_w.l(libinit2.o)
    0x08000140   0x08000140   0x00000000   Code   RO         1357    .ARM.Collect$$libinit$$00000023  c_w.l(libinit2.o)
    0x08000140   0x08000140   0x00000000   Code   RO         1359    .ARM.Collect$$libinit$$00000025  c_w.l(libinit2.o)
    0x08000140   0x08000140   0x00000000   Code   RO         1363    .ARM.Collect$$libinit$$0000002C  c_w.l(libinit2.o)
    0x08000140   0x08000140   0x00000000   Code   RO         1365    .ARM.Collect$$libinit$$0000002E  c_w.l(libinit2.o)
    0x08000140   0x08000140   0x00000000   Code   RO         1367    .ARM.Collect$$libinit$$00000030  c_w.l(libinit2.o)
    0x08000140   0x08000140   0x00000000   Code   RO         1369    .ARM.Collect$$libinit$$00000032  c_w.l(libinit2.o)
    0x08000140   0x08000140   0x00000002   Code   RO         1370    .ARM.Collect$$libinit$$00000033  c_w.l(libinit2.o)
    0x08000142   0x08000142   0x00000002   Code   RO         1390    .ARM.Collect$$libshutdown$$00000000  c_w.l(libshutdown.o)
    0x08000144   0x08000144   0x00000000   Code   RO         1403    .ARM.Collect$$libshutdown$$00000002  c_w.l(libshutdown2.o)
    0x08000144   0x08000144   0x00000000   Code   RO         1405    .ARM.Collect$$libshutdown$$00000004  c_w.l(libshutdown2.o)
    0x08000144   0x08000144   0x00000000   Code   RO         1407    .ARM.Collect$$libshutdown$$00000006  c_w.l(libshutdown2.o)
    0x08000144   0x08000144   0x00000000   Code   RO         1410    .ARM.Collect$$libshutdown$$00000009  c_w.l(libshutdown2.o)
    0x08000144   0x08000144   0x00000000   Code   RO         1413    .ARM.Collect$$libshutdown$$0000000C  c_w.l(libshutdown2.o)
    0x08000144   0x08000144   0x00000000   Code   RO         1415    .ARM.Collect$$libshutdown$$0000000E  c_w.l(libshutdown2.o)
    0x08000144   0x08000144   0x00000000   Code   RO         1418    .ARM.Collect$$libshutdown$$00000011  c_w.l(libshutdown2.o)
    0x08000144   0x08000144   0x00000002   Code   RO         1419    .ARM.Collect$$libshutdown$$00000012  c_w.l(libshutdown2.o)
    0x08000146   0x08000146   0x00000000   Code   RO         1286    .ARM.Collect$$rtentry$$00000000  c_w.l(__rtentry.o)
    0x08000146   0x08000146   0x00000000   Code   RO         1295    .ARM.Collect$$rtentry$$00000002  c_w.l(__rtentry2.o)
    0x08000146   0x08000146   0x00000006   Code   RO         1307    .ARM.Collect$$rtentry$$00000004  c_w.l(__rtentry4.o)
    0x0800014c   0x0800014c   0x00000000   Code   RO         1297    .ARM.Collect$$rtentry$$00000009  c_w.l(__rtentry2.o)
    0x0800014c   0x0800014c   0x00000004   Code   RO         1298    .ARM.Collect$$rtentry$$0000000A  c_w.l(__rtentry2.o)
    0x08000150   0x08000150   0x00000000   Code   RO         1300    .ARM.Collect$$rtentry$$0000000C  c_w.l(__rtentry2.o)
    0x08000150   0x08000150   0x00000008   Code   RO         1301    .ARM.Collect$$rtentry$$0000000D  c_w.l(__rtentry2.o)
    0x08000158   0x08000158   0x00000002   Code   RO         1324    .ARM.Collect$$rtexit$$00000000  c_w.l(rtexit.o)
    0x0800015a   0x0800015a   0x00000000   Code   RO         1372    .ARM.Collect$$rtexit$$00000002  c_w.l(rtexit2.o)
    0x0800015a   0x0800015a   0x00000004   Code   RO         1373    .ARM.Collect$$rtexit$$00000003  c_w.l(rtexit2.o)
    0x0800015e   0x0800015e   0x00000006   Code   RO         1374    .ARM.Collect$$rtexit$$00000004  c_w.l(rtexit2.o)
    0x08000164   0x08000164   0x0000007c   Code   RO          354  * .text               startup_mdr1901vc1t.o
    0x080001e0   0x080001e0   0x00000028   Code   RO         1250    .text               c_w.l(noretval__2sprintf.o)
    0x08000208   0x08000208   0x0000004e   Code   RO         1254    .text               c_w.l(_printf_pad.o)
    0x08000256   0x08000256   0x00000002   PAD
    0x08000258   0x08000258   0x00000078   Code   RO         1256    .text               c_w.l(_printf_dec.o)
    0x080002d0   0x080002d0   0x0000010e   Code   RO         1266    .text               c_w.l(__printf_wp.o)
    0x080003de   0x080003de   0x00000006   Code   RO         1282    .text               c_w.l(heapauxi.o)
    0x080003e4   0x080003e4   0x000000b2   Code   RO         1287    .text               c_w.l(_printf_intcommon.o)
    0x08000496   0x08000496   0x00000002   PAD
    0x08000498   0x08000498   0x00000030   Code   RO         1289    .text               c_w.l(_printf_char_common.o)
    0x080004c8   0x080004c8   0x0000000a   Code   RO         1291    .text               c_w.l(_sputc.o)
    0x080004d2   0x080004d2   0x0000004a   Code   RO         1311    .text               c_w.l(sys_stackheap_outer.o)
    0x0800051c   0x0800051c   0x00000012   Code   RO         1313    .text               c_w.l(exit.o)
    0x0800052e   0x0800052e   0x00000002   PAD
    0x08000530   0x08000530   0x00000008   Code   RO         1321    .text               c_w.l(libspace.o)
    0x08000538   0x08000538   0x0000000c   Code   RO         1382    .text               c_w.l(sys_exit.o)
    0x08000544   0x08000544   0x00000002   Code   RO         1393    .text               c_w.l(use_no_semi.o)
    0x08000546   0x08000546   0x00000000   Code   RO         1395    .text               c_w.l(indicate_semi.o)
    0x08000546   0x08000546   0x00000002   PAD
    0x08000548   0x08000548   0x000001c8   Code   RO          398    i.PORT_Init         mdr32f9qx_port.o
    0x08000710   0x08000710   0x00000006   Code   RO          399    i.PORT_ReadInputData  mdr32f9qx_port.o
    0x08000716   0x08000716   0x00000002   PAD
    0x08000718   0x08000718   0x0000001c   Code   RO          401    i.PORT_ResetBits    mdr32f9qx_port.o
    0x08000734   0x08000734   0x00000018   Code   RO          402    i.PORT_SetBits      mdr32f9qx_port.o
    0x0800074c   0x0800074c   0x0000001c   Code   RO          403    i.PORT_StructInit   mdr32f9qx_port.o
    0x08000768   0x08000768   0x00000018   Code   RO          404    i.PORT_Write        mdr32f9qx_port.o
    0x08000780   0x08000780   0x00000274   Code   RO          491    i.RST_CLK_GetClocksFreq  mdr32f9qx_rst_clk.o
    0x080009f4   0x080009f4   0x00000090   Code   RO          361    i.SystemCoreClockUpdate  system_mdr1901vc1t.o
    0x08000a84   0x08000a84   0x0000002c   Code   RO          362    i.SystemInit        system_mdr1901vc1t.o
    0x08000ab0   0x08000ab0   0x00000030   Code   RO            4    i.TIMER1_IRQHandler  main.o
    0x08000ae0   0x08000ae0   0x00000054   Code   RO          763    i.TIMER_BRGInit     mdr32f9qx_timer.o
    0x08000b34   0x08000b34   0x00000006   Code   RO          789    i.TIMER_ClearFlag   mdr32f9qx_timer.o
    0x08000b3a   0x08000b3a   0x00000014   Code   RO          790    i.TIMER_Cmd         mdr32f9qx_timer.o
    0x08000b4e   0x08000b4e   0x00000036   Code   RO          793    i.TIMER_CntInit     mdr32f9qx_timer.o
    0x08000b84   0x08000b84   0x00000044   Code   RO          797    i.TIMER_DeInit      mdr32f9qx_timer.o
    0x08000bc8   0x08000bc8   0x00000018   Code   RO          812    i.TIMER_GetITStatus  mdr32f9qx_timer.o
    0x08000be0   0x08000be0   0x00000012   Code   RO          814    i.TIMER_ITConfig    mdr32f9qx_timer.o
    0x08000bf2   0x08000bf2   0x00000002   PAD
    0x08000bf4   0x08000bf4   0x00000054   Code   RO         1129    i.UART_BRGInit      mdr32f9qx_uart.o
    0x08000c48   0x08000c48   0x00000018   Code   RO         1132    i.UART_Cmd          mdr32f9qx_uart.o
    0x08000c60   0x08000c60   0x00000026   Code   RO         1135    i.UART_DeInit       mdr32f9qx_uart.o
    0x08000c86   0x08000c86   0x00000012   Code   RO         1139    i.UART_ITConfig     mdr32f9qx_uart.o
    0x08000c98   0x08000c98   0x000000c4   Code   RO         1140    i.UART_Init         mdr32f9qx_uart.o
    0x08000d5c   0x08000d5c   0x0000000e   Code   RO         1268    i._is_digit         c_w.l(__printf_wp.o)
    0x08000d6a   0x08000d6a   0x00000002   PAD
    0x08000d6c   0x08000d6c   0x00000020   Code   RO          314    i.m_LED_toggle      u_led_func.o
    0x08000d8c   0x08000d8c   0x00000018   Code   RO          103    i.m_MLT_Clear_Chip  ulcd_func.o
    0x08000da4   0x08000da4   0x0000003a   Code   RO          104    i.m_MLT_Clear_Page  ulcd_func.o
    0x08000dde   0x08000dde   0x00000012   Code   RO          105    i.m_MLT_Delay       ulcd_func.o
    0x08000df0   0x08000df0   0x000000a8   Code   RO          107    i.m_MLT_Disp_On     ulcd_func.o
    0x08000e98   0x08000e98   0x00000044   Code   RO          108    i.m_MLT_Init        ulcd_func.o
    0x08000edc   0x08000edc   0x00000044   Code   RO          109    i.m_MLT_LCD_Init    ulcd_func.o
    0x08000f20   0x08000f20   0x00000080   Code   RO          110    i.m_MLT_Pin_Cfg     ulcd_func.o
    0x08000fa0   0x08000fa0   0x00000084   Code   RO          111    i.m_MLT_Put_Char    ulcd_func.o
    0x08001024   0x08001024   0x00000036   Code   RO          113    i.m_MLT_Put_String  ulcd_func.o
    0x0800105a   0x0800105a   0x00000002   PAD
    0x0800105c   0x0800105c   0x000000a0   Code   RO          115    i.m_MLT_Read_Status  ulcd_func.o
    0x080010fc   0x080010fc   0x000000ac   Code   RO          117    i.m_MLT_Set_Address  ulcd_func.o
    0x080011a8   0x080011a8   0x0000001c   Code   RO          118    i.m_MLT_Set_Data_Bits  ulcd_func.o
    0x080011c4   0x080011c4   0x000000ac   Code   RO          119    i.m_MLT_Set_Page    ulcd_func.o
    0x08001270   0x08001270   0x000000ac   Code   RO          120    i.m_MLT_Write_Data  ulcd_func.o
    0x0800131c   0x0800131c   0x00000100   Code   RO          236    i.m_UART_Init       uuart_func.o
    0x0800141c   0x0800141c   0x00000034   Code   RO          315    i.m_initLEDs        u_led_func.o
    0x08001450   0x08001450   0x0000005c   Code   RO          264    i.m_setUpFreq       urst_clk_init.o
    0x080014ac   0x080014ac   0x000000b8   Code   RO          288    i.m_setUpTimer      utimer_init.o
    0x08001564   0x08001564   0x000000ac   Code   RO            5    i.main              main.o
    0x08001610   0x08001610   0x00000720   Data   RO          121    .constdata          ulcd_func.o
    0x08001d30   0x08001d30   0x00000020   Data   RO         1450    Region$$Table       anon$$obj.o


    Execution Region ER_RW (Exec base: 0x20000000, Load base: 0x08001d50, Size: 0x00000008, Max: 0xffffffff, ABSOLUTE)

    Exec Addr    Load Addr    Size         Type   Attr      Idx    E Section Name        Object

    0x20000000   0x08001d50   0x00000004   Data   RW            7    .data               main.o
    0x20000004   0x08001d54   0x00000004   Data   RW          363    .data               system_mdr1901vc1t.o


    Execution Region ER_ZI (Exec base: 0x20000008, Load base: 0x08001d58, Size: 0x00001460, Max: 0xffffffff, ABSOLUTE)

    Exec Addr    Load Addr    Size         Type   Attr      Idx    E Section Name        Object

    0x20000008        -       0x00000060   Zero   RW         1322    .bss                c_w.l(libspace.o)
    0x20000068        -       0x00001000   Zero   RW          352    HEAP                startup_mdr1901vc1t.o
    0x20001068        -       0x00000400   Zero   RW          351    STACK               startup_mdr1901vc1t.o


==============================================================================

Image component sizes


      Code (inc. data)   RO Data    RW Data    ZI Data      Debug   Object Name

       220         82          0          4          0     106405   main.o
       566         20          0          0          0       4788   mdr32f9qx_port.o
       628          8          0          0          0       4504   mdr32f9qx_rst_clk.o
       274         16          0          0          0       5334   mdr32f9qx_timer.o
       360         32          0          0          0       4832   mdr32f9qx_uart.o
       124         26        192          0       5120       2140   startup_mdr1901vc1t.o
       188         20          0          4          0       1335   system_mdr1901vc1t.o
        84          8          0          0          0        976   u_led_func.o
      1422         94       1824          0          0      18648   ulcd_func.o
        92         10          0          0          0        486   urst_clk_init.o
       184         18          0          0          0        903   utimer_init.o
       256         18          0          0          0      27485   uuart_func.o

    ----------------------------------------------------------------------
      4404        352       2048          8       5120     177836   Object Totals
         0          0         32          0          0          0   (incl. Generated)
         6          0          0          0          0          0   (incl. Padding)

    ----------------------------------------------------------------------

      Code (inc. data)   RO Data    RW Data    ZI Data      Debug   Library Member Name

         8          0          0          0          0         68   __main.o
       284          0          0          0          0        156   __printf_wp.o
         0          0          0          0          0          0   __rtentry.o
        12          0          0          0          0          0   __rtentry2.o
         6          0          0          0          0          0   __rtentry4.o
        52          8          0          0          0          0   __scatter.o
        26          0          0          0          0          0   __scatter_copy.o
        28          0          0          0          0          0   __scatter_zi.o
        48          6          0          0          0         96   _printf_char_common.o
         6          0          0          0          0          0   _printf_d.o
       120         16          0          0          0         92   _printf_dec.o
       178          0          0          0          0         88   _printf_intcommon.o
        78          0          0          0          0        108   _printf_pad.o
         0          0          0          0          0          0   _printf_percent.o
         4          0          0          0          0          0   _printf_percent_end.o
        10          0          0          0          0         68   _sputc.o
        18          0          0          0          0         80   exit.o
         6          0          0          0          0        152   heapauxi.o
         0          0          0          0          0          0   indicate_semi.o
         2          0          0          0          0          0   libinit.o
         2          0          0          0          0          0   libinit2.o
         2          0          0          0          0          0   libshutdown.o
         2          0          0          0          0          0   libshutdown2.o
         8          4          0          0         96         68   libspace.o
        40          6          0          0          0         84   noretval__2sprintf.o
         2          0          0          0          0          0   rtexit.o
        10          0          0          0          0          0   rtexit2.o
        12          4          0          0          0         68   sys_exit.o
        74          0          0          0          0         80   sys_stackheap_outer.o
         2          0          0          0          0         68   use_no_semi.o

    ----------------------------------------------------------------------
      1052         44          0          0         96       1276   Library Totals
        12          0          0          0          0          0   (incl. Padding)

    ----------------------------------------------------------------------

      Code (inc. data)   RO Data    RW Data    ZI Data      Debug   Library Name

      1040         44          0          0         96       1276   c_w.l

    ----------------------------------------------------------------------
      1052         44          0          0         96       1276   Library Totals

    ----------------------------------------------------------------------

==============================================================================


      Code (inc. data)   RO Data    RW Data    ZI Data      Debug   

      5456        396       2048          8       5216     176508   Grand Totals
      5456        396       2048          8       5216     176508   ELF Image Totals
      5456        396       2048          8          0          0   ROM Totals

==============================================================================

    Total RO  Size (Code + RO Data)                 7504 (   7.33kB)
    Total RW  Size (RW Data + ZI Data)              5224 (   5.10kB)
    Total ROM Size (Code + RO Data + RW Data)       7512 (   7.34kB)

==============================================================================

