Component: ARM Compiler 6.16 Tool: armlink [5dfeaa00]

==============================================================================

Section Cross References

    main.o(.text) refers (Special) to _printf_d.o(.ARM.Collect$$_printf_percent$$00000009) for _printf_d
    main.o(.text) refers (Special) to _printf_dec.o(.text) for _printf_int_dec
    main.o(.text) refers (Special) to _printf_percent.o(.ARM.Collect$$_printf_percent$$00000000) for _printf_percent
    main.o(.text) refers (Special) to _printf_pad.o(.text) for _printf_pre_padding
    main.o(.text.main) refers (Special) to _printf_d.o(.ARM.Collect$$_printf_percent$$00000009) for _printf_d
    main.o(.text.main) refers (Special) to _printf_dec.o(.text) for _printf_int_dec
    main.o(.text.main) refers (Special) to _printf_percent.o(.ARM.Collect$$_printf_percent$$00000000) for _printf_percent
    main.o(.text.main) refers (Special) to _printf_pad.o(.text) for _printf_pre_padding
    main.o(.text.main) refers to urst_clk_init.o(.text.m_setUpFreq) for m_setUpFreq
    main.o(.text.main) refers to u_led_func.o(.text.m_initLEDs) for m_initLEDs
    main.o(.text.main) refers to ulcd_func.o(.text.m_MLT_Init) for m_MLT_Init
    main.o(.text.main) refers to utimer_init.o(.text.m_setUpTimer) for m_setUpTimer
    main.o(.text.main) refers to uuart_func.o(.text.m_UART_Init) for m_UART_Init
    main.o(.text.main) refers to ulcd_func.o(.text.m_MLT_Put_String) for m_MLT_Put_String
    main.o(.text.main) refers to main.o(.bss.adcString) for adcString
    main.o(.text.main) refers to noretval__2sprintf.o(.text) for __2sprintf
    main.o(.text.main) refers to main.o(.text.__NVIC_EnableIRQ) for __NVIC_EnableIRQ
    main.o(.text.main) refers to main.o(.bss.counter_handler) for counter_handler
    main.o(.ARM.exidx.text.main) refers (Special) to _printf_d.o(.ARM.Collect$$_printf_percent$$00000009) for _printf_d
    main.o(.ARM.exidx.text.main) refers (Special) to _printf_dec.o(.text) for _printf_int_dec
    main.o(.ARM.exidx.text.main) refers (Special) to _printf_percent.o(.ARM.Collect$$_printf_percent$$00000000) for _printf_percent
    main.o(.ARM.exidx.text.main) refers (Special) to _printf_pad.o(.text) for _printf_pre_padding
    main.o(.ARM.exidx.text.main) refers to main.o(.text.main) for [Anonymous Symbol]
    main.o(.text.__NVIC_EnableIRQ) refers (Special) to _printf_d.o(.ARM.Collect$$_printf_percent$$00000009) for _printf_d
    main.o(.text.__NVIC_EnableIRQ) refers (Special) to _printf_dec.o(.text) for _printf_int_dec
    main.o(.text.__NVIC_EnableIRQ) refers (Special) to _printf_percent.o(.ARM.Collect$$_printf_percent$$00000000) for _printf_percent
    main.o(.text.__NVIC_EnableIRQ) refers (Special) to _printf_pad.o(.text) for _printf_pre_padding
    main.o(.ARM.exidx.text.__NVIC_EnableIRQ) refers (Special) to _printf_d.o(.ARM.Collect$$_printf_percent$$00000009) for _printf_d
    main.o(.ARM.exidx.text.__NVIC_EnableIRQ) refers (Special) to _printf_dec.o(.text) for _printf_int_dec
    main.o(.ARM.exidx.text.__NVIC_EnableIRQ) refers (Special) to _printf_percent.o(.ARM.Collect$$_printf_percent$$00000000) for _printf_percent
    main.o(.ARM.exidx.text.__NVIC_EnableIRQ) refers (Special) to _printf_pad.o(.text) for _printf_pre_padding
    main.o(.ARM.exidx.text.__NVIC_EnableIRQ) refers to main.o(.text.__NVIC_EnableIRQ) for [Anonymous Symbol]
    main.o(.text.TIMER1_IRQHandler) refers (Special) to _printf_d.o(.ARM.Collect$$_printf_percent$$00000009) for _printf_d
    main.o(.text.TIMER1_IRQHandler) refers (Special) to _printf_dec.o(.text) for _printf_int_dec
    main.o(.text.TIMER1_IRQHandler) refers (Special) to _printf_percent.o(.ARM.Collect$$_printf_percent$$00000000) for _printf_percent
    main.o(.text.TIMER1_IRQHandler) refers (Special) to _printf_pad.o(.text) for _printf_pre_padding
    main.o(.text.TIMER1_IRQHandler) refers to mdr32f9qx_timer.o(.text.TIMER_GetITStatus) for TIMER_GetITStatus
    main.o(.text.TIMER1_IRQHandler) refers to u_led_func.o(.text.m_LED_toggle) for m_LED_toggle
    main.o(.text.TIMER1_IRQHandler) refers to main.o(.bss.counter_handler) for counter_handler
    main.o(.text.TIMER1_IRQHandler) refers to mdr32f9qx_timer.o(.text.TIMER_ClearFlag) for TIMER_ClearFlag
    main.o(.text.TIMER1_IRQHandler) refers to mdr32f9qx_uart.o(.text.UART_SendData) for UART_SendData
    main.o(.ARM.exidx.text.TIMER1_IRQHandler) refers (Special) to _printf_d.o(.ARM.Collect$$_printf_percent$$00000009) for _printf_d
    main.o(.ARM.exidx.text.TIMER1_IRQHandler) refers (Special) to _printf_dec.o(.text) for _printf_int_dec
    main.o(.ARM.exidx.text.TIMER1_IRQHandler) refers (Special) to _printf_percent.o(.ARM.Collect$$_printf_percent$$00000000) for _printf_percent
    main.o(.ARM.exidx.text.TIMER1_IRQHandler) refers (Special) to _printf_pad.o(.text) for _printf_pre_padding
    main.o(.ARM.exidx.text.TIMER1_IRQHandler) refers to main.o(.text.TIMER1_IRQHandler) for [Anonymous Symbol]
[...]
    rtexit.o(.ARM.exidx) refers (Special) to rtexit2.o(.ARM.Collect$$rtexit$$00000002) for __rt_exit_prels_1
    rtexit.o(.ARM.exidx) refers to rtexit.o(.ARM.Collect$$rtexit$$00000000) for .ARM.Collect$$rtexit$$00000000
    libinit2.o(.ARM.Collect$$libinit$$00000010) refers to libinit2.o(.ARM.Collect$$libinit$$0000000F) for .ARM.Collect$$libinit$$0000000F
    libinit2.o(.ARM.Collect$$libinit$$00000012) refers to libinit2.o(.ARM.Collect$$libinit$$0000000F) for .ARM.Collect$$libinit$$0000000F
    libinit2.o(.ARM.Collect$$libinit$$00000014) refers to libinit2.o(.ARM.Collect$$libinit$$0000000F) for .ARM.Collect$$libinit$$0000000F
    libinit2.o(.ARM.Collect$$libinit$$00000016) refers to libinit2.o(.ARM.Collect$$libinit$$0000000F) for .ARM.Collect$$libinit$$0000000F
    libinit2.o(.ARM.Collect$$libinit$$00000018) refers to libinit2.o(.ARM.Collect$$libinit$$0000000F) for .ARM.Collect$$libinit$$0000000F
    libinit2.o(.ARM.Collect$$libinit$$00000026) refers to argv_veneer.o(.emb_text) for __ARM_argv_veneer
    libinit2.o(.ARM.Collect$$libinit$$00000027) refers to argv_veneer.o(.emb_text) for __ARM_argv_veneer
    rtexit2.o(.ARM.Collect$$rtexit$$00000003) refers to libshutdown.o(.ARM.Collect$$libshutdown$$00000000) for __rt_lib_shutdown
    rtexit2.o(.ARM.Collect$$rtexit$$00000004) refers to sys_exit.o(.text) for _sys_exit
    rtexit2.o(.ARM.exidx) refers to rtexit2.o(.ARM.Collect$$rtexit$$00000001) for .ARM.Collect$$rtexit$$00000001
    rtexit2.o(.ARM.exidx) refers to rtexit2.o(.ARM.Collect$$rtexit$$00000003) for .ARM.Collect$$rtexit$$00000003
    rtexit2.o(.ARM.exidx) refers to rtexit2.o(.ARM.Collect$$rtexit$$00000004) for .ARM.Collect$$rtexit$$00000004
    argv_veneer.o(.emb_text) refers to no_argv.o(.text) for __ARM_get_argv
    sys_exit.o(.text) refers (Special) to use_no_semi.o(.text) for __I$use$semihosting
    sys_exit.o(.text) refers (Special) to indicate_semi.o(.text) for __semihosting_library_function
    sys_exit_hlt.o(.text) refers (Special) to use_no_semi.o(.text) for __I$use$semihosting
    sys_exit_hlt.o(.text) refers (Special) to indicate_semi.o(.text) for __semihosting_library_function
    _get_argv_nomalloc.o(.text) refers (Special) to hrguard.o(.text) for __heap_region$guard
    _get_argv_nomalloc.o(.text) refers to defsig_rtmem_outer.o(.text) for __rt_SIGRTMEM
    _get_argv_nomalloc.o(.text) refers to sys_command.o(.text) for _sys_command_string
    libshutdown.o(.ARM.Collect$$libshutdown$$00000000) refers (Special) to libshutdown2.o(.ARM.Collect$$libshutdown$$00000002) for __rt_lib_shutdown_cpp_1
    libshutdown.o(.ARM.Collect$$libshutdown$$00000000) refers (Special) to libshutdown2.o(.ARM.Collect$$libshutdown$$00000007) for __rt_lib_shutdown_fp_trap_1
    libshutdown.o(.ARM.Collect$$libshutdown$$00000000) refers (Special) to libshutdown2.o(.ARM.Collect$$libshutdown$$0000000F) for __rt_lib_shutdown_heap_1
    libshutdown.o(.ARM.Collect$$libshutdown$$00000000) refers (Special) to libshutdown2.o(.ARM.Collect$$libshutdown$$00000010) for __rt_lib_shutdown_return
    libshutdown.o(.ARM.Collect$$libshutdown$$00000000) refers (Special) to libshutdown2.o(.ARM.Collect$$libshutdown$$0000000A) for __rt_lib_shutdown_signal_1
    libshutdown.o(.ARM.Collect$$libshutdown$$00000000) refers (Special) to libshutdown2.o(.ARM.Collect$$libshutdown$$00000004) for __rt_lib_shutdown_stdio_1
    libshutdown.o(.ARM.Collect$$libshutdown$$00000000) refers (Special) to libshutdown2.o(.ARM.Collect$$libshutdown$$0000000C) for __rt_lib_shutdown_user_alloc_1
    sys_command.o(.text) refers (Special) to use_no_semi.o(.text) for __I$use$semihosting
    sys_command.o(.text) refers (Special) to indicate_semi.o(.text) for __semihosting_library_function
    sys_command_hlt.o(.text) refers (Special) to use_no_semi.o(.text) for __I$use$semihosting
    sys_command_hlt.o(.text) refers (Special) to indicate_semi.o(.text) for __semihosting_library_function
    defsig_rtmem_outer.o(.text) refers to defsig_rtmem_inner.o(.text) for __rt_SIGRTMEM_inner
    defsig_rtmem_outer.o(.text) refers to defsig_exit.o(.text) for __sig_exit
    defsig_rtmem_formal.o(.text) refers to rt_raise.o(.text) for __rt_raise
    rt_raise.o(.text) refers to __raise.o(.text) for __raise
    rt_raise.o(.text) refers to sys_exit.o(.text) for _sys_exit
    defsig_exit.o(.text) refers to sys_exit.o(.text) for _sys_exit
    defsig_rtmem_inner.o(.text) refers to defsig_general.o(.text) for __default_signal_display
    __raise.o(.text) refers to defsig.o(CL$$defsig) for __default_signal_handler
    defsig_general.o(.text) refers to sys_wrch.o(.text) for _ttywrch
    sys_wrch.o(.text) refers (Special) to use_no_semi.o(.text) for __I$use$semihosting
    sys_wrch.o(.text) refers (Special) to indicate_semi.o(.text) for __semihosting_library_function
    sys_wrch_hlt.o(.text) refers (Special) to use_no_semi.o(.text) for __I$use$semihosting
    sys_wrch_hlt.o(.text) refers (Special) to indicate_semi.o(.text) for __semihosting_library_function
    defsig.o(CL$$defsig) refers to defsig_rtmem_inner.o(.text) for __rt_SIGRTMEM_inner
    defsig_abrt_inner.o(.text) refers to defsig_general.o(.text) for __default_signal_display
    defsig_fpe_inner.o(.text) refers to defsig_general.o(.text) for __default_signal_display
    defsig_rtred_inner.o(.text) refers to defsig_general.o(.text) for __default_signal_display
    defsig_stak_inner.o(.text) refers to defsig_general.o(.text) for __default_signal_display
    defsig_pvfn_inner.o(.text) refers to defsig_general.o(.text) for __default_signal_display
    defsig_cppl_inner.o(.text) refers to defsig_general.o(.text) for __default_signal_display
    defsig_segv_inner.o(.text) refers to defsig_general.o(.text) for __default_signal_display
    defsig_other.o(.text) refers to defsig_general.o(.text) for __default_signal_display


==============================================================================

Removing Unused input sections from the image.

    Removing main.o(.text), (0 bytes).
    Removing main.o(.ARM.exidx.text.main), (8 bytes).
    Removing main.o(.ARM.exidx.text.__NVIC_EnableIRQ), (8 bytes).
    Removing main.o(.ARM.exidx.text.TIMER1_IRQHandler), (8 bytes).
    Removing main.o(.bss.Data_receive), (4 bytes).
    Removing main.o(.data.speed_uart), (4 bytes).
    Removing main.o(.bss.i), (4 bytes).
    Removing main.o(.bss.speed_char), (10 bytes).
    Removing main.o(.ARM.use_no_argv), (4 bytes).
    Removing ulcd_func.o(.text), (0 bytes).
    Removing ulcd_func.o(.ARM.exidx.text.m_MLT_Init), (8 bytes).
    Removing ulcd_func.o(.ARM.exidx.text.m_MLT_Pin_Cfg), (8 bytes).
    Removing ulcd_func.o(.ARM.exidx.text.m_MLT_LCD_Init), (8 bytes).
    Removing ulcd_func.o(.ARM.exidx.text.m_MLT_Read_Status), (8 bytes).
    Removing ulcd_func.o(.ARM.exidx.text.m_MLT_Disp_On), (8 bytes).
    Removing ulcd_func.o(.ARM.exidx.text.m_MLT_Clear_Chip), (8 bytes).
    Removing ulcd_func.o(.ARM.exidx.text.m_MLT_Delay), (8 bytes).
    Removing ulcd_func.o(.ARM.exidx.text.m_MLT_Set_Data_Bits), (8 bytes).
    Removing ulcd_func.o(.text.m_MLT_Disp_Off), (150 bytes).
    Removing ulcd_func.o(.ARM.exidx.text.m_MLT_Disp_Off), (8 bytes).
    Removing ulcd_func.o(.ARM.exidx.text.m_MLT_Set_Page), (8 bytes).
    Removing ulcd_func.o(.ARM.exidx.text.m_MLT_Set_Address), (8 bytes).
    Removing ulcd_func.o(.ARM.exidx.text.m_MLT_Write_Data), (8 bytes).
    Removing ulcd_func.o(.text.m_MLT_Read_Data), (156 bytes).
    Removing ulcd_func.o(.ARM.exidx.text.m_MLT_Read_Data), (8 bytes).
    Removing ulcd_func.o(.ARM.exidx.text.m_MLT_Clear_Page), (8 bytes).
    Removing ulcd_func.o(.ARM.exidx.text.m_MLT_Put_Char), (8 bytes).
    Removing ulcd_func.o(.ARM.exidx.text.m_MLT_Put_String), (8 bytes).
    Removing ulcd_func.o(.text.m_MLT_Scroll_String), (122 bytes).
    Removing ulcd_func.o(.ARM.exidx.text.m_MLT_Scroll_String), (8 bytes).
    Removing ulcd_func.o(.text.m_MLT_Put_Image), (150 bytes).
    Removing ulcd_func.o(.ARM.exidx.text.m_MLT_Put_Image), (8 bytes).
    Removing uuart_func.o(.text), (0 bytes).
    Removing uuart_func.o(.ARM.exidx.text.m_UART_Init), (8 bytes).
    Removing uuart_func.o(.text.m_UartSetBaud), (58 bytes).
    Removing uuart_func.o(.ARM.exidx.text.m_UartSetBaud), (8 bytes).
    Removing urst_clk_init.o(.text), (0 bytes).
    Removing urst_clk_init.o(.ARM.exidx.text.m_setUpFreq), (8 bytes).
    Removing utimer_init.o(.text), (0 bytes).
    Removing utimer_init.o(.ARM.exidx.text.m_setUpTimer), (8 bytes).
    Removing u_led_func.o(.text), (0 bytes).
    Removing u_led_func.o(.ARM.exidx.text.m_initLEDs), (8 bytes).
    Removing u_led_func.o(.text.m_LED_off), (16 bytes).
    Removing u_led_func.o(.ARM.exidx.text.m_LED_off), (8 bytes).
    Removing u_led_func.o(.text.m_LED_on), (16 bytes).
    Removing u_led_func.o(.ARM.exidx.text.m_LED_on), (8 bytes).
    Removing u_led_func.o(.ARM.exidx.text.m_LED_toggle), (8 bytes).
    Removing system_mdr1901vc1t.o(.text), (0 bytes).
    Removing system_mdr1901vc1t.o(.ARM.exidx.text.SystemCoreClockUpdate), (8 bytes).
    Removing system_mdr1901vc1t.o(.ARM.exidx.text.SystemInit), (8 bytes).
    Removing mdr32f9qx_port.o(.text), (0 bytes).
    Removing mdr32f9qx_port.o(.text.PORT_DeInit), (20 bytes).
    Removing mdr32f9qx_port.o(.ARM.exidx.text.PORT_DeInit), (8 bytes).
    Removing mdr32f9qx_port.o(.ARM.exidx.text.PORT_Init), (8 bytes).
    Removing mdr32f9qx_port.o(.ARM.exidx.text.PORT_StructInit), (8 bytes).
    Removing mdr32f9qx_port.o(.text.PORT_ReadInputDataBit), (10 bytes).
    Removing mdr32f9qx_port.o(.ARM.exidx.text.PORT_ReadInputDataBit), (8 bytes).
    Removing mdr32f9qx_port.o(.ARM.exidx.text.PORT_ReadInputData), (8 bytes).
    Removing mdr32f9qx_port.o(.ARM.exidx.text.PORT_SetBits), (8 bytes).
    Removing mdr32f9qx_port.o(.ARM.exidx.text.PORT_ResetBits), (8 bytes).
    Removing mdr32f9qx_port.o(.text.PORT_WriteBit), (44 bytes).
    Removing mdr32f9qx_port.o(.ARM.exidx.text.PORT_WriteBit), (8 bytes).
    Removing mdr32f9qx_port.o(.ARM.exidx.text.PORT_Write), (8 bytes).
    Removing mdr32f9qx_rst_clk.o(.text), (0 bytes).
    Removing mdr32f9qx_rst_clk.o(.text.RST_CLK_DeInit), (42 bytes).
    Removing mdr32f9qx_rst_clk.o(.ARM.exidx.text.RST_CLK_DeInit), (8 bytes).
    Removing mdr32f9qx_rst_clk.o(.text.RST_CLK_WarmDeInit), (80 bytes).
    Removing mdr32f9qx_rst_clk.o(.ARM.exidx.text.RST_CLK_WarmDeInit), (8 bytes).
    Removing mdr32f9qx_rst_clk.o(.text.RST_CLK_PCLKcmd), (24 bytes).
    Removing mdr32f9qx_rst_clk.o(.ARM.exidx.text.RST_CLK_PCLKcmd), (8 bytes).
    Removing mdr32f9qx_rst_clk.o(.text.RST_CLK_HSIcmd), (12 bytes).
    Removing mdr32f9qx_rst_clk.o(.ARM.exidx.text.RST_CLK_HSIcmd), (8 bytes).
    Removing mdr32f9qx_rst_clk.o(.text.RST_CLK_HSIstatus), (48 bytes).
    Removing mdr32f9qx_rst_clk.o(.ARM.exidx.text.RST_CLK_HSIstatus), (8 bytes).
    Removing mdr32f9qx_rst_clk.o(.text.RST_CLK_CPUclkSelection), (18 bytes).
    Removing mdr32f9qx_rst_clk.o(.ARM.exidx.text.RST_CLK_CPUclkSelection), (8 bytes).
    Removing mdr32f9qx_rst_clk.o(.text.RST_CLK_HSEconfig), (38 bytes).
    Removing mdr32f9qx_rst_clk.o(.ARM.exidx.text.RST_CLK_HSEconfig), (8 bytes).
    Removing mdr32f9qx_rst_clk.o(.text.RST_CLK_HSEstatus), (48 bytes).
    Removing mdr32f9qx_rst_clk.o(.ARM.exidx.text.RST_CLK_HSEstatus), (8 bytes).
    Removing mdr32f9qx_rst_clk.o(.text.RST_CLK_GetFlagStatus), (38 bytes).
    Removing mdr32f9qx_rst_clk.o(.ARM.exidx.text.RST_CLK_GetFlagStatus), (8 bytes).
    Removing mdr32f9qx_rst_clk.o(.text.RST_CLK_LSEconfig), (40 bytes).
    Removing mdr32f9qx_rst_clk.o(.ARM.exidx.text.RST_CLK_LSEconfig), (8 bytes).
    Removing mdr32f9qx_rst_clk.o(.text.RST_CLK_LSEstatus), (48 bytes).
    Removing mdr32f9qx_rst_clk.o(.ARM.exidx.text.RST_CLK_LSEstatus), (8 bytes).
    Removing mdr32f9qx_rst_clk.o(.text.RST_CLK_HSIadjust), (22 bytes).
    Removing mdr32f9qx_rst_clk.o(.ARM.exidx.text.RST_CLK_HSIadjust), (8 bytes).
    Removing mdr32f9qx_rst_clk.o(.text.RST_CLK_LSIcmd), (12 bytes).
    Removing mdr32f9qx_rst_clk.o(.ARM.exidx.text.RST_CLK_LSIcmd), (8 bytes).
    Removing mdr32f9qx_rst_clk.o(.text.RST_CLK_LSIadjust), (22 bytes).
    Removing mdr32f9qx_rst_clk.o(.ARM.exidx.text.RST_CLK_LSIadjust), (8 bytes).
    Removing mdr32f9qx_rst_clk.o(.text.RST_CLK_LSIstatus), (48 bytes).
    Removing mdr32f9qx_rst_clk.o(.ARM.exidx.text.RST_CLK_LSIstatus), (8 bytes).
    Removing mdr32f9qx_rst_clk.o(.text.RST_CLK_CPU_PLLconfig), (54 bytes).
    Removing mdr32f9qx_rst_clk.o(.ARM.exidx.text.RST_CLK_CPU_PLLconfig), (8 bytes).
    Removing mdr32f9qx_rst_clk.o(.text.RST_CLK_CPU_PLLuse), (12 bytes).
    Removing mdr32f9qx_rst_clk.o(.ARM.exidx.text.RST_CLK_CPU_PLLuse), (8 bytes).
    Removing mdr32f9qx_rst_clk.o(.text.RST_CLK_CPU_PLLcmd), (10 bytes).
    Removing mdr32f9qx_rst_clk.o(.ARM.exidx.text.RST_CLK_CPU_PLLcmd), (8 bytes).
    Removing mdr32f9qx_rst_clk.o(.text.RST_CLK_CPU_PLLstatus), (48 bytes).
    Removing mdr32f9qx_rst_clk.o(.ARM.exidx.text.RST_CLK_CPU_PLLstatus), (8 bytes).
    Removing mdr32f9qx_rst_clk.o(.text.RST_CLK_CPUclkPrescaler), (20 bytes).
    Removing mdr32f9qx_rst_clk.o(.ARM.exidx.text.RST_CLK_CPUclkPrescaler), (8 bytes).
    Removing mdr32f9qx_rst_clk.o(.text.RST_CLK_USB_PLLconfig), (54 bytes).
    Removing mdr32f9qx_rst_clk.o(.ARM.exidx.text.RST_CLK_USB_PLLconfig), (8 bytes).
    Removing mdr32f9qx_rst_clk.o(.text.RST_CLK_USB_PLLuse), (12 bytes).
    Removing mdr32f9qx_rst_clk.o(.ARM.exidx.text.RST_CLK_USB_PLLuse), (8 bytes).
    Removing mdr32f9qx_rst_clk.o(.text.RST_CLK_USB_PLLcmd), (10 bytes).
    Removing mdr32f9qx_rst_clk.o(.ARM.exidx.text.RST_CLK_USB_PLLcmd), (8 bytes).
    Removing mdr32f9qx_rst_clk.o(.text.RST_CLK_USB_PLLstatus), (48 bytes).
    Removing mdr32f9qx_rst_clk.o(.ARM.exidx.text.RST_CLK_USB_PLLstatus), (8 bytes).
    Removing mdr32f9qx_rst_clk.o(.text.RST_CLK_USBclkPrescaler), (12 bytes).
    Removing mdr32f9qx_rst_clk.o(.ARM.exidx.text.RST_CLK_USBclkPrescaler), (8 bytes).
    Removing mdr32f9qx_rst_clk.o(.text.RST_CLK_USBclkEnable), (12 bytes).
    Removing mdr32f9qx_rst_clk.o(.ARM.exidx.text.RST_CLK_USBclkEnable), (8 bytes).
    Removing mdr32f9qx_rst_clk.o(.text.RST_CLK_ADCclkSelection), (18 bytes).
    Removing mdr32f9qx_rst_clk.o(.ARM.exidx.text.RST_CLK_ADCclkSelection), (8 bytes).
    Removing mdr32f9qx_rst_clk.o(.text.RST_CLK_ADCclkPrescaler), (20 bytes).
    Removing mdr32f9qx_rst_clk.o(.ARM.exidx.text.RST_CLK_ADCclkPrescaler), (8 bytes).
    Removing mdr32f9qx_rst_clk.o(.text.RST_CLK_ADCclkEnable), (12 bytes).
    Removing mdr32f9qx_rst_clk.o(.ARM.exidx.text.RST_CLK_ADCclkEnable), (8 bytes).
    Removing mdr32f9qx_rst_clk.o(.text.RST_CLK_HSIclkPrescaler), (20 bytes).
    Removing mdr32f9qx_rst_clk.o(.ARM.exidx.text.RST_CLK_HSIclkPrescaler), (8 bytes).
    Removing mdr32f9qx_rst_clk.o(.text.RST_CLK_RTC_HSIclkEnable), (12 bytes).
    Removing mdr32f9qx_rst_clk.o(.ARM.exidx.text.RST_CLK_RTC_HSIclkEnable), (8 bytes).
    Removing mdr32f9qx_rst_clk.o(.text.RST_CLK_HSEclkPrescaler), (18 bytes).
    Removing mdr32f9qx_rst_clk.o(.ARM.exidx.text.RST_CLK_HSEclkPrescaler), (8 bytes).
    Removing mdr32f9qx_rst_clk.o(.text.RST_CLK_RTC_HSEclkEnable), (12 bytes).
    Removing mdr32f9qx_rst_clk.o(.ARM.exidx.text.RST_CLK_RTC_HSEclkEnable), (8 bytes).
    Removing mdr32f9qx_rst_clk.o(.text.RST_CLK_CPUclkSelectionC1), (18 bytes).
    Removing mdr32f9qx_rst_clk.o(.ARM.exidx.text.RST_CLK_CPUclkSelectionC1), (8 bytes).
    Removing mdr32f9qx_rst_clk.o(.text.RST_CLK_AUCclkDeInit), (22 bytes).
    Removing mdr32f9qx_rst_clk.o(.ARM.exidx.text.RST_CLK_AUCclkDeInit), (8 bytes).
    Removing mdr32f9qx_rst_clk.o(.text.RST_CLK_AUCclkSelection), (18 bytes).
    Removing mdr32f9qx_rst_clk.o(.ARM.exidx.text.RST_CLK_AUCclkSelection), (8 bytes).
    Removing mdr32f9qx_rst_clk.o(.text.RST_CLK_AUCclkPrescaler), (18 bytes).
    Removing mdr32f9qx_rst_clk.o(.ARM.exidx.text.RST_CLK_AUCclkPrescaler), (8 bytes).
    Removing mdr32f9qx_rst_clk.o(.text.RST_CLK_AUCclkCMD), (24 bytes).
    Removing mdr32f9qx_rst_clk.o(.ARM.exidx.text.RST_CLK_AUCclkCMD), (8 bytes).
    Removing mdr32f9qx_rst_clk.o(.ARM.exidx.text.RST_CLK_GetClocksFreq), (8 bytes).
    Removing mdr32f9qx_rst_clk.o(.text.RST_CLK_DSP_Selection), (18 bytes).
    Removing mdr32f9qx_rst_clk.o(.ARM.exidx.text.RST_CLK_DSP_Selection), (8 bytes).
    Removing mdr32f9qx_rst_clk.o(.text.RST_CLK_DSPPLLConfig), (44 bytes).
    Removing mdr32f9qx_rst_clk.o(.ARM.exidx.text.RST_CLK_DSPPLLConfig), (8 bytes).
    Removing mdr32f9qx_rst_clk.o(.text.RST_CLK_DSPPLL_CMD), (10 bytes).
    Removing mdr32f9qx_rst_clk.o(.ARM.exidx.text.RST_CLK_DSPPLL_CMD), (8 bytes).
    Removing mdr32f9qx_rst_clk.o(.text.RST_CLK_DSP_PLLStatus), (48 bytes).
    Removing mdr32f9qx_rst_clk.o(.ARM.exidx.text.RST_CLK_DSP_PLLStatus), (8 bytes).
    Removing mdr32f9qx_rst_clk.o(.text.RST_CLK_DSP_PLLUse), (12 bytes).
    Removing mdr32f9qx_rst_clk.o(.ARM.exidx.text.RST_CLK_DSP_PLLUse), (8 bytes).
    Removing mdr32f9qx_rst_clk.o(.text.RST_CLK_DSPPrescaler), (12 bytes).
    Removing mdr32f9qx_rst_clk.o(.ARM.exidx.text.RST_CLK_DSPPrescaler), (8 bytes).
    Removing mdr32f9qx_rst_clk.o(.text.RST_CLK_DSPCmd), (12 bytes).
    Removing mdr32f9qx_rst_clk.o(.ARM.exidx.text.RST_CLK_DSPCmd), (8 bytes).
    Removing mdr32f9qx_timer.o(.text), (0 bytes).
    Removing mdr32f9qx_timer.o(.ARM.exidx.text.TIMER_DeInit), (8 bytes).
    Removing mdr32f9qx_timer.o(.ARM.exidx.text.TIMER_CntInit), (8 bytes).
    Removing mdr32f9qx_timer.o(.text.TIMER_CntStructInit), (16 bytes).
    Removing mdr32f9qx_timer.o(.ARM.exidx.text.TIMER_CntStructInit), (8 bytes).
    Removing mdr32f9qx_timer.o(.ARM.exidx.text.TIMER_Cmd), (8 bytes).
    Removing mdr32f9qx_timer.o(.text.TIMER_SetCounter), (4 bytes).
    Removing mdr32f9qx_timer.o(.ARM.exidx.text.TIMER_SetCounter), (8 bytes).
    Removing mdr32f9qx_timer.o(.text.TIMER_GetCounter), (6 bytes).
    Removing mdr32f9qx_timer.o(.ARM.exidx.text.TIMER_GetCounter), (8 bytes).
    Removing mdr32f9qx_timer.o(.text.TIMER_SetCntPrescaler), (4 bytes).
    Removing mdr32f9qx_timer.o(.ARM.exidx.text.TIMER_SetCntPrescaler), (8 bytes).
    Removing mdr32f9qx_timer.o(.text.TIMER_GetCntPrescaler), (6 bytes).
    Removing mdr32f9qx_timer.o(.ARM.exidx.text.TIMER_GetCntPrescaler), (8 bytes).
    Removing mdr32f9qx_timer.o(.text.TIMER_SetCntAutoreload), (4 bytes).
    Removing mdr32f9qx_timer.o(.ARM.exidx.text.TIMER_SetCntAutoreload), (8 bytes).
    Removing mdr32f9qx_timer.o(.text.TIMER_CntAutoreloadConfig), (14 bytes).
    Removing mdr32f9qx_timer.o(.ARM.exidx.text.TIMER_CntAutoreloadConfig), (8 bytes).
    Removing mdr32f9qx_timer.o(.text.TIMER_GetCntAutoreload), (6 bytes).
    Removing mdr32f9qx_timer.o(.ARM.exidx.text.TIMER_GetCntAutoreload), (8 bytes).
    Removing mdr32f9qx_timer.o(.text.TIMER_CntEventSourceConfig), (12 bytes).
    Removing mdr32f9qx_timer.o(.ARM.exidx.text.TIMER_CntEventSourceConfig), (8 bytes).
    Removing mdr32f9qx_timer.o(.text.TIMER_FilterSamplingConfig), (12 bytes).
    Removing mdr32f9qx_timer.o(.ARM.exidx.text.TIMER_FilterSamplingConfig), (8 bytes).
    Removing mdr32f9qx_timer.o(.text.TIMER_CounterModeConfig), (12 bytes).
    Removing mdr32f9qx_timer.o(.ARM.exidx.text.TIMER_CounterModeConfig), (8 bytes).
    Removing mdr32f9qx_timer.o(.text.TIMER_SetCounterDirection), (12 bytes).
    Removing mdr32f9qx_timer.o(.ARM.exidx.text.TIMER_SetCounterDirection), (8 bytes).
    Removing mdr32f9qx_timer.o(.text.TIMER_ETRInputConfig), (20 bytes).
    Removing mdr32f9qx_timer.o(.ARM.exidx.text.TIMER_ETRInputConfig), (8 bytes).
    Removing mdr32f9qx_timer.o(.text.TIMER_ETRFilterConfig), (14 bytes).
    Removing mdr32f9qx_timer.o(.ARM.exidx.text.TIMER_ETRFilterConfig), (8 bytes).
    Removing mdr32f9qx_timer.o(.text.TIMER_ETRPrescalerConfig), (12 bytes).
    Removing mdr32f9qx_timer.o(.ARM.exidx.text.TIMER_ETRPrescalerConfig), (8 bytes).
    Removing mdr32f9qx_timer.o(.text.TIMER_ETRPolarityConfig), (12 bytes).
    Removing mdr32f9qx_timer.o(.ARM.exidx.text.TIMER_ETRPolarityConfig), (8 bytes).
    Removing mdr32f9qx_timer.o(.text.TIMER_BRKPolarityConfig), (12 bytes).
    Removing mdr32f9qx_timer.o(.ARM.exidx.text.TIMER_BRKPolarityConfig), (8 bytes).
    Removing mdr32f9qx_timer.o(.text.TIMER_GetCounterDirection), (8 bytes).
    Removing mdr32f9qx_timer.o(.ARM.exidx.text.TIMER_GetCounterDirection), (8 bytes).
    Removing mdr32f9qx_timer.o(.text.TIMER_GetCntWriteComplete), (8 bytes).
    Removing mdr32f9qx_timer.o(.ARM.exidx.text.TIMER_GetCntWriteComplete), (8 bytes).
    Removing mdr32f9qx_timer.o(.text.TIMER_ChnInit), (70 bytes).
    Removing mdr32f9qx_timer.o(.ARM.exidx.text.TIMER_ChnInit), (8 bytes).
    Removing mdr32f9qx_timer.o(.text.TIMER_ChnStructInit), (16 bytes).
    Removing mdr32f9qx_timer.o(.ARM.exidx.text.TIMER_ChnStructInit), (8 bytes).
    Removing mdr32f9qx_timer.o(.text.TIMER_SetChnCompare), (8 bytes).
    Removing mdr32f9qx_timer.o(.ARM.exidx.text.TIMER_SetChnCompare), (8 bytes).
    Removing mdr32f9qx_timer.o(.text.TIMER_ChnCompareConfig), (18 bytes).
    Removing mdr32f9qx_timer.o(.ARM.exidx.text.TIMER_ChnCompareConfig), (8 bytes).
    Removing mdr32f9qx_timer.o(.text.TIMER_GetChnCapture), (10 bytes).
    Removing mdr32f9qx_timer.o(.ARM.exidx.text.TIMER_GetChnCapture), (8 bytes).
    Removing mdr32f9qx_timer.o(.text.TIMER_SetChnCompare1), (8 bytes).
    Removing mdr32f9qx_timer.o(.ARM.exidx.text.TIMER_SetChnCompare1), (8 bytes).
    Removing mdr32f9qx_timer.o(.text.TIMER_ChnCompare1Config), (18 bytes).
    Removing mdr32f9qx_timer.o(.ARM.exidx.text.TIMER_ChnCompare1Config), (8 bytes).
    Removing mdr32f9qx_timer.o(.text.TIMER_GetChnCapture1), (10 bytes).
    Removing mdr32f9qx_timer.o(.ARM.exidx.text.TIMER_GetChnCapture1), (8 bytes).
    Removing mdr32f9qx_timer.o(.text.TIMER_ChnETR_Cmd), (22 bytes).
    Removing mdr32f9qx_timer.o(.ARM.exidx.text.TIMER_ChnETR_Cmd), (8 bytes).
    Removing mdr32f9qx_timer.o(.text.TIMER_ChnETRResetConfig), (16 bytes).
    Removing mdr32f9qx_timer.o(.ARM.exidx.text.TIMER_ChnETRResetConfig), (8 bytes).
    Removing mdr32f9qx_timer.o(.text.TIMER_ChnBRKResetConfig), (16 bytes).
    Removing mdr32f9qx_timer.o(.ARM.exidx.text.TIMER_ChnBRKResetConfig), (8 bytes).
    Removing mdr32f9qx_timer.o(.text.TIMER_ChnREFFormatConfig), (16 bytes).
    Removing mdr32f9qx_timer.o(.ARM.exidx.text.TIMER_ChnREFFormatConfig), (8 bytes).
    Removing mdr32f9qx_timer.o(.text.TIMER_ChnCapturePrescalerConfig), (18 bytes).
    Removing mdr32f9qx_timer.o(.ARM.exidx.text.TIMER_ChnCapturePrescalerConfig), (8 bytes).
    Removing mdr32f9qx_timer.o(.text.TIMER_ChnEventSourceConfig), (16 bytes).
    Removing mdr32f9qx_timer.o(.ARM.exidx.text.TIMER_ChnEventSourceConfig), (8 bytes).
    Removing mdr32f9qx_timer.o(.text.TIMER_ChnFilterConfig), (16 bytes).
    Removing mdr32f9qx_timer.o(.ARM.exidx.text.TIMER_ChnFilterConfig), (8 bytes).
    Removing mdr32f9qx_timer.o(.text.TIMER_GetChnWriteComplete), (12 bytes).
    Removing mdr32f9qx_timer.o(.ARM.exidx.text.TIMER_GetChnWriteComplete), (8 bytes).
    Removing mdr32f9qx_timer.o(.text.TIMER_ChnCCR1_EventSourceConfig), (16 bytes).
    Removing mdr32f9qx_timer.o(.ARM.exidx.text.TIMER_ChnCCR1_EventSourceConfig), (8 bytes).
    Removing mdr32f9qx_timer.o(.text.TIMER_ChnCCR1_Cmd), (20 bytes).
    Removing mdr32f9qx_timer.o(.ARM.exidx.text.TIMER_ChnCCR1_Cmd), (8 bytes).
    Removing mdr32f9qx_timer.o(.text.TIMER_ChnOutInit), (60 bytes).
    Removing mdr32f9qx_timer.o(.ARM.exidx.text.TIMER_ChnOutInit), (8 bytes).
    Removing mdr32f9qx_timer.o(.text.TIMER_ChnOutStructInit), (22 bytes).
    Removing mdr32f9qx_timer.o(.ARM.exidx.text.TIMER_ChnOutStructInit), (8 bytes).
    Removing mdr32f9qx_timer.o(.text.TIMER_ChnOutConfig), (28 bytes).
    Removing mdr32f9qx_timer.o(.ARM.exidx.text.TIMER_ChnOutConfig), (8 bytes).
    Removing mdr32f9qx_timer.o(.text.TIMER_ChnOutSourceConfig), (18 bytes).
    Removing mdr32f9qx_timer.o(.ARM.exidx.text.TIMER_ChnOutSourceConfig), (8 bytes).
    Removing mdr32f9qx_timer.o(.text.TIMER_ChnOutModeConfig), (16 bytes).
    Removing mdr32f9qx_timer.o(.ARM.exidx.text.TIMER_ChnOutModeConfig), (8 bytes).
    Removing mdr32f9qx_timer.o(.text.TIMER_ChnOutPolarityConfig), (18 bytes).
    Removing mdr32f9qx_timer.o(.ARM.exidx.text.TIMER_ChnOutPolarityConfig), (8 bytes).
    Removing mdr32f9qx_timer.o(.text.TIMER_ChnNOutConfig), (30 bytes).
    Removing mdr32f9qx_timer.o(.ARM.exidx.text.TIMER_ChnNOutConfig), (8 bytes).
    Removing mdr32f9qx_timer.o(.text.TIMER_ChnNOutSourceConfig), (18 bytes).
    Removing mdr32f9qx_timer.o(.ARM.exidx.text.TIMER_ChnNOutSourceConfig), (8 bytes).
    Removing mdr32f9qx_timer.o(.text.TIMER_ChnNOutModeConfig), (18 bytes).
    Removing mdr32f9qx_timer.o(.ARM.exidx.text.TIMER_ChnNOutModeConfig), (8 bytes).
    Removing mdr32f9qx_timer.o(.text.TIMER_ChnNOutPolarityConfig), (18 bytes).
    Removing mdr32f9qx_timer.o(.ARM.exidx.text.TIMER_ChnNOutPolarityConfig), (8 bytes).
    Removing mdr32f9qx_timer.o(.text.TIMER_ChnOutDTGConfig), (18 bytes).
    Removing mdr32f9qx_timer.o(.ARM.exidx.text.TIMER_ChnOutDTGConfig), (8 bytes).
    Removing mdr32f9qx_timer.o(.text.TIMER_GetStatus), (4 bytes).
    Removing mdr32f9qx_timer.o(.ARM.exidx.text.TIMER_GetStatus), (8 bytes).
    Removing mdr32f9qx_timer.o(.text.TIMER_GetFlagStatus), (10 bytes).
    Removing mdr32f9qx_timer.o(.ARM.exidx.text.TIMER_GetFlagStatus), (8 bytes).
    Removing mdr32f9qx_timer.o(.ARM.exidx.text.TIMER_ClearFlag), (8 bytes).
    Removing mdr32f9qx_timer.o(.text.TIMER_DMACmd), (20 bytes).
    Removing mdr32f9qx_timer.o(.ARM.exidx.text.TIMER_DMACmd), (8 bytes).
    Removing mdr32f9qx_timer.o(.ARM.exidx.text.TIMER_ITConfig), (8 bytes).
    Removing mdr32f9qx_timer.o(.ARM.exidx.text.TIMER_GetITStatus), (8 bytes).
    Removing mdr32f9qx_timer.o(.ARM.exidx.text.TIMER_BRGInit), (8 bytes).
    Removing mdr32f9qx_uart.o(.text), (0 bytes).
    Removing mdr32f9qx_uart.o(.ARM.exidx.text.UART_DeInit), (8 bytes).
    Removing mdr32f9qx_uart.o(.ARM.exidx.text.UART_Init), (8 bytes).
    Removing mdr32f9qx_uart.o(.text.UART_StructInit), (20 bytes).
    Removing mdr32f9qx_uart.o(.ARM.exidx.text.UART_StructInit), (8 bytes).
    Removing mdr32f9qx_uart.o(.ARM.exidx.text.UART_Cmd), (8 bytes).
    Removing mdr32f9qx_uart.o(.text.UART_ITConfig), (16 bytes).
    Removing mdr32f9qx_uart.o(.ARM.exidx.text.UART_ITConfig), (8 bytes).
    Removing mdr32f9qx_uart.o(.text.UART_GetITStatus), (14 bytes).
    Removing mdr32f9qx_uart.o(.ARM.exidx.text.UART_GetITStatus), (8 bytes).
    Removing mdr32f9qx_uart.o(.text.UART_GetITStatusMasked), (10 bytes).
    Removing mdr32f9qx_uart.o(.ARM.exidx.text.UART_GetITStatusMasked), (8 bytes).
    Removing mdr32f9qx_uart.o(.text.UART_ClearITPendingBit), (8 bytes).
    Removing mdr32f9qx_uart.o(.ARM.exidx.text.UART_ClearITPendingBit), (8 bytes).
    Removing mdr32f9qx_uart.o(.text.UART_DMAConfig), (8 bytes).
    Removing mdr32f9qx_uart.o(.ARM.exidx.text.UART_DMAConfig), (8 bytes).
    Removing mdr32f9qx_uart.o(.text.UART_DMACmd), (18 bytes).
    Removing mdr32f9qx_uart.o(.ARM.exidx.text.UART_DMACmd), (8 bytes).
    Removing mdr32f9qx_uart.o(.ARM.exidx.text.UART_SendData), (8 bytes).
    Removing mdr32f9qx_uart.o(.text.UART_ReceiveData), (6 bytes).
    Removing mdr32f9qx_uart.o(.ARM.exidx.text.UART_ReceiveData), (8 bytes).
    Removing mdr32f9qx_uart.o(.text.UART_BreakLine), (22 bytes).
    Removing mdr32f9qx_uart.o(.ARM.exidx.text.UART_BreakLine), (8 bytes).
    Removing mdr32f9qx_uart.o(.text.UART_IrDAConfig), (46 bytes).
    Removing mdr32f9qx_uart.o(.ARM.exidx.text.UART_IrDAConfig), (8 bytes).
    Removing mdr32f9qx_uart.o(.text.UART_IrDACmd), (22 bytes).
    Removing mdr32f9qx_uart.o(.ARM.exidx.text.UART_IrDACmd), (8 bytes).
    Removing mdr32f9qx_uart.o(.text.UART_GetFlagStatus), (10 bytes).
    Removing mdr32f9qx_uart.o(.ARM.exidx.text.UART_GetFlagStatus), (8 bytes).
    Removing mdr32f9qx_uart.o(.ARM.exidx.text.UART_BRGInit), (8 bytes).

295 unused section(s) (total 4274 bytes) removed from the image.

==============================================================================

Image Symbol Table

    Local Symbols

    Symbol Name                              Value     Ov Type        Size  Object(Section)

    ../clib/angel/boardlib.s                 0x00000000   Number         0  boardinit1.o ABSOLUTE
    ../clib/angel/boardlib.s                 0x00000000   Number         0  boardinit2.o ABSOLUTE
    ../clib/angel/boardlib.s                 0x00000000   Number         0  boardinit3.o ABSOLUTE
    ../clib/angel/boardlib.s                 0x00000000   Number         0  boardshut.o ABSOLUTE
    ../clib/angel/handlers.s                 0x00000000   Number         0  __scatter_copy.o ABSOLUTE
    ../clib/angel/handlers.s                 0x00000000   Number         0  __scatter_zi.o ABSOLUTE
    ../clib/angel/kernel.s                   0x00000000   Number         0  __rtentry.o ABSOLUTE
    ../clib/angel/kernel.s                   0x00000000   Number         0  __rtentry2.o ABSOLUTE
    ../clib/angel/kernel.s                   0x00000000   Number         0  __rtentry4.o ABSOLUTE
    ../clib/angel/kernel.s                   0x00000000   Number         0  rtexit.o ABSOLUTE
    ../clib/angel/kernel.s                   0x00000000   Number         0  rtexit2.o ABSOLUTE
    ../clib/angel/rt.s                       0x00000000   Number         0  rt_raise.o ABSOLUTE
    ../clib/angel/scatter.s                  0x00000000   Number         0  __scatter.o ABSOLUTE
    ../clib/angel/startup.s                  0x00000000   Number         0  __main.o ABSOLUTE
    ../clib/angel/sys.s                      0x00000000   Number         0  sys_stackheap_outer.o ABSOLUTE
    ../clib/angel/sys.s                      0x00000000   Number         0  libspace.o ABSOLUTE
    ../clib/angel/sys.s                      0x00000000   Number         0  use_no_semi.o ABSOLUTE
    ../clib/angel/sys.s                      0x00000000   Number         0  indicate_semi.o ABSOLUTE
    ../clib/angel/sysapp.c                   0x00000000   Number         0  sys_exit.o ABSOLUTE
    ../clib/angel/sysapp.c                   0x00000000   Number         0  sys_exit_hlt.o ABSOLUTE
    ../clib/angel/sysapp.c                   0x00000000   Number         0  sys_command.o ABSOLUTE
    ../clib/angel/sysapp.c                   0x00000000   Number         0  sys_command_hlt.o ABSOLUTE
    ../clib/angel/sysapp.c                   0x00000000   Number         0  sys_wrch.o ABSOLUTE
    ../clib/angel/sysapp.c                   0x00000000   Number         0  sys_wrch_hlt.o ABSOLUTE
    ../clib/armsys.c                         0x00000000   Number         0  argv_veneer.o ABSOLUTE
    ../clib/armsys.c                         0x00000000   Number         0  argv_veneer.o ABSOLUTE
    ../clib/armsys.c                         0x00000000   Number         0  _get_argv_nomalloc.o ABSOLUTE
    ../clib/armsys.c                         0x00000000   Number         0  no_argv.o ABSOLUTE
    ../clib/heapalloc.c                      0x00000000   Number         0  hrguard.o ABSOLUTE
    ../clib/heapaux.c                        0x00000000   Number         0  heapauxi.o ABSOLUTE
    ../clib/libinit.s                        0x00000000   Number         0  libinit.o ABSOLUTE
    ../clib/libinit.s                        0x00000000   Number         0  libinit2.o ABSOLUTE
    ../clib/libinit.s                        0x00000000   Number         0  libshutdown.o ABSOLUTE
    ../clib/libinit.s                        0x00000000   Number         0  libshutdown2.o ABSOLUTE
    ../clib/misc.s                           0x00000000   Number         0  printf_stubs.o ABSOLUTE
    ../clib/printf.c                         0x00000000   Number         0  __2sprintf.o ABSOLUTE
    ../clib/printf.c                         0x00000000   Number         0  noretval__2sprintf.o ABSOLUTE
    ../clib/printf.c                         0x00000000   Number         0  __printf.o ABSOLUTE
    ../clib/printf.c                         0x00000000   Number         0  _printf_pad.o ABSOLUTE
    ../clib/printf.c                         0x00000000   Number         0  _printf_dec.o ABSOLUTE
    ../clib/printf.c                         0x00000000   Number         0  __printf_flags.o ABSOLUTE
    ../clib/printf.c                         0x00000000   Number         0  __printf_ss.o ABSOLUTE
    ../clib/printf.c                         0x00000000   Number         0  __printf_flags_ss.o ABSOLUTE
    ../clib/printf.c                         0x00000000   Number         0  __printf_wp.o ABSOLUTE
    ../clib/printf.c                         0x00000000   Number         0  __printf_flags_wp.o ABSOLUTE
    ../clib/printf.c                         0x00000000   Number         0  __printf_ss_wp.o ABSOLUTE
    ../clib/printf.c                         0x00000000   Number         0  __printf_flags_ss_wp.o ABSOLUTE
    ../clib/printf.c                         0x00000000   Number         0  _printf_intcommon.o ABSOLUTE
    ../clib/printf.c                         0x00000000   Number         0  _printf_char_common.o ABSOLUTE
    ../clib/printf.c                         0x00000000   Number         0  _sputc.o ABSOLUTE
    ../clib/printf.c                         0x00000000   Number         0  __printf_nopercent.o ABSOLUTE
    ../clib/printf_percent.s                 0x00000000   Number         0  _printf_d.o ABSOLUTE
    ../clib/printf_percent.s                 0x00000000   Number         0  _printf_percent.o ABSOLUTE
    ../clib/printf_percent.s                 0x00000000   Number         0  _printf_percent_end.o ABSOLUTE
    ../clib/signal.c                         0x00000000   Number         0  defsig_rtmem_outer.o ABSOLUTE
    ../clib/signal.c                         0x00000000   Number         0  defsig_rtmem_formal.o ABSOLUTE
    ../clib/signal.c                         0x00000000   Number         0  defsig_exit.o ABSOLUTE
    ../clib/signal.c                         0x00000000   Number         0  defsig_rtmem_inner.o ABSOLUTE
    ../clib/signal.c                         0x00000000   Number         0  __raise.o ABSOLUTE
    ../clib/signal.c                         0x00000000   Number         0  defsig_general.o ABSOLUTE
    ../clib/signal.c                         0x00000000   Number         0  defsig_abrt_inner.o ABSOLUTE
    ../clib/signal.c                         0x00000000   Number         0  defsig_fpe_inner.o ABSOLUTE
    ../clib/signal.c                         0x00000000   Number         0  defsig_rtred_inner.o ABSOLUTE
    ../clib/signal.c                         0x00000000   Number         0  defsig_stak_inner.o ABSOLUTE
    ../clib/signal.c                         0x00000000   Number         0  defsig_pvfn_inner.o ABSOLUTE
    ../clib/signal.c                         0x00000000   Number         0  defsig_cppl_inner.o ABSOLUTE
    ../clib/signal.c                         0x00000000   Number         0  defsig_segv_inner.o ABSOLUTE
    ../clib/signal.c                         0x00000000   Number         0  defsig_other.o ABSOLUTE
    ../clib/signal.s                         0x00000000   Number         0  defsig.o ABSOLUTE
    ../clib/stdlib.c                         0x00000000   Number         0  exit.o ABSOLUTE
    ../clib/string.c                         0x00000000   Number         0  strlen.o ABSOLUTE
    ../fplib/ffix.s                          0x00000000   Number         0  ffix.o ABSOLUTE
    ../fplib/fmul.s                          0x00000000   Number         0  fmul.o ABSOLUTE
    ../fplib/fnaninf.s                       0x00000000   Number         0  fnaninf.o ABSOLUTE
    ../fplib/fpinit.s                        0x00000000   Number         0  fpinit.o ABSOLUTE
    ../fplib/fpinit_empty.s                  0x00000000   Number         0  fpinit_empty.o ABSOLUTE
    ../fplib/fretinf.s                       0x00000000   Number         0  fretinf.o ABSOLUTE
    ../fplib/usenofp.s                       0x00000000   Number         0  usenofp.o ABSOLUTE
    MDR32F9Qx_port.c                         0x00000000   Number         0  mdr32f9qx_port.o ABSOLUTE
    MDR32F9Qx_rst_clk.c                      0x00000000   Number         0  mdr32f9qx_rst_clk.o ABSOLUTE
    MDR32F9Qx_timer.c                        0x00000000   Number         0  mdr32f9qx_timer.o ABSOLUTE
    MDR32F9Qx_uart.c                         0x00000000   Number         0  mdr32f9qx_uart.o ABSOLUTE
    RTE\Device\MDR1901VC1\startup_MDR1901VC1T.S 0x00000000   Number         0  startup_mdr1901vc1t.o ABSOLUTE
    dc.s                                     0x00000000   Number         0  dc.o ABSOLUTE
    main.c                                   0x00000000   Number         0  main.o ABSOLUTE
    system_MDR1901VC1T.c                     0x00000000   Number         0  system_mdr1901vc1t.o ABSOLUTE
    uLCD_func.c                              0x00000000   Number         0  ulcd_func.o ABSOLUTE
    uRST_CLK_init.c                          0x00000000   Number         0  urst_clk_init.o ABSOLUTE
    uTimer_init.c                            0x00000000   Number         0  utimer_init.o ABSOLUTE
    uUART_func.c                             0x00000000   Number         0  uuart_func.o ABSOLUTE
    u_LED_func.c                             0x00000000   Number         0  u_led_func.o ABSOLUTE
    RESET                                    0x08000000   Section      192  startup_mdr1901vc1t.o(RESET)
    !!!main                                  0x080000c0   Section        8  __main.o(!!!main)
    !!!scatter                               0x080000c8   Section       52  __scatter.o(!!!scatter)
    !!handler_copy                           0x080000fc   Section       26  __scatter_copy.o(!!handler_copy)
    !!handler_zi                             0x08000118   Section       28  __scatter_zi.o(!!handler_zi)
    .ARM.Collect$$_printf_percent$$00000000  0x08000134   Section        0  _printf_percent.o(.ARM.Collect$$_printf_percent$$00000000)
    .ARM.Collect$$_printf_percent$$00000009  0x08000134   Section        6  _printf_d.o(.ARM.Collect$$_printf_percent$$00000009)
    .ARM.Collect$$_printf_percent$$00000017  0x0800013a   Section        4  _printf_percent_end.o(.ARM.Collect$$_printf_percent$$00000017)
    .ARM.Collect$$libinit$$00000000          0x0800013e   Section        2  libinit.o(.ARM.Collect$$libinit$$00000000)
    .ARM.Collect$$libinit$$00000002          0x08000140   Section        0  libinit2.o(.ARM.Collect$$libinit$$00000002)
    .ARM.Collect$$libinit$$00000004          0x08000140   Section        0  libinit2.o(.ARM.Collect$$libinit$$00000004)
    .ARM.Collect$$libinit$$0000000A          0x08000140   Section        0  libinit2.o(.ARM.Collect$$libinit$$0000000A)
    .ARM.Collect$$libinit$$0000000C          0x08000140   Section        0  libinit2.o(.ARM.Collect$$libinit$$0000000C)
    .ARM.Collect$$libinit$$0000000E          0x08000140   Section        0  libinit2.o(.ARM.Collect$$libinit$$0000000E)
    .ARM.Collect$$libinit$$00000011          0x08000140   Section        0  libinit2.o(.ARM.Collect$$libinit$$00000011)
    .ARM.Collect$$libinit$$00000013          0x08000140   Section        0  libinit2.o(.ARM.Collect$$libinit$$00000013)
    .ARM.Collect$$libinit$$00000015          0x08000140   Section        0  libinit2.o(.ARM.Collect$$libinit$$00000015)
    .ARM.Collect$$libinit$$00000017          0x08000140   Section        0  libinit2.o(.ARM.Collect$$libinit$$00000017)
    .ARM.Collect$$libinit$$00000019          0x08000140   Section        0  libinit2.o(.ARM.Collect$$libinit$$00000019)
    .ARM.Collect$$libinit$$0000001B          0x08000140   Section        0  libinit2.o(.ARM.Collect$$libinit$$0000001B)
    .ARM.Collect$$libinit$$0000001D          0x08000140   Section        0  libinit2.o(.ARM.Collect$$libinit$$0000001D)
    .ARM.Collect$$libinit$$0000001F          0x08000140   Section        0  libinit2.o(.ARM.Collect$$libinit$$0000001F)
    .ARM.Collect$$libinit$$00000021          0x08000140   Section        0  libinit2.o(.ARM.Collect$$libinit$$00000021)
    .ARM.Collect$$libinit$$00000023          0x08000140   Section        0  libinit2.o(.ARM.Collect$$libinit$$00000023)
    .ARM.Collect$$libinit$$00000025          0x08000140   Section        0  libinit2.o(.ARM.Collect$$libinit$$00000025)
    .ARM.Collect$$libinit$$0000002C          0x08000140   Section        0  libinit2.o(.ARM.Collect$$libinit$$0000002C)
    .ARM.Collect$$libinit$$0000002E          0x08000140   Section        0  libinit2.o(.ARM.Collect$$libinit$$0000002E)
    .ARM.Collect$$libinit$$00000030          0x08000140   Section        0  libinit2.o(.ARM.Collect$$libinit$$00000030)
    .ARM.Collect$$libinit$$00000032          0x08000140   Section        0  libinit2.o(.ARM.Collect$$libinit$$00000032)
    .ARM.Collect$$libinit$$00000033          0x08000140   Section        2  libinit2.o(.ARM.Collect$$libinit$$00000033)
    .ARM.Collect$$libshutdown$$00000000      0x08000142   Section        2  libshutdown.o(.ARM.Collect$$libshutdown$$00000000)
    .ARM.Collect$$libshutdown$$00000002      0x08000144   Section        0  libshutdown2.o(.ARM.Collect$$libshutdown$$00000002)
    .ARM.Collect$$libshutdown$$00000004      0x08000144   Section        0  libshutdown2.o(.ARM.Collect$$libshutdown$$00000004)
    .ARM.Collect$$libshutdown$$00000007      0x08000144   Section        0  libshutdown2.o(.ARM.Collect$$libshutdown$$00000007)
    .ARM.Collect$$libshutdown$$0000000A      0x08000144   Section        0  libshutdown2.o(.ARM.Collect$$libshutdown$$0000000A)
    .ARM.Collect$$libshutdown$$0000000C      0x08000144   Section        0  libshutdown2.o(.ARM.Collect$$libshutdown$$0000000C)
    .ARM.Collect$$libshutdown$$0000000F      0x08000144   Section        0  libshutdown2.o(.ARM.Collect$$libshutdown$$0000000F)
    .ARM.Collect$$libshutdown$$00000010      0x08000144   Section        2  libshutdown2.o(.ARM.Collect$$libshutdown$$00000010)
    .ARM.Collect$$rtentry$$00000000          0x08000146   Section        0  __rtentry.o(.ARM.Collect$$rtentry$$00000000)
    .ARM.Collect$$rtentry$$00000002          0x08000146   Section        0  __rtentry2.o(.ARM.Collect$$rtentry$$00000002)
    .ARM.Collect$$rtentry$$00000004          0x08000146   Section        6  __rtentry4.o(.ARM.Collect$$rtentry$$00000004)
    .ARM.Collect$$rtentry$$00000009          0x0800014c   Section        0  __rtentry2.o(.ARM.Collect$$rtentry$$00000009)
    .ARM.Collect$$rtentry$$0000000A          0x0800014c   Section        4  __rtentry2.o(.ARM.Collect$$rtentry$$0000000A)
    .ARM.Collect$$rtentry$$0000000C          0x08000150   Section        0  __rtentry2.o(.ARM.Collect$$rtentry$$0000000C)
    .ARM.Collect$$rtentry$$0000000D          0x08000150   Section        8  __rtentry2.o(.ARM.Collect$$rtentry$$0000000D)
    .ARM.Collect$$rtexit$$00000000           0x08000158   Section        2  rtexit.o(.ARM.Collect$$rtexit$$00000000)
    .ARM.Collect$$rtexit$$00000002           0x0800015a   Section        0  rtexit2.o(.ARM.Collect$$rtexit$$00000002)
    .ARM.Collect$$rtexit$$00000003           0x0800015a   Section        4  rtexit2.o(.ARM.Collect$$rtexit$$00000003)
    .ARM.Collect$$rtexit$$00000004           0x0800015e   Section        6  rtexit2.o(.ARM.Collect$$rtexit$$00000004)
    .text                                    0x08000164   Section      124  startup_mdr1901vc1t.o(.text)
    .text                                    0x080001e0   Section        0  noretval__2sprintf.o(.text)
    .text                                    0x08000208   Section        0  _printf_pad.o(.text)
    .text                                    0x08000258   Section        0  _printf_dec.o(.text)
    .text                                    0x080002d0   Section        0  __printf_wp.o(.text)
    .text                                    0x080003de   Section        0  heapauxi.o(.text)
    .text                                    0x080003e4   Section        0  _printf_intcommon.o(.text)
    _printf_input_char                       0x08000499   Thumb Code    10  _printf_char_common.o(.text)
    .text                                    0x08000498   Section        0  _printf_char_common.o(.text)
    .text                                    0x080004c8   Section        0  _sputc.o(.text)
    .text                                    0x080004d2   Section       74  sys_stackheap_outer.o(.text)
    .text                                    0x0800051c   Section        0  exit.o(.text)
    .text                                    0x08000530   Section        8  libspace.o(.text)
    .text                                    0x08000538   Section        0  sys_exit.o(.text)
    .text                                    0x08000544   Section        2  use_no_semi.o(.text)
    .text                                    0x08000546   Section        0  indicate_semi.o(.text)
    [Anonymous Symbol]                       0x08000548   Section        0  mdr32f9qx_port.o(.text.PORT_Init)
    [Anonymous Symbol]                       0x0800066c   Section        0  mdr32f9qx_port.o(.text.PORT_ReadInputData)
    [Anonymous Symbol]                       0x08000670   Section        0  mdr32f9qx_port.o(.text.PORT_ResetBits)
    [Anonymous Symbol]                       0x08000688   Section        0  mdr32f9qx_port.o(.text.PORT_SetBits)
    [Anonymous Symbol]                       0x0800069c   Section        0  mdr32f9qx_port.o(.text.PORT_StructInit)
    [Anonymous Symbol]                       0x080006b0   Section        0  mdr32f9qx_port.o(.text.PORT_Write)
    [Anonymous Symbol]                       0x080006c4   Section        0  mdr32f9qx_rst_clk.o(.text.RST_CLK_GetClocksFreq)
    [Anonymous Symbol]                       0x080007d8   Section        0  system_mdr1901vc1t.o(.text.SystemCoreClockUpdate)
    [Anonymous Symbol]                       0x08000848   Section        0  system_mdr1901vc1t.o(.text.SystemInit)
    [Anonymous Symbol]                       0x08000874   Section        0  main.o(.text.TIMER1_IRQHandler)
    [Anonymous Symbol]                       0x080008c8   Section        0  mdr32f9qx_timer.o(.text.TIMER_BRGInit)
    [Anonymous Symbol]                       0x08000934   Section        0  mdr32f9qx_timer.o(.text.TIMER_ClearFlag)
    [Anonymous Symbol]                       0x0800093c   Section        0  mdr32f9qx_timer.o(.text.TIMER_Cmd)
    [Anonymous Symbol]                       0x0800094c   Section        0  mdr32f9qx_timer.o(.text.TIMER_CntInit)
    [Anonymous Symbol]                       0x08000984   Section        0  mdr32f9qx_timer.o(.text.TIMER_DeInit)
    [Anonymous Symbol]                       0x080009c8   Section        0  mdr32f9qx_timer.o(.text.TIMER_GetITStatus)
    [Anonymous Symbol]                       0x080009d8   Section        0  mdr32f9qx_timer.o(.text.TIMER_ITConfig)
    [Anonymous Symbol]                       0x080009ec   Section        0  mdr32f9qx_uart.o(.text.UART_BRGInit)
    [Anonymous Symbol]                       0x08000a58   Section        0  mdr32f9qx_uart.o(.text.UART_Cmd)
    [Anonymous Symbol]                       0x08000a70   Section        0  mdr32f9qx_uart.o(.text.UART_DeInit)
    [Anonymous Symbol]                       0x08000a94   Section        0  mdr32f9qx_uart.o(.text.UART_Init)
    [Anonymous Symbol]                       0x08000b24   Section        0  mdr32f9qx_uart.o(.text.UART_SendData)
    __NVIC_EnableIRQ                         0x08000b29   Thumb Code    16  main.o(.text.__NVIC_EnableIRQ)
    [Anonymous Symbol]                       0x08000b28   Section        0  main.o(.text.__NVIC_EnableIRQ)
    [Anonymous Symbol]                       0x08000b38   Section        0  u_led_func.o(.text.m_LED_toggle)
    [Anonymous Symbol]                       0x08000b54   Section        0  ulcd_func.o(.text.m_MLT_Clear_Chip)
    [Anonymous Symbol]                       0x08000b6c   Section        0  ulcd_func.o(.text.m_MLT_Clear_Page)
    [Anonymous Symbol]                       0x08000ba0   Section        0  ulcd_func.o(.text.m_MLT_Delay)
    [Anonymous Symbol]                       0x08000bb4   Section        0  ulcd_func.o(.text.m_MLT_Disp_On)
    [Anonymous Symbol]                       0x08000c4c   Section        0  ulcd_func.o(.text.m_MLT_Init)
    [Anonymous Symbol]                       0x08000c8c   Section        0  ulcd_func.o(.text.m_MLT_LCD_Init)
    [Anonymous Symbol]                       0x08000cd0   Section        0  ulcd_func.o(.text.m_MLT_Pin_Cfg)
    [Anonymous Symbol]                       0x08000d40   Section        0  ulcd_func.o(.text.m_MLT_Put_Char)
    [Anonymous Symbol]                       0x08000da8   Section        0  ulcd_func.o(.text.m_MLT_Put_String)
    [Anonymous Symbol]                       0x08000de0   Section        0  ulcd_func.o(.text.m_MLT_Read_Status)
    [Anonymous Symbol]                       0x08000e70   Section        0  ulcd_func.o(.text.m_MLT_Set_Address)
    [Anonymous Symbol]                       0x08000f0c   Section        0  ulcd_func.o(.text.m_MLT_Set_Data_Bits)
    [Anonymous Symbol]                       0x08000f24   Section        0  ulcd_func.o(.text.m_MLT_Set_Page)
    [Anonymous Symbol]                       0x08000fc0   Section        0  ulcd_func.o(.text.m_MLT_Write_Data)
    [Anonymous Symbol]                       0x08001058   Section        0  uuart_func.o(.text.m_UART_Init)
    [Anonymous Symbol]                       0x080010e4   Section        0  u_led_func.o(.text.m_initLEDs)
    [Anonymous Symbol]                       0x0800111c   Section        0  urst_clk_init.o(.text.m_setUpFreq)
    [Anonymous Symbol]                       0x08001160   Section        0  utimer_init.o(.text.m_setUpTimer)
    [Anonymous Symbol]                       0x080011c4   Section        0  main.o(.text.main)
    i._is_digit                              0x08001298   Section        0  __printf_wp.o(i._is_digit)
    x$fpl$ffix                               0x080012a8   Section       54  ffix.o(x$fpl$ffix)
    x$fpl$fmul                               0x080012e0   Section      258  fmul.o(x$fpl$fmul)
    x$fpl$fnaninf                            0x080013e2   Section      140  fnaninf.o(x$fpl$fnaninf)
    x$fpl$fretinf                            0x0800146e   Section       10  fretinf.o(x$fpl$fretinf)
    MLT_Font                                 0x08001478   Data        1792  ulcd_func.o(.rodata.MLT_Font)
    [Anonymous Symbol]                       0x08001478   Section        0  ulcd_func.o(.rodata.MLT_Font)
    x$fpl$usenofp                            0x08001478   Section        0  usenofp.o(x$fpl$usenofp)
    .bss                                     0x20000008   Section       96  libspace.o(.bss)
    Heap_Mem                                 0x20000080   Data        4096  startup_mdr1901vc1t.o(HEAP)
    HEAP                                     0x20000080   Section     4096  startup_mdr1901vc1t.o(HEAP)
    Stack_Mem                                0x20001080   Data        1024  startup_mdr1901vc1t.o(STACK)
    STACK                                    0x20001080   Section     1024  startup_mdr1901vc1t.o(STACK)
    __initial_sp                             0x20001480   Data           0  startup_mdr1901vc1t.o(STACK)

    Global Symbols

    Symbol Name                              Value     Ov Type        Size  Object(Section)

    BuildAttributes$$THM_ISAv4$P$D$K$B$S$PE$A:L22UL41UL21$X:L11$S22US41US21$IEEE1$IW$~IW$USESV6$~STKCKD$USESV7$~SHL$OTIME$ROPI$EBA8$UX$STANDARDLIB$REQ8$PRES8$EABIv2 0x00000000   Number         0  anon$$obj.o ABSOLUTE
    __fp_init_empty                          0x00000000   Number         0  fpinit_empty.o ABSOLUTE
    _printf_flags                            0x00000000   Number         0  printf_stubs.o ABSOLUTE
    _printf_return_value                     0x00000000   Number         0  printf_stubs.o ABSOLUTE
    _printf_sizespec                         0x00000000   Number         0  printf_stubs.o ABSOLUTE
    _printf_widthprec                        0x00000000   Number         0  printf_stubs.o ABSOLUTE
    __ARM_exceptions_init                     - Undefined Weak Reference
    __alloca_initialize                       - Undefined Weak Reference
    __arm_preinit_                            - Undefined Weak Reference
    __cpp_initialize__aeabi_                  - Undefined Weak Reference
    __cxa_finalize                            - Undefined Weak Reference
    __rt_locale                               - Undefined Weak Reference
    __sigvec_lookup                           - Undefined Weak Reference
    _atexit_init                              - Undefined Weak Reference
    _call_atexit_fns                          - Undefined Weak Reference
    _clock_init                               - Undefined Weak Reference
    _fp_trap_init                             - Undefined Weak Reference
    _fp_trap_shutdown                         - Undefined Weak Reference
    _get_lc_collate                           - Undefined Weak Reference
    _get_lc_ctype                             - Undefined Weak Reference
    _get_lc_monetary                          - Undefined Weak Reference
    _get_lc_numeric                           - Undefined Weak Reference
    _get_lc_time                              - Undefined Weak Reference
    _getenv_init                              - Undefined Weak Reference
    _handle_redirection                       - Undefined Weak Reference
    _init_alloc                               - Undefined Weak Reference
    _init_user_alloc                          - Undefined Weak Reference
    _initio                                   - Undefined Weak Reference
    _printf_truncate_signed                   - Undefined Weak Reference
    _printf_truncate_unsigned                 - Undefined Weak Reference
    _rand_init                                - Undefined Weak Reference
    _signal_finish                            - Undefined Weak Reference
    _signal_init                              - Undefined Weak Reference
    _terminate_alloc                          - Undefined Weak Reference
    _terminate_user_alloc                     - Undefined Weak Reference
    _terminateio                              - Undefined Weak Reference
    __Vectors_Size                           0x000000c0   Number         0  startup_mdr1901vc1t.o ABSOLUTE
    __Vectors                                0x08000000   Data           4  startup_mdr1901vc1t.o(RESET)
    __Vectors_End                            0x080000c0   Data           0  startup_mdr1901vc1t.o(RESET)
    __main                                   0x080000c1   Thumb Code     8  __main.o(!!!main)
    __scatterload                            0x080000c9   Thumb Code     0  __scatter.o(!!!scatter)
    __scatterload_rt2                        0x080000c9   Thumb Code    44  __scatter.o(!!!scatter)
    __scatterload_rt2_thumb_only             0x080000c9   Thumb Code     0  __scatter.o(!!!scatter)
    __scatterload_null                       0x080000d7   Thumb Code     0  __scatter.o(!!!scatter)
    __scatterload_copy                       0x080000fd   Thumb Code    26  __scatter_copy.o(!!handler_copy)
    __scatterload_zeroinit                   0x08000119   Thumb Code    28  __scatter_zi.o(!!handler_zi)
    _printf_d                                0x08000135   Thumb Code     0  _printf_d.o(.ARM.Collect$$_printf_percent$$00000009)
    _printf_percent                          0x08000135   Thumb Code     0  _printf_percent.o(.ARM.Collect$$_printf_percent$$00000000)
    _printf_percent_end                      0x0800013b   Thumb Code     0  _printf_percent_end.o(.ARM.Collect$$_printf_percent$$00000017)
    __rt_lib_init                            0x0800013f   Thumb Code     0  libinit.o(.ARM.Collect$$libinit$$00000000)
    __rt_lib_init_alloca_1                   0x08000141   Thumb Code     0  libinit2.o(.ARM.Collect$$libinit$$0000002E)
    __rt_lib_init_argv_1                     0x08000141   Thumb Code     0  libinit2.o(.ARM.Collect$$libinit$$0000002C)
    __rt_lib_init_atexit_1                   0x08000141   Thumb Code     0  libinit2.o(.ARM.Collect$$libinit$$0000001B)
    __rt_lib_init_clock_1                    0x08000141   Thumb Code     0  libinit2.o(.ARM.Collect$$libinit$$00000021)
    __rt_lib_init_cpp_1                      0x08000141   Thumb Code     0  libinit2.o(.ARM.Collect$$libinit$$00000032)
    __rt_lib_init_exceptions_1               0x08000141   Thumb Code     0  libinit2.o(.ARM.Collect$$libinit$$00000030)
    __rt_lib_init_fp_1                       0x08000141   Thumb Code     0  libinit2.o(.ARM.Collect$$libinit$$00000002)
    __rt_lib_init_fp_trap_1                  0x08000141   Thumb Code     0  libinit2.o(.ARM.Collect$$libinit$$0000001F)
    __rt_lib_init_getenv_1                   0x08000141   Thumb Code     0  libinit2.o(.ARM.Collect$$libinit$$00000023)
    __rt_lib_init_heap_1                     0x08000141   Thumb Code     0  libinit2.o(.ARM.Collect$$libinit$$0000000A)
    __rt_lib_init_lc_collate_1               0x08000141   Thumb Code     0  libinit2.o(.ARM.Collect$$libinit$$00000011)
    __rt_lib_init_lc_ctype_1                 0x08000141   Thumb Code     0  libinit2.o(.ARM.Collect$$libinit$$00000013)
    __rt_lib_init_lc_monetary_1              0x08000141   Thumb Code     0  libinit2.o(.ARM.Collect$$libinit$$00000015)
    __rt_lib_init_lc_numeric_1               0x08000141   Thumb Code     0  libinit2.o(.ARM.Collect$$libinit$$00000017)
    __rt_lib_init_lc_time_1                  0x08000141   Thumb Code     0  libinit2.o(.ARM.Collect$$libinit$$00000019)
    __rt_lib_init_preinit_1                  0x08000141   Thumb Code     0  libinit2.o(.ARM.Collect$$libinit$$00000004)
    __rt_lib_init_rand_1                     0x08000141   Thumb Code     0  libinit2.o(.ARM.Collect$$libinit$$0000000E)
    __rt_lib_init_return                     0x08000141   Thumb Code     0  libinit2.o(.ARM.Collect$$libinit$$00000033)
    __rt_lib_init_signal_1                   0x08000141   Thumb Code     0  libinit2.o(.ARM.Collect$$libinit$$0000001D)
    __rt_lib_init_stdio_1                    0x08000141   Thumb Code     0  libinit2.o(.ARM.Collect$$libinit$$00000025)
    __rt_lib_init_user_alloc_1               0x08000141   Thumb Code     0  libinit2.o(.ARM.Collect$$libinit$$0000000C)
    __rt_lib_shutdown                        0x08000143   Thumb Code     0  libshutdown.o(.ARM.Collect$$libshutdown$$00000000)
    __rt_lib_shutdown_cpp_1                  0x08000145   Thumb Code     0  libshutdown2.o(.ARM.Collect$$libshutdown$$00000002)
    __rt_lib_shutdown_fp_trap_1              0x08000145   Thumb Code     0  libshutdown2.o(.ARM.Collect$$libshutdown$$00000007)
    __rt_lib_shutdown_heap_1                 0x08000145   Thumb Code     0  libshutdown2.o(.ARM.Collect$$libshutdown$$0000000F)
    __rt_lib_shutdown_return                 0x08000145   Thumb Code     0  libshutdown2.o(.ARM.Collect$$libshutdown$$00000010)
    __rt_lib_shutdown_signal_1               0x08000145   Thumb Code     0  libshutdown2.o(.ARM.Collect$$libshutdown$$0000000A)
    __rt_lib_shutdown_stdio_1                0x08000145   Thumb Code     0  libshutdown2.o(.ARM.Collect$$libshutdown$$00000004)
    __rt_lib_shutdown_user_alloc_1           0x08000145   Thumb Code     0  libshutdown2.o(.ARM.Collect$$libshutdown$$0000000C)
    __rt_entry                               0x08000147   Thumb Code     0  __rtentry.o(.ARM.Collect$$rtentry$$00000000)
    __rt_entry_presh_1                       0x08000147   Thumb Code     0  __rtentry2.o(.ARM.Collect$$rtentry$$00000002)
    __rt_entry_sh                            0x08000147   Thumb Code     0  __rtentry4.o(.ARM.Collect$$rtentry$$00000004)
    __rt_entry_li                            0x0800014d   Thumb Code     0  __rtentry2.o(.ARM.Collect$$rtentry$$0000000A)
    __rt_entry_postsh_1                      0x0800014d   Thumb Code     0  __rtentry2.o(.ARM.Collect$$rtentry$$00000009)
    __rt_entry_main                          0x08000151   Thumb Code     0  __rtentry2.o(.ARM.Collect$$rtentry$$0000000D)
    __rt_entry_postli_1                      0x08000151   Thumb Code     0  __rtentry2.o(.ARM.Collect$$rtentry$$0000000C)
    __rt_exit                                0x08000159   Thumb Code     0  rtexit.o(.ARM.Collect$$rtexit$$00000000)
    __rt_exit_ls                             0x0800015b   Thumb Code     0  rtexit2.o(.ARM.Collect$$rtexit$$00000003)
    __rt_exit_prels_1                        0x0800015b   Thumb Code     0  rtexit2.o(.ARM.Collect$$rtexit$$00000002)
    __rt_exit_exit                           0x0800015f   Thumb Code     0  rtexit2.o(.ARM.Collect$$rtexit$$00000004)
    Reset_Handler                            0x08000165   Thumb Code     8  startup_mdr1901vc1t.o(.text)
    NonMaskableInt_Handler                   0x0800016d   Thumb Code     2  startup_mdr1901vc1t.o(.text)
    HardFault_Handler                        0x0800016f   Thumb Code     2  startup_mdr1901vc1t.o(.text)
    MemoryManagement_Handler                 0x08000171   Thumb Code     2  startup_mdr1901vc1t.o(.text)
    BusFault_Handler                         0x08000173   Thumb Code     2  startup_mdr1901vc1t.o(.text)
    UsageFault_Handler                       0x08000175   Thumb Code     2  startup_mdr1901vc1t.o(.text)
    SVCall_Handler                           0x08000177   Thumb Code     2  startup_mdr1901vc1t.o(.text)
    PendSV_Handler                           0x08000179   Thumb Code     2  startup_mdr1901vc1t.o(.text)
    SysTick_Handler                          0x0800017b   Thumb Code     2  startup_mdr1901vc1t.o(.text)
    SSP3_IRQHandler                          0x0800017d   Thumb Code     2  startup_mdr1901vc1t.o(.text)
    SSP4_IRQHandler                          0x0800017f   Thumb Code     2  startup_mdr1901vc1t.o(.text)
    USB_IRQHandler                           0x08000181   Thumb Code     2  startup_mdr1901vc1t.o(.text)
    MCBSP1_IRQHandler                        0x08000183   Thumb Code     2  startup_mdr1901vc1t.o(.text)
    MCBSP2_IRQHandler                        0x08000185   Thumb Code     2  startup_mdr1901vc1t.o(.text)
    DMA_IRQHandler                           0x08000187   Thumb Code     2  startup_mdr1901vc1t.o(.text)
    UART1_IRQHandler                         0x08000189   Thumb Code     2  startup_mdr1901vc1t.o(.text)
    UART2_IRQHandler                         0x0800018b   Thumb Code     2  startup_mdr1901vc1t.o(.text)
    SSP1_IRQHandler                          0x0800018d   Thumb Code     2  startup_mdr1901vc1t.o(.text)
    MCBSP3_IRQHandler                        0x0800018f   Thumb Code     2  startup_mdr1901vc1t.o(.text)
    I2C_IRQHandler                           0x08000191   Thumb Code     2  startup_mdr1901vc1t.o(.text)
    POWER_IRQHandler                         0x08000193   Thumb Code     2  startup_mdr1901vc1t.o(.text)
    WWDG_IRQHandler                          0x08000195   Thumb Code     2  startup_mdr1901vc1t.o(.text)
    DMA_DSP_IRQHandler                       0x08000197   Thumb Code     2  startup_mdr1901vc1t.o(.text)
    TIMER2_IRQHandler                        0x0800019b   Thumb Code     2  startup_mdr1901vc1t.o(.text)
    TIMER3_IRQHandler                        0x0800019d   Thumb Code     2  startup_mdr1901vc1t.o(.text)
    ADC_IRQHandler                           0x0800019f   Thumb Code     2  startup_mdr1901vc1t.o(.text)
    SDIO_IRQHandler                          0x080001a1   Thumb Code     2  startup_mdr1901vc1t.o(.text)
    COMPARATOR_IRQHandler                    0x080001a3   Thumb Code     2  startup_mdr1901vc1t.o(.text)
    SSP2_IRQHandler                          0x080001a5   Thumb Code     2  startup_mdr1901vc1t.o(.text)
    AUDIO_IP_IRQHandler                      0x080001a7   Thumb Code     2  startup_mdr1901vc1t.o(.text)
    DSP_CRPT_IRQHandler                      0x080001a9   Thumb Code     2  startup_mdr1901vc1t.o(.text)
    DSP_TIMER_IRQHandler                     0x080001ab   Thumb Code     2  startup_mdr1901vc1t.o(.text)
    DSP_CORE_IRQHandler                      0x080001ad   Thumb Code     2  startup_mdr1901vc1t.o(.text)
    DSP_STATE_IRQHandler                     0x080001af   Thumb Code     2  startup_mdr1901vc1t.o(.text)
    UART3_IRQHandler                         0x080001b1   Thumb Code     2  startup_mdr1901vc1t.o(.text)
    BACKUP_IRQHandler                        0x080001b3   Thumb Code     2  startup_mdr1901vc1t.o(.text)
    EXT_INT1_IRQHandler                      0x080001b5   Thumb Code     2  startup_mdr1901vc1t.o(.text)
    EXT_INT2_IRQHandler                      0x080001b7   Thumb Code     2  startup_mdr1901vc1t.o(.text)
    EXT_INT3_IRQHandler                      0x080001b9   Thumb Code     2  startup_mdr1901vc1t.o(.text)
    EXT_INT4_IRQHandler                      0x080001bb   Thumb Code     2  startup_mdr1901vc1t.o(.text)
    __user_initial_stackheap                 0x080001bd   Thumb Code     0  startup_mdr1901vc1t.o(.text)
    __2sprintf                               0x080001e1   Thumb Code    34  noretval__2sprintf.o(.text)
    _printf_pre_padding                      0x08000209   Thumb Code    44  _printf_pad.o(.text)
    _printf_post_padding                     0x08000235   Thumb Code    34  _printf_pad.o(.text)
    _printf_int_dec                          0x08000259   Thumb Code   104  _printf_dec.o(.text)
    __printf                                 0x080002d1   Thumb Code   270  __printf_wp.o(.text)
    __use_two_region_memory                  0x080003df   Thumb Code     2  heapauxi.o(.text)
    __rt_heap_escrow$2region                 0x080003e1   Thumb Code     2  heapauxi.o(.text)
    __rt_heap_expand$2region                 0x080003e3   Thumb Code     2  heapauxi.o(.text)
    _printf_int_common                       0x080003e5   Thumb Code   178  _printf_intcommon.o(.text)
    _printf_char_common                      0x080004a3   Thumb Code    32  _printf_char_common.o(.text)
    _sputc                                   0x080004c9   Thumb Code    10  _sputc.o(.text)
    __user_setup_stackheap                   0x080004d3   Thumb Code    74  sys_stackheap_outer.o(.text)
    exit                                     0x0800051d   Thumb Code    18  exit.o(.text)
    __user_libspace                          0x08000531   Thumb Code     8  libspace.o(.text)
    __user_perproc_libspace                  0x08000531   Thumb Code     0  libspace.o(.text)
    __user_perthread_libspace                0x08000531   Thumb Code     0  libspace.o(.text)
    _sys_exit                                0x08000539   Thumb Code     8  sys_exit.o(.text)
    __I$use$semihosting                      0x08000545   Thumb Code     0  use_no_semi.o(.text)
    __use_no_semihosting_swi                 0x08000545   Thumb Code     2  use_no_semi.o(.text)
    __semihosting_library_function           0x08000547   Thumb Code     0  indicate_semi.o(.text)
    PORT_Init                                0x08000549   Thumb Code   290  mdr32f9qx_port.o(.text.PORT_Init)
    PORT_ReadInputData                       0x0800066d   Thumb Code     4  mdr32f9qx_port.o(.text.PORT_ReadInputData)
    PORT_ResetBits                           0x08000671   Thumb Code    24  mdr32f9qx_port.o(.text.PORT_ResetBits)
    PORT_SetBits                             0x08000689   Thumb Code    18  mdr32f9qx_port.o(.text.PORT_SetBits)
    PORT_StructInit                          0x0800069d   Thumb Code    20  mdr32f9qx_port.o(.text.PORT_StructInit)
    PORT_Write                               0x080006b1   Thumb Code    18  mdr32f9qx_port.o(.text.PORT_Write)
    RST_CLK_GetClocksFreq                    0x080006c5   Thumb Code   274  mdr32f9qx_rst_clk.o(.text.RST_CLK_GetClocksFreq)
    SystemCoreClockUpdate                    0x080007d9   Thumb Code   110  system_mdr1901vc1t.o(.text.SystemCoreClockUpdate)
    SystemInit                               0x08000849   Thumb Code    42  system_mdr1901vc1t.o(.text.SystemInit)
    TIMER1_IRQHandler                        0x08000875   Thumb Code    82  main.o(.text.TIMER1_IRQHandler)
    TIMER_BRGInit                            0x080008c9   Thumb Code   106  mdr32f9qx_timer.o(.text.TIMER_BRGInit)
    TIMER_ClearFlag                          0x08000935   Thumb Code     6  mdr32f9qx_timer.o(.text.TIMER_ClearFlag)
    TIMER_Cmd                                0x0800093d   Thumb Code    16  mdr32f9qx_timer.o(.text.TIMER_Cmd)
    TIMER_CntInit                            0x0800094d   Thumb Code    56  mdr32f9qx_timer.o(.text.TIMER_CntInit)
    TIMER_DeInit                             0x08000985   Thumb Code    68  mdr32f9qx_timer.o(.text.TIMER_DeInit)
    TIMER_GetITStatus                        0x080009c9   Thumb Code    14  mdr32f9qx_timer.o(.text.TIMER_GetITStatus)
    TIMER_ITConfig                           0x080009d9   Thumb Code    20  mdr32f9qx_timer.o(.text.TIMER_ITConfig)
    UART_BRGInit                             0x080009ed   Thumb Code   106  mdr32f9qx_uart.o(.text.UART_BRGInit)
    UART_Cmd                                 0x08000a59   Thumb Code    22  mdr32f9qx_uart.o(.text.UART_Cmd)
    UART_DeInit                              0x08000a71   Thumb Code    34  mdr32f9qx_uart.o(.text.UART_DeInit)
    UART_Init                                0x08000a95   Thumb Code   142  mdr32f9qx_uart.o(.text.UART_Init)
    UART_SendData                            0x08000b25   Thumb Code     4  mdr32f9qx_uart.o(.text.UART_SendData)
    m_LED_toggle                             0x08000b39   Thumb Code    28  u_led_func.o(.text.m_LED_toggle)
    m_MLT_Clear_Chip                         0x08000b55   Thumb Code    24  ulcd_func.o(.text.m_MLT_Clear_Chip)
    m_MLT_Clear_Page                         0x08000b6d   Thumb Code    50  ulcd_func.o(.text.m_MLT_Clear_Page)
    m_MLT_Delay                              0x08000ba1   Thumb Code    18  ulcd_func.o(.text.m_MLT_Delay)
    m_MLT_Disp_On                            0x08000bb5   Thumb Code   150  ulcd_func.o(.text.m_MLT_Disp_On)
    m_MLT_Init                               0x08000c4d   Thumb Code    64  ulcd_func.o(.text.m_MLT_Init)
    m_MLT_LCD_Init                           0x08000c8d   Thumb Code    68  ulcd_func.o(.text.m_MLT_LCD_Init)
    m_MLT_Pin_Cfg                            0x08000cd1   Thumb Code   110  ulcd_func.o(.text.m_MLT_Pin_Cfg)
    m_MLT_Put_Char                           0x08000d41   Thumb Code   104  ulcd_func.o(.text.m_MLT_Put_Char)
    m_MLT_Put_String                         0x08000da9   Thumb Code    54  ulcd_func.o(.text.m_MLT_Put_String)
    m_MLT_Read_Status                        0x08000de1   Thumb Code   144  ulcd_func.o(.text.m_MLT_Read_Status)
    m_MLT_Set_Address                        0x08000e71   Thumb Code   154  ulcd_func.o(.text.m_MLT_Set_Address)
    m_MLT_Set_Data_Bits                      0x08000f0d   Thumb Code    24  ulcd_func.o(.text.m_MLT_Set_Data_Bits)
    m_MLT_Set_Page                           0x08000f25   Thumb Code   154  ulcd_func.o(.text.m_MLT_Set_Page)
    m_MLT_Write_Data                         0x08000fc1   Thumb Code   152  ulcd_func.o(.text.m_MLT_Write_Data)
    m_UART_Init                              0x08001059   Thumb Code   138  uuart_func.o(.text.m_UART_Init)
    m_initLEDs                               0x080010e5   Thumb Code    54  u_led_func.o(.text.m_initLEDs)
    m_setUpFreq                              0x0800111d   Thumb Code    66  urst_clk_init.o(.text.m_setUpFreq)
    m_setUpTimer                             0x08001161   Thumb Code   100  utimer_init.o(.text.m_setUpTimer)
    main                                     0x080011c5   Thumb Code   136  main.o(.text.main)
    _is_digit                                0x08001299   Thumb Code    14  __printf_wp.o(i._is_digit)
    __aeabi_f2iz                             0x080012a9   Thumb Code     0  ffix.o(x$fpl$ffix)
    _ffix                                    0x080012a9   Thumb Code    54  ffix.o(x$fpl$ffix)
    __aeabi_fmul                             0x080012e1   Thumb Code     0  fmul.o(x$fpl$fmul)
    _fmul                                    0x080012e1   Thumb Code   258  fmul.o(x$fpl$fmul)
    __fpl_fnaninf                            0x080013e3   Thumb Code   140  fnaninf.o(x$fpl$fnaninf)
    __fpl_fretinf                            0x0800146f   Thumb Code    10  fretinf.o(x$fpl$fretinf)
    __I$use$fp                               0x08001478   Number         0  usenofp.o(x$fpl$usenofp)
    Region$$Table$$Base                      0x08001b78   Number         0  anon$$obj.o(Region$$Table)
    Region$$Table$$Limit                     0x08001b98   Number         0  anon$$obj.o(Region$$Table)
    SystemCoreClock                          0x20000000   Data           4  system_mdr1901vc1t.o(.data.SystemCoreClock)
    __libspace_start                         0x20000008   Data          96  libspace.o(.bss)
    __temporary_stack_top$libspace           0x20000068   Data           0  libspace.o(.bss)
    adcString                                0x20000068   Data          15  main.o(.bss.adcString)
    counter_handler                          0x20000078   Data           4  main.o(.bss.counter_handler)



==============================================================================

Memory Map of the image

  Image Entry point : 0x08000165

  Load Region LR_1 (Base: 0x08000000, Size: 0x00001b9c, Max: 0xffffffff, ABSOLUTE)

    Execution Region ER_RO (Exec base: 0x08000000, Load base: 0x08000000, Size: 0x00001b98, Max: 0xffffffff, ABSOLUTE)

    Exec Addr    Load Addr    Size         Type   Attr      Idx    E Section Name        Object

    0x08000000   0x08000000   0x000000c0   Data   RO          114    RESET               startup_mdr1901vc1t.o
    0x080000c0   0x080000c0   0x00000008   Code   RO          464  * !!!main             c_w.l(__main.o)
    0x080000c8   0x080000c8   0x00000034   Code   RO          647    !!!scatter          c_w.l(__scatter.o)
    0x080000fc   0x080000fc   0x0000001a   Code   RO          649    !!handler_copy      c_w.l(__scatter_copy.o)
    0x08000116   0x08000116   0x00000002   PAD
    0x08000118   0x08000118   0x0000001c   Code   RO          651    !!handler_zi        c_w.l(__scatter_zi.o)
    0x08000134   0x08000134   0x00000000   Code   RO          459    .ARM.Collect$$_printf_percent$$00000000  c_w.l(_printf_percent.o)
    0x08000134   0x08000134   0x00000006   Code   RO          458    .ARM.Collect$$_printf_percent$$00000009  c_w.l(_printf_d.o)
    0x0800013a   0x0800013a   0x00000004   Code   RO          479    .ARM.Collect$$_printf_percent$$00000017  c_w.l(_printf_percent_end.o)
    0x0800013e   0x0800013e   0x00000002   Code   RO          511    .ARM.Collect$$libinit$$00000000  c_w.l(libinit.o)
    0x08000140   0x08000140   0x00000000   Code   RO          518    .ARM.Collect$$libinit$$00000002  c_w.l(libinit2.o)
    0x08000140   0x08000140   0x00000000   Code   RO          520    .ARM.Collect$$libinit$$00000004  c_w.l(libinit2.o)
    0x08000140   0x08000140   0x00000000   Code   RO          523    .ARM.Collect$$libinit$$0000000A  c_w.l(libinit2.o)
    0x08000140   0x08000140   0x00000000   Code   RO          525    .ARM.Collect$$libinit$$0000000C  c_w.l(libinit2.o)
    0x08000140   0x08000140   0x00000000   Code   RO          527    .ARM.Collect$$libinit$$0000000E  c_w.l(libinit2.o)
    0x08000140   0x08000140   0x00000000   Code   RO          530    .ARM.Collect$$libinit$$00000011  c_w.l(libinit2.o)
    0x08000140   0x08000140   0x00000000   Code   RO          532    .ARM.Collect$$libinit$$00000013  c_w.l(libinit2.o)
    0x08000140   0x08000140   0x00000000   Code   RO          534    .ARM.Collect$$libinit$$00000015  c_w.l(libinit2.o)
    0x08000140   0x08000140   0x00000000   Code   RO          536    .ARM.Collect$$libinit$$00000017  c_w.l(libinit2.o)
    0x08000140   0x08000140   0x00000000   Code   RO          538    .ARM.Collect$$libinit$$00000019  c_w.l(libinit2.o)
    0x08000140   0x08000140   0x00000000   Code   RO          540    .ARM.Collect$$libinit$$0000001B  c_w.l(libinit2.o)
    0x08000140   0x08000140   0x00000000   Code   RO          542    .ARM.Collect$$libinit$$0000001D  c_w.l(libinit2.o)
    0x08000140   0x08000140   0x00000000   Code   RO          544    .ARM.Collect$$libinit$$0000001F  c_w.l(libinit2.o)
    0x08000140   0x08000140   0x00000000   Code   RO          546    .ARM.Collect$$libinit$$00000021  c_w.l(libinit2.o)
    0x08000140   0x08000140   0x00000000   Code   RO          548    .ARM.Collect$$libinit$$00000023  c_w.l(libinit2.o)
    0x08000140   0x08000140   0x00000000   Code   RO          550    .ARM.Collect$$libinit$$00000025  c_w.l(libinit2.o)
    0x08000140   0x08000140   0x00000000   Code   RO          554    .ARM.Collect$$libinit$$0000002C  c_w.l(libinit2.o)
    0x08000140   0x08000140   0x00000000   Code   RO          556    .ARM.Collect$$libinit$$0000002E  c_w.l(libinit2.o)
    0x08000140   0x08000140   0x00000000   Code   RO          558    .ARM.Collect$$libinit$$00000030  c_w.l(libinit2.o)
    0x08000140   0x08000140   0x00000000   Code   RO          560    .ARM.Collect$$libinit$$00000032  c_w.l(libinit2.o)
    0x08000140   0x08000140   0x00000002   Code   RO          561    .ARM.Collect$$libinit$$00000033  c_w.l(libinit2.o)
    0x08000142   0x08000142   0x00000002   Code   RO          583    .ARM.Collect$$libshutdown$$00000000  c_w.l(libshutdown.o)
    0x08000144   0x08000144   0x00000000   Code   RO          598    .ARM.Collect$$libshutdown$$00000002  c_w.l(libshutdown2.o)
    0x08000144   0x08000144   0x00000000   Code   RO          600    .ARM.Collect$$libshutdown$$00000004  c_w.l(libshutdown2.o)
    0x08000144   0x08000144   0x00000000   Code   RO          603    .ARM.Collect$$libshutdown$$00000007  c_w.l(libshutdown2.o)
    0x08000144   0x08000144   0x00000000   Code   RO          606    .ARM.Collect$$libshutdown$$0000000A  c_w.l(libshutdown2.o)
    0x08000144   0x08000144   0x00000000   Code   RO          608    .ARM.Collect$$libshutdown$$0000000C  c_w.l(libshutdown2.o)
    0x08000144   0x08000144   0x00000000   Code   RO          611    .ARM.Collect$$libshutdown$$0000000F  c_w.l(libshutdown2.o)
    0x08000144   0x08000144   0x00000002   Code   RO          612    .ARM.Collect$$libshutdown$$00000010  c_w.l(libshutdown2.o)
    0x08000146   0x08000146   0x00000000   Code   RO          472    .ARM.Collect$$rtentry$$00000000  c_w.l(__rtentry.o)
    0x08000146   0x08000146   0x00000000   Code   RO          486    .ARM.Collect$$rtentry$$00000002  c_w.l(__rtentry2.o)
    0x08000146   0x08000146   0x00000006   Code   RO          498    .ARM.Collect$$rtentry$$00000004  c_w.l(__rtentry4.o)
    0x0800014c   0x0800014c   0x00000000   Code   RO          488    .ARM.Collect$$rtentry$$00000009  c_w.l(__rtentry2.o)
    0x0800014c   0x0800014c   0x00000004   Code   RO          489    .ARM.Collect$$rtentry$$0000000A  c_w.l(__rtentry2.o)
    0x08000150   0x08000150   0x00000000   Code   RO          491    .ARM.Collect$$rtentry$$0000000C  c_w.l(__rtentry2.o)
    0x08000150   0x08000150   0x00000008   Code   RO          492    .ARM.Collect$$rtentry$$0000000D  c_w.l(__rtentry2.o)
    0x08000158   0x08000158   0x00000002   Code   RO          515    .ARM.Collect$$rtexit$$00000000  c_w.l(rtexit.o)
    0x0800015a   0x0800015a   0x00000000   Code   RO          563    .ARM.Collect$$rtexit$$00000002  c_w.l(rtexit2.o)
    0x0800015a   0x0800015a   0x00000004   Code   RO          564    .ARM.Collect$$rtexit$$00000003  c_w.l(rtexit2.o)
    0x0800015e   0x0800015e   0x00000006   Code   RO          565    .ARM.Collect$$rtexit$$00000004  c_w.l(rtexit2.o)
    0x08000164   0x08000164   0x0000007c   Code   RO          115  * .text               startup_mdr1901vc1t.o
    0x080001e0   0x080001e0   0x00000028   Code   RO          430    .text               c_w.l(noretval__2sprintf.o)
    0x08000208   0x08000208   0x0000004e   Code   RO          434    .text               c_w.l(_printf_pad.o)
    0x08000256   0x08000256   0x00000002   PAD
    0x08000258   0x08000258   0x00000078   Code   RO          436    .text               c_w.l(_printf_dec.o)
    0x080002d0   0x080002d0   0x0000010e   Code   RO          446    .text               c_w.l(__printf_wp.o)
    0x080003de   0x080003de   0x00000006   Code   RO          462    .text               c_w.l(heapauxi.o)
    0x080003e4   0x080003e4   0x000000b2   Code   RO          473    .text               c_w.l(_printf_intcommon.o)
    0x08000496   0x08000496   0x00000002   PAD
    0x08000498   0x08000498   0x00000030   Code   RO          475    .text               c_w.l(_printf_char_common.o)
    0x080004c8   0x080004c8   0x0000000a   Code   RO          477    .text               c_w.l(_sputc.o)
    0x080004d2   0x080004d2   0x0000004a   Code   RO          502    .text               c_w.l(sys_stackheap_outer.o)
    0x0800051c   0x0800051c   0x00000012   Code   RO          504    .text               c_w.l(exit.o)
    0x0800052e   0x0800052e   0x00000002   PAD
    0x08000530   0x08000530   0x00000008   Code   RO          512    .text               c_w.l(libspace.o)
    0x08000538   0x08000538   0x0000000c   Code   RO          573    .text               c_w.l(sys_exit.o)
    0x08000544   0x08000544   0x00000002   Code   RO          588    .text               c_w.l(use_no_semi.o)
    0x08000546   0x08000546   0x00000000   Code   RO          590    .text               c_w.l(indicate_semi.o)
    0x08000546   0x08000546   0x00000002   PAD
    0x08000548   0x08000548   0x00000122   Code   RO          137    .text.PORT_Init     mdr32f9qx_port.o
    0x0800066a   0x0800066a   0x00000002   PAD
    0x0800066c   0x0800066c   0x00000004   Code   RO          143    .text.PORT_ReadInputData  mdr32f9qx_port.o
    0x08000670   0x08000670   0x00000018   Code   RO          147    .text.PORT_ResetBits  mdr32f9qx_port.o
    0x08000688   0x08000688   0x00000012   Code   RO          145    .text.PORT_SetBits  mdr32f9qx_port.o
    0x0800069a   0x0800069a   0x00000002   PAD
    0x0800069c   0x0800069c   0x00000014   Code   RO          139    .text.PORT_StructInit  mdr32f9qx_port.o
    0x080006b0   0x080006b0   0x00000012   Code   RO          151    .text.PORT_Write    mdr32f9qx_port.o
    0x080006c2   0x080006c2   0x00000002   PAD
    0x080006c4   0x080006c4   0x00000112   Code   RO          237    .text.RST_CLK_GetClocksFreq  mdr32f9qx_rst_clk.o
    0x080007d6   0x080007d6   0x00000002   PAD
    0x080007d8   0x080007d8   0x0000006e   Code   RO          122    .text.SystemCoreClockUpdate  system_mdr1901vc1t.o
    0x08000846   0x08000846   0x00000002   PAD
    0x08000848   0x08000848   0x0000002a   Code   RO          124    .text.SystemInit    system_mdr1901vc1t.o
    0x08000872   0x08000872   0x00000002   PAD
    0x08000874   0x08000874   0x00000052   Code   RO            6    .text.TIMER1_IRQHandler  main.o
    0x080008c6   0x080008c6   0x00000002   PAD
    0x080008c8   0x080008c8   0x0000006a   Code   RO          375    .text.TIMER_BRGInit  mdr32f9qx_timer.o
    0x08000932   0x08000932   0x00000002   PAD
    0x08000934   0x08000934   0x00000006   Code   RO          367    .text.TIMER_ClearFlag  mdr32f9qx_timer.o
    0x0800093a   0x0800093a   0x00000002   PAD
    0x0800093c   0x0800093c   0x00000010   Code   RO          267    .text.TIMER_Cmd     mdr32f9qx_timer.o
    0x0800094c   0x0800094c   0x00000038   Code   RO          263    .text.TIMER_CntInit  mdr32f9qx_timer.o
    0x08000984   0x08000984   0x00000044   Code   RO          261    .text.TIMER_DeInit  mdr32f9qx_timer.o
    0x080009c8   0x080009c8   0x0000000e   Code   RO          373    .text.TIMER_GetITStatus  mdr32f9qx_timer.o
    0x080009d6   0x080009d6   0x00000002   PAD
    0x080009d8   0x080009d8   0x00000014   Code   RO          371    .text.TIMER_ITConfig  mdr32f9qx_timer.o
    0x080009ec   0x080009ec   0x0000006a   Code   RO          417    .text.UART_BRGInit  mdr32f9qx_uart.o
    0x08000a56   0x08000a56   0x00000002   PAD
    0x08000a58   0x08000a58   0x00000016   Code   RO          391    .text.UART_Cmd      mdr32f9qx_uart.o
    0x08000a6e   0x08000a6e   0x00000002   PAD
    0x08000a70   0x08000a70   0x00000022   Code   RO          385    .text.UART_DeInit   mdr32f9qx_uart.o
    0x08000a92   0x08000a92   0x00000002   PAD
    0x08000a94   0x08000a94   0x0000008e   Code   RO          387    .text.UART_Init     mdr32f9qx_uart.o
    0x08000b22   0x08000b22   0x00000002   PAD
    0x08000b24   0x08000b24   0x00000004   Code   RO          405    .text.UART_SendData  mdr32f9qx_uart.o
    0x08000b28   0x08000b28   0x00000010   Code   RO            4    .text.__NVIC_EnableIRQ  main.o
    0x08000b38   0x08000b38   0x0000001c   Code   RO          103    .text.m_LED_toggle  u_led_func.o
    0x08000b54   0x08000b54   0x00000018   Code   RO           32    .text.m_MLT_Clear_Chip  ulcd_func.o
    0x08000b6c   0x08000b6c   0x00000032   Code   RO           48    .text.m_MLT_Clear_Page  ulcd_func.o
    0x08000b9e   0x08000b9e   0x00000002   PAD
    0x08000ba0   0x08000ba0   0x00000012   Code   RO           34    .text.m_MLT_Delay   ulcd_func.o
    0x08000bb2   0x08000bb2   0x00000002   PAD
    0x08000bb4   0x08000bb4   0x00000096   Code   RO           30    .text.m_MLT_Disp_On  ulcd_func.o
    0x08000c4a   0x08000c4a   0x00000002   PAD
    0x08000c4c   0x08000c4c   0x00000040   Code   RO           22    .text.m_MLT_Init    ulcd_func.o
    0x08000c8c   0x08000c8c   0x00000044   Code   RO           26    .text.m_MLT_LCD_Init  ulcd_func.o
    0x08000cd0   0x08000cd0   0x0000006e   Code   RO           24    .text.m_MLT_Pin_Cfg  ulcd_func.o
    0x08000d3e   0x08000d3e   0x00000002   PAD
    0x08000d40   0x08000d40   0x00000068   Code   RO           50    .text.m_MLT_Put_Char  ulcd_func.o
    0x08000da8   0x08000da8   0x00000036   Code   RO           52    .text.m_MLT_Put_String  ulcd_func.o
    0x08000dde   0x08000dde   0x00000002   PAD
    0x08000de0   0x08000de0   0x00000090   Code   RO           28    .text.m_MLT_Read_Status  ulcd_func.o
    0x08000e70   0x08000e70   0x0000009a   Code   RO           42    .text.m_MLT_Set_Address  ulcd_func.o
    0x08000f0a   0x08000f0a   0x00000002   PAD
    0x08000f0c   0x08000f0c   0x00000018   Code   RO           36    .text.m_MLT_Set_Data_Bits  ulcd_func.o
    0x08000f24   0x08000f24   0x0000009a   Code   RO           40    .text.m_MLT_Set_Page  ulcd_func.o
    0x08000fbe   0x08000fbe   0x00000002   PAD
    0x08000fc0   0x08000fc0   0x00000098   Code   RO           44    .text.m_MLT_Write_Data  ulcd_func.o
    0x08001058   0x08001058   0x0000008a   Code   RO           67    .text.m_UART_Init   uuart_func.o
    0x080010e2   0x080010e2   0x00000002   PAD
    0x080010e4   0x080010e4   0x00000036   Code   RO           97    .text.m_initLEDs    u_led_func.o
    0x0800111a   0x0800111a   0x00000002   PAD
    0x0800111c   0x0800111c   0x00000042   Code   RO           79    .text.m_setUpFreq   urst_clk_init.o
    0x0800115e   0x0800115e   0x00000002   PAD
    0x08001160   0x08001160   0x00000064   Code   RO           88    .text.m_setUpTimer  utimer_init.o
    0x080011c4   0x080011c4   0x000000d4   Code   RO            2    .text.main          main.o
    0x08001298   0x08001298   0x0000000e   Code   RO          448    i._is_digit         c_w.l(__printf_wp.o)
    0x080012a6   0x080012a6   0x00000002   PAD
    0x080012a8   0x080012a8   0x00000036   Code   RO          466    x$fpl$ffix          fz_ws.l(ffix.o)
    0x080012de   0x080012de   0x00000002   PAD
    0x080012e0   0x080012e0   0x00000102   Code   RO          470    x$fpl$fmul          fz_ws.l(fmul.o)
    0x080013e2   0x080013e2   0x0000008c   Code   RO          480    x$fpl$fnaninf       fz_ws.l(fnaninf.o)
    0x0800146e   0x0800146e   0x0000000a   Code   RO          482    x$fpl$fretinf       fz_ws.l(fretinf.o)
    0x08001478   0x08001478   0x00000000   Code   RO          484    x$fpl$usenofp       fz_ws.l(usenofp.o)
    0x08001478   0x08001478   0x00000700   Data   RO           58    .rodata.MLT_Font    ulcd_func.o
    0x08001b78   0x08001b78   0x00000020   Data   RO          646    Region$$Table       anon$$obj.o


    Execution Region ER_RW (Exec base: 0x20000000, Load base: 0x08001b98, Size: 0x00000004, Max: 0xffffffff, ABSOLUTE)

    Exec Addr    Load Addr    Size         Type   Attr      Idx    E Section Name        Object

    0x20000000   0x08001b98   0x00000004   Data   RW          126    .data.SystemCoreClock  system_mdr1901vc1t.o


    Execution Region ER_ZI (Exec base: 0x20000008, Load base: 0x08001b9c, Size: 0x00001478, Max: 0xffffffff, ABSOLUTE)

    Exec Addr    Load Addr    Size         Type   Attr      Idx    E Section Name        Object

    0x20000008        -       0x00000060   Zero   RW          513    .bss                c_w.l(libspace.o)
    0x20000068        -       0x0000000f   Zero   RW           12    .bss.adcString      main.o
    0x20000077   0x08001b9c   0x00000001   PAD
    0x20000078        -       0x00000004   Zero   RW            9    .bss.counter_handler  main.o
    0x2000007c   0x08001b9c   0x00000004   PAD
    0x20000080        -       0x00001000   Zero   RW          113    HEAP                startup_mdr1901vc1t.o
    0x20001080        -       0x00000400   Zero   RW          112    STACK               startup_mdr1901vc1t.o


==============================================================================

Image component sizes


      Code (inc. data)   RO Data    RW Data    ZI Data      Debug   Object Name

       310         76          0          0         19       4786   main.o
       374          0          0          0          0       5598   mdr32f9qx_port.o
       274          0          0          0          0      15260   mdr32f9qx_rst_clk.o
       286          0          0          0          0      23286   mdr32f9qx_timer.o
       308          0          0          0          0       8238   mdr32f9qx_uart.o
       124         26        192          0       5120       2152   startup_mdr1901vc1t.o
       152          0          0          4          0       1624   system_mdr1901vc1t.o
        82          0          0          0          0       3120   u_led_func.o
      1270          0       1792          0          0       8385   ulcd_func.o
        66          0          0          0          0       1390   urst_clk_init.o
       100          0          0          0          0       3452   utimer_init.o
       138          0          0          0          0       5004   uuart_func.o

    ----------------------------------------------------------------------
      3532        102       2016          4       5144      82295   Object Totals
         0          0         32          0          0          0   (incl. Generated)
        48          0          0          0          5          0   (incl. Padding)

    ----------------------------------------------------------------------

      Code (inc. data)   RO Data    RW Data    ZI Data      Debug   Library Member Name

         8          0          0          0          0         68   __main.o
       284          0          0          0          0        156   __printf_wp.o
         0          0          0          0          0          0   __rtentry.o
        12          0          0          0          0          0   __rtentry2.o
         6          0          0          0          0          0   __rtentry4.o
        52          8          0          0          0          0   __scatter.o
        26          0          0          0          0          0   __scatter_copy.o
        28          0          0          0          0          0   __scatter_zi.o
        48          6          0          0          0         96   _printf_char_common.o
         6          0          0          0          0          0   _printf_d.o
       120         16          0          0          0         92   _printf_dec.o
       178          0          0          0          0         88   _printf_intcommon.o
        78          0          0          0          0        108   _printf_pad.o
         0          0          0          0          0          0   _printf_percent.o
         4          0          0          0          0          0   _printf_percent_end.o
        10          0          0          0          0         68   _sputc.o
        18          0          0          0          0         80   exit.o
         6          0          0          0          0        152   heapauxi.o
         0          0          0          0          0          0   indicate_semi.o
         2          0          0          0          0          0   libinit.o
         2          0          0          0          0          0   libinit2.o
         2          0          0          0          0          0   libshutdown.o
         2          0          0          0          0          0   libshutdown2.o
         8          4          0          0         96         68   libspace.o
        40          6          0          0          0         84   noretval__2sprintf.o
         2          0          0          0          0          0   rtexit.o
        10          0          0          0          0          0   rtexit2.o
        12          4          0          0          0         68   sys_exit.o
        74          0          0          0          0         80   sys_stackheap_outer.o
         2          0          0          0          0         68   use_no_semi.o
        54          4          0          0          0         84   ffix.o
       258          4          0          0          0         84   fmul.o
       140          4          0          0          0         84   fnaninf.o
        10          0          0          0          0         68   fretinf.o
         0          0          0          0          0          0   usenofp.o

    ----------------------------------------------------------------------
      1516         56          0          0         96       1596   Library Totals
        14          0          0          0          0          0   (incl. Padding)

    ----------------------------------------------------------------------

      Code (inc. data)   RO Data    RW Data    ZI Data      Debug   Library Name

      1040         44          0          0         96       1276   c_w.l
       462         12          0          0          0        320   fz_ws.l

    ----------------------------------------------------------------------
      1516         56          0          0         96       1596   Library Totals

    ----------------------------------------------------------------------

==============================================================================


      Code (inc. data)   RO Data    RW Data    ZI Data      Debug   

      5048        158       2016          4       5240      82959   Grand Totals
      5048        158       2016          4       5240      82959   ELF Image Totals
      5048        158       2016          4          0          0   ROM Totals

==============================================================================

    Total RO  Size (Code + RO Data)                 7064 (   6.90kB)
    Total RW  Size (RW Data + ZI Data)              5244 (   5.12kB)
    Total ROM Size (Code + RO Data + RW Data)       7068 (   6.90kB)

==============================================================================

